Archive member included to satisfy reference by file (symbol)

/opt/st/stm32cubeide_1.15.0/plugins/com.st.stm32cube.ide.mcu.externaltools.gnu-tools-for-stm32.12.3.rel1.linux64_1.0.100.202403111256/tools/bin/../lib/gcc/arm-none-eabi/12.3.1/../../../../arm-none-eabi/lib/thumb/v8-m.main+fp/hard/libc_nano.a(libc_a-exit.o)
                              /opt/st/stm32cubeide_1.15.0/plugins/com.st.stm32cube.ide.mcu.externaltools.gnu-tools-for-stm32.12.3.rel1.linux64_1.0.100.202403111256/tools/bin/../lib/gcc/arm-none-eabi/12.3.1/../../../../arm-none-eabi/lib/thumb/v8-m.main+fp/hard/crt0.o (exit)
/opt/st/stm32cubeide_1.15.0/plugins/com.st.stm32cube.ide.mcu.externaltools.gnu-tools-for-stm32.12.3.rel1.linux64_1.0.100.202403111256/tools/bin/../lib/gcc/arm-none-eabi/12.3.1/../../../../arm-none-eabi/lib/thumb/v8-m.main+fp/hard/libc_nano.a(libc_a-malloc.o)
                              ./winc1500/driver/source/m2m_wifi.o (malloc)
/opt/st/stm32cubeide_1.15.0/plugins/com.st.stm32cube.ide.mcu.externaltools.gnu-tools-for-stm32.12.3.rel1.linux64_1.0.100.202403111256/tools/bin/../lib/gcc/arm-none-eabi/12.3.1/../../../../arm-none-eabi/lib/thumb/v8-m.main+fp/hard/libc_nano.a(libc_a-mallocr.o)
                              /opt/st/stm32cubeide_1.15.0/plugins/com.st.stm32cube.ide.mcu.externaltools.gnu-tools-for-stm32.12.3.rel1.linux64_1.0.100.202403111256/tools/bin/../lib/gcc/arm-none-eabi/12.3.1/../../../../arm-none-eabi/lib/thumb/v8-m.main+fp/hard/libc_nano.a(libc_a-malloc.o) (_malloc_r)
/opt/st/stm32cubeide_1.15.0/plugins/com.st.stm32cube.ide.mcu.externaltools.gnu-tools-for-stm32.12.3.rel1.linux64_1.0.100.202403111256/tools/bin/../lib/gcc/arm-none-eabi/12.3.1/../../../../arm-none-eabi/lib/thumb/v8-m.main+fp/hard/libc_nano.a(libc_a-mlock.o)
                              /opt/st/stm32cubeide_1.15.0/plugins/com.st.stm32cube.ide.mcu.externaltools.gnu-tools-for-stm32.12.3.rel1.linux64_1.0.100.202403111256/tools/bin/../lib/gcc/arm-none-eabi/12.3.1/../../../../arm-none-eabi/lib/thumb/v8-m.main+fp/hard/libc_nano.a(libc_a-mallocr.o) (__malloc_lock)
/opt/st/stm32cubeide_1.15.0/plugins/com.st.stm32cube.ide.mcu.externaltools.gnu-tools-for-stm32.12.3.rel1.linux64_1.0.100.202403111256/tools/bin/../lib/gcc/arm-none-eabi/12.3.1/../../../../arm-none-eabi/lib/thumb/v8-m.main+fp/hard/libc_nano.a(libc_a-findfp.o)
                              /opt/st/stm32cubeide_1.15.0/plugins/com.st.stm32cube.ide.mcu.externaltools.gnu-tools-for-stm32.12.3.rel1.linux64_1.0.100.202403111256/tools/bin/../lib/gcc/arm-none-eabi/12.3.1/../../../../arm-none-eabi/lib/thumb/v8-m.main+fp/hard/libc_nano.a(libc_a-exit.o) (__stdio_exit_handler)
/opt/st/stm32cubeide_1.15.0/plugins/com.st.stm32cube.ide.mcu.externaltools.gnu-tools-for-stm32.12.3.rel1.linux64_1.0.100.202403111256/tools/bin/../lib/gcc/arm-none-eabi/12.3.1/../../../../arm-none-eabi/lib/thumb/v8-m.main+fp/hard/libc_nano.a(libc_a-fwalk.o)
                              /opt/st/stm32cubeide_1.15.0/plugins/com.st.stm32cube.ide.mcu.externaltools.gnu-tools-for-stm32.12.3.rel1.linux64_1.0.100.202403111256/tools/bin/../lib/gcc/arm-none-eabi/12.3.1/../../../../arm-none-eabi/lib/thumb/v8-m.main+fp/hard/libc_nano.a(libc_a-findfp.o) (_fwalk_sglue)
/opt/st/stm32cubeide_1.15.0/plugins/com.st.stm32cube.ide.mcu.externaltools.gnu-tools-for-stm32.12.3.rel1.linux64_1.0.100.202403111256/tools/bin/../lib/gcc/arm-none-eabi/12.3.1/../../../../arm-none-eabi/lib/thumb/v8-m.main+fp/hard/libc_nano.a(libc_a-printf.o)
                              ./Core/Src/main.o (printf)
/opt/st/stm32cubeide_1.15.0/plugins/com.st.stm32cube.ide.mcu.externaltools.gnu-tools-for-stm32.12.3.rel1.linux64_1.0.100.202403111256/tools/bin/../lib/gcc/arm-none-eabi/12.3.1/../../../../arm-none-eabi/lib/thumb/v8-m.main+fp/hard/libc_nano.a(libc_a-putchar.o)
                              ./winc1500/bus_wrapper/source/nm_bus_wrapper_stm32u5a5.o (putchar)
/opt/st/stm32cubeide_1.15.0/plugins/com.st.stm32cube.ide.mcu.externaltools.gnu-tools-for-stm32.12.3.rel1.linux64_1.0.100.202403111256/tools/bin/../lib/gcc/arm-none-eabi/12.3.1/../../../../arm-none-eabi/lib/thumb/v8-m.main+fp/hard/libc_nano.a(libc_a-puts.o)
                              ./Core/Src/main.o (puts)
/opt/st/stm32cubeide_1.15.0/plugins/com.st.stm32cube.ide.mcu.externaltools.gnu-tools-for-stm32.12.3.rel1.linux64_1.0.100.202403111256/tools/bin/../lib/gcc/arm-none-eabi/12.3.1/../../../../arm-none-eabi/lib/thumb/v8-m.main+fp/hard/libc_nano.a(libc_a-stdio.o)
                              /opt/st/stm32cubeide_1.15.0/plugins/com.st.stm32cube.ide.mcu.externaltools.gnu-tools-for-stm32.12.3.rel1.linux64_1.0.100.202403111256/tools/bin/../lib/gcc/arm-none-eabi/12.3.1/../../../../arm-none-eabi/lib/thumb/v8-m.main+fp/hard/libc_nano.a(libc_a-findfp.o) (__sread)
/opt/st/stm32cubeide_1.15.0/plugins/com.st.stm32cube.ide.mcu.externaltools.gnu-tools-for-stm32.12.3.rel1.linux64_1.0.100.202403111256/tools/bin/../lib/gcc/arm-none-eabi/12.3.1/../../../../arm-none-eabi/lib/thumb/v8-m.main+fp/hard/libc_nano.a(libc_a-wbuf.o)
[...]
Memory Configuration

Name             Origin             Length             Attributes
RAM              0x20000000         0x00270000         xrw
SRAM4            0x28000000         0x00004000         xrw
FLASH            0x08000000         0x00400000         xr
*default*        0x00000000         0xffffffff

Linker script and memory map

LOAD /opt/st/stm32cubeide_1.15.0/plugins/com.st.stm32cube.ide.mcu.externaltools.gnu-tools-for-stm32.12.3.rel1.linux64_1.0.100.202403111256/tools/bin/../lib/gcc/arm-none-eabi/12.3.1/thumb/v8-m.main+fp/hard/crti.o
LOAD /opt/st/stm32cubeide_1.15.0/plugins/com.st.stm32cube.ide.mcu.externaltools.gnu-tools-for-stm32.12.3.rel1.linux64_1.0.100.202403111256/tools/bin/../lib/gcc/arm-none-eabi/12.3.1/thumb/v8-m.main+fp/hard/crtbegin.o
LOAD /opt/st/stm32cubeide_1.15.0/plugins/com.st.stm32cube.ide.mcu.externaltools.gnu-tools-for-stm32.12.3.rel1.linux64_1.0.100.202403111256/tools/bin/../lib/gcc/arm-none-eabi/12.3.1/../../../../arm-none-eabi/lib/thumb/v8-m.main+fp/hard/crt0.o
LOAD ./Core/Src/main.o
LOAD ./Core/Src/stm32u5xx_hal_msp.o
LOAD ./Core/Src/stm32u5xx_it.o
LOAD ./Core/Src/syscalls.o
LOAD ./Core/Src/sysmem.o
LOAD ./Core/Src/system_stm32u5xx.o
LOAD ./Core/Startup/startup_stm32u5a5zjtxq.o
LOAD ./Drivers/BSP/STM32U5xx_Nucleo/stm32u5xx_nucleo.o
LOAD ./Drivers/BSP/STM32U5xx_Nucleo/stm32u5xx_nucleo_usbpd_pwr.o
LOAD ./Drivers/STM32U5xx_HAL_Driver/Src/stm32u5xx_hal.o
LOAD ./Drivers/STM32U5xx_HAL_Driver/Src/stm32u5xx_hal_adc.o
LOAD ./Drivers/STM32U5xx_HAL_Driver/Src/stm32u5xx_hal_adc_ex.o
LOAD ./Drivers/STM32U5xx_HAL_Driver/Src/stm32u5xx_hal_cortex.o
LOAD ./Drivers/STM32U5xx_HAL_Driver/Src/stm32u5xx_hal_cryp.o
LOAD ./Drivers/STM32U5xx_HAL_Driver/Src/stm32u5xx_hal_cryp_ex.o
LOAD ./Drivers/STM32U5xx_HAL_Driver/Src/stm32u5xx_hal_dma.o
LOAD ./Drivers/STM32U5xx_HAL_Driver/Src/stm32u5xx_hal_dma_ex.o
LOAD ./Drivers/STM32U5xx_HAL_Driver/Src/stm32u5xx_hal_exti.o
LOAD ./Drivers/STM32U5xx_HAL_Driver/Src/stm32u5xx_hal_flash.o
LOAD ./Drivers/STM32U5xx_HAL_Driver/Src/stm32u5xx_hal_flash_ex.o
LOAD ./Drivers/STM32U5xx_HAL_Driver/Src/stm32u5xx_hal_gpio.o
LOAD ./Drivers/STM32U5xx_HAL_Driver/Src/stm32u5xx_hal_gtzc.o
LOAD ./Drivers/STM32U5xx_HAL_Driver/Src/stm32u5xx_hal_i2c.o
LOAD ./Drivers/STM32U5xx_HAL_Driver/Src/stm32u5xx_hal_i2c_ex.o
LOAD ./Drivers/STM32U5xx_HAL_Driver/Src/stm32u5xx_hal_icache.o
LOAD ./Drivers/STM32U5xx_HAL_Driver/Src/stm32u5xx_hal_pwr.o
LOAD ./Drivers/STM32U5xx_HAL_Driver/Src/stm32u5xx_hal_pwr_ex.o
LOAD ./Drivers/STM32U5xx_HAL_Driver/Src/stm32u5xx_hal_rcc.o
LOAD ./Drivers/STM32U5xx_HAL_Driver/Src/stm32u5xx_hal_rcc_ex.o
LOAD ./Drivers/STM32U5xx_HAL_Driver/Src/stm32u5xx_hal_spi.o
LOAD ./Drivers/STM32U5xx_HAL_Driver/Src/stm32u5xx_hal_spi_ex.o
LOAD ./Drivers/STM32U5xx_HAL_Driver/Src/stm32u5xx_hal_tim.o
LOAD ./Drivers/STM32U5xx_HAL_Driver/Src/stm32u5xx_hal_tim_ex.o
LOAD ./Drivers/STM32U5xx_HAL_Driver/Src/stm32u5xx_hal_uart.o
LOAD ./Drivers/STM32U5xx_HAL_Driver/Src/stm32u5xx_hal_uart_ex.o
LOAD ./winc1500/bsp/source/nm_bsp_stm32u5a5.o
LOAD ./winc1500/bus_wrapper/source/nm_bus_wrapper_stm32u5a5.o
LOAD ./winc1500/common/source/nm_common.o
LOAD ./winc1500/driver/source/m2m_ate_mode.o
LOAD ./winc1500/driver/source/m2m_crypto.o
LOAD ./winc1500/driver/source/m2m_hif.o
LOAD ./winc1500/driver/source/m2m_ota.o
LOAD ./winc1500/driver/source/m2m_periph.o
LOAD ./winc1500/driver/source/m2m_ssl.o
LOAD ./winc1500/driver/source/m2m_wifi.o
LOAD ./winc1500/driver/source/nmasic.o
LOAD ./winc1500/driver/source/nmbus.o
LOAD ./winc1500/driver/source/nmdrv.o
LOAD ./winc1500/driver/source/nmspi.o
LOAD ./winc1500/socket/source/socket.o
LOAD ./winc1500/spi_flash/source/flexible_flash.o
LOAD ./winc1500/spi_flash/source/spi_flash.o
START GROUP
LOAD /opt/st/stm32cubeide_1.15.0/plugins/com.st.stm32cube.ide.mcu.externaltools.gnu-tools-for-stm32.12.3.rel1.linux64_1.0.100.202403111256/tools/bin/../lib/gcc/arm-none-eabi/12.3.1/../../../../arm-none-eabi/lib/thumb/v8-m.main+fp/hard/libc_nano.a
LOAD /opt/st/stm32cubeide_1.15.0/plugins/com.st.stm32cube.ide.mcu.externaltools.gnu-tools-for-stm32.12.3.rel1.linux64_1.0.100.202403111256/tools/bin/../lib/gcc/arm-none-eabi/12.3.1/../../../../arm-none-eabi/lib/thumb/v8-m.main+fp/hard/libm.a
END GROUP
START GROUP
LOAD /opt/st/stm32cubeide_1.15.0/plugins/com.st.stm32cube.ide.mcu.externaltools.gnu-tools-for-stm32.12.3.rel1.linux64_1.0.100.202403111256/tools/bin/../lib/gcc/arm-none-eabi/12.3.1/thumb/v8-m.main+fp/hard/libgcc.a
LOAD /opt/st/stm32cubeide_1.15.0/plugins/com.st.stm32cube.ide.mcu.externaltools.gnu-tools-for-stm32.12.3.rel1.linux64_1.0.100.202403111256/tools/bin/../lib/gcc/arm-none-eabi/12.3.1/../../../../arm-none-eabi/lib/thumb/v8-m.main+fp/hard/libc_nano.a
END GROUP
START GROUP
LOAD /opt/st/stm32cubeide_1.15.0/plugins/com.st.stm32cube.ide.mcu.externaltools.gnu-tools-for-stm32.12.3.rel1.linux64_1.0.100.202403111256/tools/bin/../lib/gcc/arm-none-eabi/12.3.1/thumb/v8-m.main+fp/hard/libgcc.a
LOAD /opt/st/stm32cubeide_1.15.0/plugins/com.st.stm32cube.ide.mcu.externaltools.gnu-tools-for-stm32.12.3.rel1.linux64_1.0.100.202403111256/tools/bin/../lib/gcc/arm-none-eabi/12.3.1/../../../../arm-none-eabi/lib/thumb/v8-m.main+fp/hard/libc_nano.a
LOAD /opt/st/stm32cubeide_1.15.0/plugins/com.st.stm32cube.ide.mcu.externaltools.gnu-tools-for-stm32.12.3.rel1.linux64_1.0.100.202403111256/tools/bin/../lib/gcc/arm-none-eabi/12.3.1/../../../../arm-none-eabi/lib/thumb/v8-m.main+fp/hard/libnosys.a
END GROUP
START GROUP
LOAD /opt/st/stm32cubeide_1.15.0/plugins/com.st.stm32cube.ide.mcu.externaltools.gnu-tools-for-stm32.12.3.rel1.linux64_1.0.100.202403111256/tools/bin/../lib/gcc/arm-none-eabi/12.3.1/thumb/v8-m.main+fp/hard/libgcc.a
LOAD /opt/st/stm32cubeide_1.15.0/plugins/com.st.stm32cube.ide.mcu.externaltools.gnu-tools-for-stm32.12.3.rel1.linux64_1.0.100.202403111256/tools/bin/../lib/gcc/arm-none-eabi/12.3.1/../../../../arm-none-eabi/lib/thumb/v8-m.main+fp/hard/libc_nano.a
LOAD /opt/st/stm32cubeide_1.15.0/plugins/com.st.stm32cube.ide.mcu.externaltools.gnu-tools-for-stm32.12.3.rel1.linux64_1.0.100.202403111256/tools/bin/../lib/gcc/arm-none-eabi/12.3.1/../../../../arm-none-eabi/lib/thumb/v8-m.main+fp/hard/libnosys.a
END GROUP
LOAD /opt/st/stm32cubeide_1.15.0/plugins/com.st.stm32cube.ide.mcu.externaltools.gnu-tools-for-stm32.12.3.rel1.linux64_1.0.100.202403111256/tools/bin/../lib/gcc/arm-none-eabi/12.3.1/thumb/v8-m.main+fp/hard/crtend.o
LOAD /opt/st/stm32cubeide_1.15.0/plugins/com.st.stm32cube.ide.mcu.externaltools.gnu-tools-for-stm32.12.3.rel1.linux64_1.0.100.202403111256/tools/bin/../lib/gcc/arm-none-eabi/12.3.1/thumb/v8-m.main+fp/hard/crtn.o
                0x20270000                        _estack = (ORIGIN (RAM) + LENGTH (RAM))
                0x00000200                        _Min_Heap_Size = 0x200
                0x00000400                        _Min_Stack_Size = 0x400

.isr_vector     0x08000000      0x250
 *(.isr_vector)
 .isr_vector    0x08000000      0x250 ./Core/Startup/startup_stm32u5a5zjtxq.o
                0x08000000                g_pfnVectors

.text           0x08000250     0xd568
 *(.text)
 .text          0x08000250       0x40 /opt/st/stm32cubeide_1.15.0/plugins/com.st.stm32cube.ide.mcu.externaltools.gnu-tools-for-stm32.12.3.rel1.linux64_1.0.100.202403111256/tools/bin/../lib/gcc/arm-none-eabi/12.3.1/thumb/v8-m.main+fp/hard/crtbegin.o
 .text          0x08000290       0x30 /opt/st/stm32cubeide_1.15.0/plugins/com.st.stm32cube.ide.mcu.externaltools.gnu-tools-for-stm32.12.3.rel1.linux64_1.0.100.202403111256/tools/bin/../lib/gcc/arm-none-eabi/12.3.1/thumb/v8-m.main+fp/hard/libgcc.a(_aeabi_uldivmod.o)
                0x08000290                __aeabi_uldivmod
 .text          0x080002c0      0x2e4 /opt/st/stm32cubeide_1.15.0/plugins/com.st.stm32cube.ide.mcu.externaltools.gnu-tools-for-stm32.12.3.rel1.linux64_1.0.100.202403111256/tools/bin/../lib/gcc/arm-none-eabi/12.3.1/thumb/v8-m.main+fp/hard/libgcc.a(_udivmoddi4.o)
                0x080002c0                __udivmoddi4
 .text          0x080005a4        0x4 /opt/st/stm32cubeide_1.15.0/plugins/com.st.stm32cube.ide.mcu.externaltools.gnu-tools-for-stm32.12.3.rel1.linux64_1.0.100.202403111256/tools/bin/../lib/gcc/arm-none-eabi/12.3.1/thumb/v8-m.main+fp/hard/libgcc.a(_dvmd_tls.o)
                0x080005a4                __aeabi_ldiv0
                0x080005a4                __aeabi_idiv0
 *(.text*)
 .text.EXTI12_IRQHandler
                0x080005a8       0x38 ./Core/Src/main.o
                0x080005a8                EXTI12_IRQHandler
 .text.wifi_cb  0x080005e0       0x7c ./Core/Src/main.o
 .text.main     0x0800065c      0x1b8 ./Core/Src/main.o
                0x0800065c                main
 .text.SystemClock_Config
                0x08000814       0x9c ./Core/Src/main.o
 .text.SystemPower_Config
                0x080008b0       0x2e ./Core/Src/main.o
 *fill*         0x080008de        0x2 
 .text.MX_ADC1_Init
                0x080008e0       0xe0 ./Core/Src/main.o
 .text.MX_AES_Init
                0x080009c0       0x74 ./Core/Src/main.o
 .text.MX_I2C1_Init
                0x08000a34       0x7c ./Core/Src/main.o
 .text.MX_ICACHE_Init
                0x08000ab0       0x26 ./Core/Src/main.o
 *fill*         0x08000ad6        0x2 
 .text.MX_SPI1_Init
                0x08000ad8       0xdc ./Core/Src/main.o
 .text.MX_UART4_Init
                0x08000bb4       0x98 ./Core/Src/main.o
 .text.MX_USART1_UART_Init
                0x08000c4c       0x98 ./Core/Src/main.o
 .text.MX_GPIO_Init
                0x08000ce4      0x164 ./Core/Src/main.o
 .text.Error_Handler
                0x08000e48        0xc ./Core/Src/main.o
                0x08000e48                Error_Handler
 .text.HAL_MspInit
                0x08000e54       0x34 ./Core/Src/stm32u5xx_hal_msp.o
                0x08000e54                HAL_MspInit
 .text.HAL_ADC_MspInit
                0x08000e88       0xc8 ./Core/Src/stm32u5xx_hal_msp.o
                0x08000e88                HAL_ADC_MspInit
 .text.HAL_CRYP_MspInit
                0x08000f50       0x44 ./Core/Src/stm32u5xx_hal_msp.o
                0x08000f50                HAL_CRYP_MspInit
 .text.HAL_I2C_MspInit
                0x08000f94       0xd4 ./Core/Src/stm32u5xx_hal_msp.o
                0x08000f94                HAL_I2C_MspInit
 .text.HAL_SPI_MspInit
                0x08001068       0xd4 ./Core/Src/stm32u5xx_hal_msp.o
                0x08001068                HAL_SPI_MspInit
 .text.HAL_UART_MspInit
                0x0800113c      0x194 ./Core/Src/stm32u5xx_hal_msp.o
                0x0800113c                HAL_UART_MspInit
 .text.NMI_Handler
                0x080012d0        0x8 ./Core/Src/stm32u5xx_it.o
                0x080012d0                NMI_Handler
 .text.HardFault_Handler
                0x080012d8        0x8 ./Core/Src/stm32u5xx_it.o
                0x080012d8                HardFault_Handler
 .text.MemManage_Handler
                0x080012e0        0x8 ./Core/Src/stm32u5xx_it.o
                0x080012e0                MemManage_Handler
 .text.BusFault_Handler
                0x080012e8        0x8 ./Core/Src/stm32u5xx_it.o
                0x080012e8                BusFault_Handler
 .text.UsageFault_Handler
                0x080012f0        0x8 ./Core/Src/stm32u5xx_it.o
                0x080012f0                UsageFault_Handler
 .text.SVC_Handler
                0x080012f8        0xe ./Core/Src/stm32u5xx_it.o
                0x080012f8                SVC_Handler
 .text.DebugMon_Handler
                0x08001306        0xe ./Core/Src/stm32u5xx_it.o
                0x08001306                DebugMon_Handler
 .text.PendSV_Handler
                0x08001314        0xe ./Core/Src/stm32u5xx_it.o
                0x08001314                PendSV_Handler
 .text.SysTick_Handler
                0x08001322        0xc ./Core/Src/stm32u5xx_it.o
                0x08001322                SysTick_Handler
 .text._read    0x0800132e       0x3a ./Core/Src/syscalls.o
                0x0800132e                _read
 .text._write   0x08001368       0x38 ./Core/Src/syscalls.o
                0x08001368                _write
 .text._close   0x080013a0       0x18 ./Core/Src/syscalls.o
                0x080013a0                _close
 .text._fstat   0x080013b8       0x20 ./Core/Src/syscalls.o
                0x080013b8                _fstat
 .text._isatty  0x080013d8       0x16 ./Core/Src/syscalls.o
                0x080013d8                _isatty
 .text._lseek   0x080013ee       0x1a ./Core/Src/syscalls.o
                0x080013ee                _lseek
 .text._sbrk    0x08001408       0x6c ./Core/Src/sysmem.o
                0x08001408                _sbrk
 .text.SystemInit
                0x08001474       0x70 ./Core/Src/system_stm32u5xx.o
                0x08001474                SystemInit
 .text.Reset_Handler
                0x080014e4       0x50 ./Core/Startup/startup_stm32u5a5zjtxq.o
                0x080014e4                Reset_Handler
 .text.Default_Handler
                0x08001534        0x2 ./Core/Startup/startup_stm32u5a5zjtxq.o
                0x08001534                EXTI2_IRQHandler
                0x08001534                TIM8_TRG_COM_IRQHandler
                0x08001534                TIM8_CC_IRQHandler
                0x08001534                EXTI5_IRQHandler
                0x08001534                FLASH_S_IRQHandler
                0x08001534                EXTI13_IRQHandler
                0x08001534                TIM1_CC_IRQHandler
                0x08001534                TSC_IRQHandler
                0x08001534                TAMP_IRQHandler
                0x08001534                TIM6_IRQHandler
                0x08001534                CORDIC_IRQHandler
                0x08001534                EXTI3_IRQHandler
                0x08001534                LPTIM4_IRQHandler
                0x08001534                GPDMA1_Channel5_IRQHandler
                0x08001534                EXTI8_IRQHandler
                0x08001534                LPTIM2_IRQHandler
                0x08001534                I2C3_ER_IRQHandler
                0x08001534                I2C5_EV_IRQHandler
                0x08001534                PWR_S3WU_IRQHandler
                0x08001534                MDF1_FLT2_IRQHandler
                0x08001534                LPDMA1_Channel3_IRQHandler
                0x08001534                LPTIM3_IRQHandler
                0x08001534                EXTI0_IRQHandler
                0x08001534                I2C2_EV_IRQHandler
                0x08001534                FPU_IRQHandler
                0x08001534                GPDMA1_Channel3_IRQHandler
                0x08001534                GPDMA1_Channel7_IRQHandler
                0x08001534                MDF1_FLT4_IRQHandler
                0x08001534                FDCAN1_IT1_IRQHandler
                0x08001534                RAMCFG_IRQHandler
                0x08001534                ADC1_2_IRQHandler
                0x08001534                GPDMA1_Channel9_IRQHandler
                0x08001534                DCACHE1_IRQHandler
                0x08001534                SPI1_IRQHandler
                0x08001534                OCTOSPI1_IRQHandler
                0x08001534                GPDMA1_Channel2_IRQHandler
                0x08001534                TIM8_UP_IRQHandler
                0x08001534                RCC_S_IRQHandler
                0x08001534                OCTOSPI2_IRQHandler
                0x08001534                SAI2_IRQHandler
                0x08001534                MDF1_FLT1_IRQHandler
                0x08001534                PKA_IRQHandler
                0x08001534                USART6_IRQHandler
                0x08001534                MDF1_FLT5_IRQHandler
                0x08001534                EXTI15_IRQHandler
                0x08001534                TIM17_IRQHandler
                0x08001534                USART3_IRQHandler
                0x08001534                RTC_IRQHandler
                0x08001534                EXTI9_IRQHandler
                0x08001534                HSPI1_IRQHandler
                0x08001534                UART5_IRQHandler
                0x08001534                TIM4_IRQHandler
                0x08001534                I2C1_EV_IRQHandler
                0x08001534                GPDMA1_Channel12_IRQHandler
                0x08001534                GPDMA1_Channel1_IRQHandler
                0x08001534                TIM16_IRQHandler
                0x08001534                GPDMA1_Channel15_IRQHandler
                0x08001534                UART4_IRQHandler
                0x08001534                SecureFault_Handler
                0x08001534                TIM3_IRQHandler
                0x08001534                RCC_IRQHandler
                0x08001534                TIM1_TRG_COM_IRQHandler
                0x08001534                Default_Handler
                0x08001534                GPDMA1_Channel8_IRQHandler
                0x08001534                FMAC_IRQHandler
                0x08001534                I2C5_ER_IRQHandler
                0x08001534                OTFDEC1_IRQHandler
                0x08001534                GPDMA1_Channel11_IRQHandler
                0x08001534                TIM7_IRQHandler
                0x08001534                SDMMC1_IRQHandler
                0x08001534                SAES_IRQHandler
                0x08001534                TIM5_IRQHandler
                0x08001534                UCPD1_IRQHandler
                0x08001534                GPDMA1_Channel0_IRQHandler
                0x08001534                TIM15_IRQHandler
                0x08001534                I2C3_EV_IRQHandler
                0x08001534                LPDMA1_Channel0_IRQHandler
                0x08001534                PVD_PVM_IRQHandler
                0x08001534                SPI2_IRQHandler
                0x08001534                LPDMA1_Channel1_IRQHandler
                0x08001534                EXTI14_IRQHandler
                0x08001534                EXTI11_IRQHandler
                0x08001534                OTFDEC2_IRQHandler
                0x08001534                CRS_IRQHandler
                0x08001534                GPDMA1_Channel14_IRQHandler
                0x08001534                LSECSSD_IRQHandler
                0x08001534                EXTI4_IRQHandler
                0x08001534                RTC_S_IRQHandler
                0x08001534                GPDMA1_Channel13_IRQHandler
                0x08001534                RNG_IRQHandler
                0x08001534                COMP_IRQHandler
                0x08001534                TIM1_UP_IRQHandler
                0x08001534                ADC4_IRQHandler
                0x08001534                WWDG_IRQHandler
                0x08001534                I2C4_EV_IRQHandler
                0x08001534                ADF1_IRQHandler
                0x08001534                IWDG_IRQHandler
                0x08001534                I2C6_ER_IRQHandler
                0x08001534                LPUART1_IRQHandler
                0x08001534                MDF1_FLT0_IRQHandler
                0x08001534                FDCAN1_IT0_IRQHandler
                0x08001534                TIM2_IRQHandler
                0x08001534                GPDMA1_Channel4_IRQHandler
                0x08001534                OTG_HS_IRQHandler
                0x08001534                EXTI7_IRQHandler
                0x08001534                DMA2D_IRQHandler
                0x08001534                TIM1_BRK_IRQHandler
                0x08001534                EXTI1_IRQHandler
                0x08001534                SDMMC2_IRQHandler
                0x08001534                AES_IRQHandler
                0x08001534                DAC1_IRQHandler
                0x08001534                GTZC_IRQHandler
                0x08001534                MDF1_FLT3_IRQHandler
                0x08001534                USART2_IRQHandler
                0x08001534                I2C6_EV_IRQHandler
                0x08001534                GPDMA1_Channel6_IRQHandler
                0x08001534                I2C2_ER_IRQHandler
                0x08001534                TIM8_BRK_IRQHandler
                0x08001534                FLASH_IRQHandler
                0x08001534                USART1_IRQHandler
                0x08001534                EXTI10_IRQHandler
                0x08001534                SPI3_IRQHandler
                0x08001534                LPDMA1_Channel2_IRQHandler
                0x08001534                I2C1_ER_IRQHandler
                0x08001534                FMC_IRQHandler
                0x08001534                EXTI6_IRQHandler
                0x08001534                LPTIM1_IRQHandler
                0x08001534                DCMI_PSSI_IRQHandler
                0x08001534                I2C4_ER_IRQHandler
                0x08001534                GPDMA1_Channel10_IRQHandler
                0x08001534                ICACHE_IRQHandler
                0x08001534                SAI1_IRQHandler
                0x08001534                HASH_IRQHandler
 *fill*         0x08001536        0x2 
 .text.HAL_Init
                0x08001538       0x60 ./Drivers/STM32U5xx_HAL_Driver/Src/stm32u5xx_hal.o
                0x08001538                HAL_Init
 .text.HAL_InitTick
                0x08001598       0xec ./Drivers/STM32U5xx_HAL_Driver/Src/stm32u5xx_hal.o
                0x08001598                HAL_InitTick
 .text.HAL_IncTick
                0x08001684       0x28 ./Drivers/STM32U5xx_HAL_Driver/Src/stm32u5xx_hal.o
                0x08001684                HAL_IncTick
 .text.HAL_GetTick
                0x080016ac       0x18 ./Drivers/STM32U5xx_HAL_Driver/Src/stm32u5xx_hal.o
                0x080016ac                HAL_GetTick
 .text.HAL_Delay
                0x080016c4       0x48 ./Drivers/STM32U5xx_HAL_Driver/Src/stm32u5xx_hal.o
                0x080016c4                HAL_Delay
 .text.LL_ADC_SetCommonClock
                0x0800170c       0x26 ./Drivers/STM32U5xx_HAL_Driver/Src/stm32u5xx_hal_adc.o
 .text.LL_ADC_SetCommonPathInternalCh
                0x08001732       0x26 ./Drivers/STM32U5xx_HAL_Driver/Src/stm32u5xx_hal_adc.o
 .text.LL_ADC_GetCommonPathInternalCh
                0x08001758       0x1c ./Drivers/STM32U5xx_HAL_Driver/Src/stm32u5xx_hal_adc.o
 .text.LL_ADC_SetResolution
                0x08001774       0x40 ./Drivers/STM32U5xx_HAL_Driver/Src/stm32u5xx_hal_adc.o
 .text.LL_ADC_SetOffset
                0x080017b4       0x42 ./Drivers/STM32U5xx_HAL_Driver/Src/stm32u5xx_hal_adc.o
 .text.LL_ADC_GetOffsetChannel
                0x080017f6       0x2c ./Drivers/STM32U5xx_HAL_Driver/Src/stm32u5xx_hal_adc.o
 .text.LL_ADC_SetOffsetSign
                0x08001822       0x36 ./Drivers/STM32U5xx_HAL_Driver/Src/stm32u5xx_hal_adc.o
 .text.LL_ADC_SetOffsetSignedSaturation
                0x08001858       0x36 ./Drivers/STM32U5xx_HAL_Driver/Src/stm32u5xx_hal_adc.o
 .text.LL_ADC_SetOffsetUnsignedSaturation
                0x0800188e       0x36 ./Drivers/STM32U5xx_HAL_Driver/Src/stm32u5xx_hal_adc.o
 .text.LL_ADC_SetGainCompensation
                0x080018c4       0x46 ./Drivers/STM32U5xx_HAL_Driver/Src/stm32u5xx_hal_adc.o
 .text.LL_ADC_SetSamplingTimeCommonChannels
                0x0800190a       0x3e ./Drivers/STM32U5xx_HAL_Driver/Src/stm32u5xx_hal_adc.o
 .text.LL_ADC_REG_SetSequencerRanks
                0x08001948       0xc0 ./Drivers/STM32U5xx_HAL_Driver/Src/stm32u5xx_hal_adc.o
 .text.LL_ADC_REG_SetSequencerChAdd
                0x08001a08       0x66 ./Drivers/STM32U5xx_HAL_Driver/Src/stm32u5xx_hal_adc.o
 .text.LL_ADC_REG_SetSequencerChRem
                0x08001a6e       0x30 ./Drivers/STM32U5xx_HAL_Driver/Src/stm32u5xx_hal_adc.o
 *fill*         0x08001a9e        0x2 
 .text.LL_ADC_SetChannelSamplingTime
                0x08001aa0       0xc8 ./Drivers/STM32U5xx_HAL_Driver/Src/stm32u5xx_hal_adc.o
 .text.LL_ADC_SetChannelSingleDiff
                0x08001b68       0x48 ./Drivers/STM32U5xx_HAL_Driver/Src/stm32u5xx_hal_adc.o
 .text.LL_ADC_DisableDeepPowerDown
                0x08001bb0       0x24 ./Drivers/STM32U5xx_HAL_Driver/Src/stm32u5xx_hal_adc.o
 .text.LL_ADC_IsDeepPowerDownEnabled
                0x08001bd4       0x28 ./Drivers/STM32U5xx_HAL_Driver/Src/stm32u5xx_hal_adc.o
 .text.LL_ADC_EnableInternalRegulator
                0x08001bfc       0x28 ./Drivers/STM32U5xx_HAL_Driver/Src/stm32u5xx_hal_adc.o
 .text.LL_ADC_IsInternalRegulatorEnabled
                0x08001c24       0x28 ./Drivers/STM32U5xx_HAL_Driver/Src/stm32u5xx_hal_adc.o
 .text.LL_ADC_IsEnabled
                0x08001c4c       0x26 ./Drivers/STM32U5xx_HAL_Driver/Src/stm32u5xx_hal_adc.o
 .text.LL_ADC_REG_IsConversionOngoing
                0x08001c72       0x26 ./Drivers/STM32U5xx_HAL_Driver/Src/stm32u5xx_hal_adc.o
 .text.LL_ADC_INJ_IsConversionOngoing
                0x08001c98       0x26 ./Drivers/STM32U5xx_HAL_Driver/Src/stm32u5xx_hal_adc.o
 *fill*         0x08001cbe        0x2 
 .text.HAL_ADC_Init
                0x08001cc0      0x5d0 ./Drivers/STM32U5xx_HAL_Driver/Src/stm32u5xx_hal_adc.o
                0x08001cc0                HAL_ADC_Init
 .text.HAL_ADC_ConfigChannel
                0x08002290      0xc3c ./Drivers/STM32U5xx_HAL_Driver/Src/stm32u5xx_hal_adc.o
                0x08002290                HAL_ADC_ConfigChannel
 .text.__NVIC_SetPriorityGrouping
                0x08002ecc       0x48 ./Drivers/STM32U5xx_HAL_Driver/Src/stm32u5xx_hal_cortex.o
 .text.__NVIC_GetPriorityGrouping
                0x08002f14       0x1c ./Drivers/STM32U5xx_HAL_Driver/Src/stm32u5xx_hal_cortex.o
 .text.__NVIC_EnableIRQ
                0x08002f30       0x3c ./Drivers/STM32U5xx_HAL_Driver/Src/stm32u5xx_hal_cortex.o
 .text.__NVIC_DisableIRQ
                0x08002f6c       0x48 ./Drivers/STM32U5xx_HAL_Driver/Src/stm32u5xx_hal_cortex.o
 .text.__NVIC_SetPriority
                0x08002fb4       0x54 ./Drivers/STM32U5xx_HAL_Driver/Src/stm32u5xx_hal_cortex.o
 .text.NVIC_EncodePriority
                0x08003008       0x66 ./Drivers/STM32U5xx_HAL_Driver/Src/stm32u5xx_hal_cortex.o
 .text.HAL_NVIC_SetPriorityGrouping
                0x0800306e       0x16 ./Drivers/STM32U5xx_HAL_Driver/Src/stm32u5xx_hal_cortex.o
                0x0800306e                HAL_NVIC_SetPriorityGrouping
 .text.HAL_NVIC_SetPriority
                0x08003084       0x34 ./Drivers/STM32U5xx_HAL_Driver/Src/stm32u5xx_hal_cortex.o
                0x08003084                HAL_NVIC_SetPriority
 .text.HAL_NVIC_EnableIRQ
                0x080030b8       0x1c ./Drivers/STM32U5xx_HAL_Driver/Src/stm32u5xx_hal_cortex.o
                0x080030b8                HAL_NVIC_EnableIRQ
 .text.HAL_NVIC_DisableIRQ
                0x080030d4       0x1c ./Drivers/STM32U5xx_HAL_Driver/Src/stm32u5xx_hal_cortex.o
                0x080030d4                HAL_NVIC_DisableIRQ
 .text.HAL_SYSTICK_Config
                0x080030f0       0x44 ./Drivers/STM32U5xx_HAL_Driver/Src/stm32u5xx_hal_cortex.o
                0x080030f0                HAL_SYSTICK_Config
 .text.HAL_SYSTICK_CLKSourceConfig
                0x08003134       0xb0 ./Drivers/STM32U5xx_HAL_Driver/Src/stm32u5xx_hal_cortex.o
                0x08003134                HAL_SYSTICK_CLKSourceConfig
 .text.HAL_SYSTICK_GetCLKSourceConfig
                0x080031e4       0x74 ./Drivers/STM32U5xx_HAL_Driver/Src/stm32u5xx_hal_cortex.o
                0x080031e4                HAL_SYSTICK_GetCLKSourceConfig
 .text.HAL_CRYP_Init
                0x08003258      0x178 ./Drivers/STM32U5xx_HAL_Driver/Src/stm32u5xx_hal_cryp.o
                0x08003258                HAL_CRYP_Init
 .text.HAL_GPIO_Init
                0x080033d0      0x3b0 ./Drivers/STM32U5xx_HAL_Driver/Src/stm32u5xx_hal_gpio.o
                0x080033d0                HAL_GPIO_Init
 .text.HAL_GPIO_WritePin
                0x08003780       0x30 ./Drivers/STM32U5xx_HAL_Driver/Src/stm32u5xx_hal_gpio.o
                0x08003780                HAL_GPIO_WritePin
 .text.HAL_GPIO_EXTI_IRQHandler
                0x080037b0       0x4c ./Drivers/STM32U5xx_HAL_Driver/Src/stm32u5xx_hal_gpio.o
                0x080037b0                HAL_GPIO_EXTI_IRQHandler
 .text.HAL_GPIO_EXTI_Rising_Callback
                0x080037fc       0x16 ./Drivers/STM32U5xx_HAL_Driver/Src/stm32u5xx_hal_gpio.o
                0x080037fc                HAL_GPIO_EXTI_Rising_Callback
 .text.HAL_GPIO_EXTI_Falling_Callback
                0x08003812       0x16 ./Drivers/STM32U5xx_HAL_Driver/Src/stm32u5xx_hal_gpio.o
                0x08003812                HAL_GPIO_EXTI_Falling_Callback
 .text.HAL_I2C_Init
                0x08003828      0x136 ./Drivers/STM32U5xx_HAL_Driver/Src/stm32u5xx_hal_i2c.o
                0x08003828                HAL_I2C_Init
 .text.HAL_I2CEx_ConfigAnalogFilter
                0x0800395e       0x96 ./Drivers/STM32U5xx_HAL_Driver/Src/stm32u5xx_hal_i2c_ex.o
                0x0800395e                HAL_I2CEx_ConfigAnalogFilter
 .text.HAL_I2CEx_ConfigDigitalFilter
                0x080039f4       0x98 ./Drivers/STM32U5xx_HAL_Driver/Src/stm32u5xx_hal_i2c_ex.o
                0x080039f4                HAL_I2CEx_ConfigDigitalFilter
 .text.HAL_ICACHE_ConfigAssociativityMode
                0x08003a8c       0x40 ./Drivers/STM32U5xx_HAL_Driver/Src/stm32u5xx_hal_icache.o
                0x08003a8c                HAL_ICACHE_ConfigAssociativityMode
 .text.HAL_ICACHE_Enable
                0x08003acc       0x20 ./Drivers/STM32U5xx_HAL_Driver/Src/stm32u5xx_hal_icache.o
                0x08003acc                HAL_ICACHE_Enable
 .text.HAL_PWR_ConfigPVD
                0x08003aec       0xdc ./Drivers/STM32U5xx_HAL_Driver/Src/stm32u5xx_hal_pwr.o
                0x08003aec                HAL_PWR_ConfigPVD
 .text.HAL_PWR_EnablePVD
                0x08003bc8       0x20 ./Drivers/STM32U5xx_HAL_Driver/Src/stm32u5xx_hal_pwr.o
                0x08003bc8                HAL_PWR_EnablePVD
 .text.HAL_PWREx_ControlVoltageScaling
                0x08003be8       0xfc ./Drivers/STM32U5xx_HAL_Driver/Src/stm32u5xx_hal_pwr_ex.o
                0x08003be8                HAL_PWREx_ControlVoltageScaling
 .text.HAL_PWREx_GetVoltageRange
                0x08003ce4       0x1c ./Drivers/STM32U5xx_HAL_Driver/Src/stm32u5xx_hal_pwr_ex.o
                0x08003ce4                HAL_PWREx_GetVoltageRange
 .text.HAL_PWREx_EnableVddIO2
                0x08003d00       0x20 ./Drivers/STM32U5xx_HAL_Driver/Src/stm32u5xx_hal_pwr_ex.o
                0x08003d00                HAL_PWREx_EnableVddIO2
 .text.HAL_PWREx_EnableVddA
                0x08003d20       0x20 ./Drivers/STM32U5xx_HAL_Driver/Src/stm32u5xx_hal_pwr_ex.o
                0x08003d20                HAL_PWREx_EnableVddA
 .text.HAL_RCC_OscConfig
                0x08003d40      0xdb8 ./Drivers/STM32U5xx_HAL_Driver/Src/stm32u5xx_hal_rcc.o
                0x08003d40                HAL_RCC_OscConfig
 .text.HAL_RCC_ClockConfig
                0x08004af8      0x3e4 ./Drivers/STM32U5xx_HAL_Driver/Src/stm32u5xx_hal_rcc.o
                0x08004af8                HAL_RCC_ClockConfig
 .text.HAL_RCC_GetSysClockFreq
                0x08004edc      0x204 ./Drivers/STM32U5xx_HAL_Driver/Src/stm32u5xx_hal_rcc.o
                0x08004edc                HAL_RCC_GetSysClockFreq
 .text.HAL_RCC_GetHCLKFreq
                0x080050e0       0x34 ./Drivers/STM32U5xx_HAL_Driver/Src/stm32u5xx_hal_rcc.o
                0x080050e0                HAL_RCC_GetHCLKFreq
 .text.HAL_RCC_GetPCLK1Freq
                0x08005114       0x28 ./Drivers/STM32U5xx_HAL_Driver/Src/stm32u5xx_hal_rcc.o
                0x08005114                HAL_RCC_GetPCLK1Freq
 .text.HAL_RCC_GetPCLK2Freq
                0x0800513c       0x28 ./Drivers/STM32U5xx_HAL_Driver/Src/stm32u5xx_hal_rcc.o
                0x0800513c                HAL_RCC_GetPCLK2Freq
 .text.HAL_RCC_GetPCLK3Freq
                0x08005164       0x28 ./Drivers/STM32U5xx_HAL_Driver/Src/stm32u5xx_hal_rcc.o
                0x08005164                HAL_RCC_GetPCLK3Freq
 .text.RCC_SetFlashLatencyFromMSIRange
                0x0800518c      0x10c ./Drivers/STM32U5xx_HAL_Driver/Src/stm32u5xx_hal_rcc.o
 .text.HAL_RCCEx_PeriphCLKConfig
                0x08005298      0xd78 ./Drivers/STM32U5xx_HAL_Driver/Src/stm32u5xx_hal_rcc_ex.o
                0x08005298                HAL_RCCEx_PeriphCLKConfig
 .text.HAL_RCCEx_GetPLL1ClockFreq
                0x08006010      0x2b4 ./Drivers/STM32U5xx_HAL_Driver/Src/stm32u5xx_hal_rcc_ex.o
                0x08006010                HAL_RCCEx_GetPLL1ClockFreq
 .text.HAL_RCCEx_GetPLL2ClockFreq
                0x080062c4      0x2b4 ./Drivers/STM32U5xx_HAL_Driver/Src/stm32u5xx_hal_rcc_ex.o
                0x080062c4                HAL_RCCEx_GetPLL2ClockFreq
 .text.HAL_RCCEx_GetPLL3ClockFreq
                0x08006578      0x2b4 ./Drivers/STM32U5xx_HAL_Driver/Src/stm32u5xx_hal_rcc_ex.o
                0x08006578                HAL_RCCEx_GetPLL3ClockFreq
 .text.HAL_RCCEx_GetPeriphCLKFreq
                0x0800682c     0x16bc ./Drivers/STM32U5xx_HAL_Driver/Src/stm32u5xx_hal_rcc_ex.o
                0x0800682c                HAL_RCCEx_GetPeriphCLKFreq
 .text.RCCEx_PLL2_Config
                0x08007ee8      0x130 ./Drivers/STM32U5xx_HAL_Driver/Src/stm32u5xx_hal_rcc_ex.o
 .text.RCCEx_PLL3_Config
                0x08008018      0x130 ./Drivers/STM32U5xx_HAL_Driver/Src/stm32u5xx_hal_rcc_ex.o
 .text.HAL_SPI_Init
                0x08008148      0x22c ./Drivers/STM32U5xx_HAL_Driver/Src/stm32u5xx_hal_spi.o
                0x08008148                HAL_SPI_Init
 .text.HAL_SPI_TransmitReceive
                0x08008374      0x4b4 ./Drivers/STM32U5xx_HAL_Driver/Src/stm32u5xx_hal_spi.o
                0x08008374                HAL_SPI_TransmitReceive
 .text.SPI_CloseTransfer
                0x08008828      0x140 ./Drivers/STM32U5xx_HAL_Driver/Src/stm32u5xx_hal_spi.o
 .text.SPI_WaitOnFlagUntilTimeout
                0x08008968       0x5c ./Drivers/STM32U5xx_HAL_Driver/Src/stm32u5xx_hal_spi.o
 .text.SPI_GetPacketSize
                0x080089c4       0x36 ./Drivers/STM32U5xx_HAL_Driver/Src/stm32u5xx_hal_spi.o
 .text.HAL_SPIEx_SetConfigAutonomousMode
                0x080089fa       0x82 ./Drivers/STM32U5xx_HAL_Driver/Src/stm32u5xx_hal_spi_ex.o
                0x080089fa                HAL_SPIEx_SetConfigAutonomousMode
 .text.HAL_UART_Init
                0x08008a7c       0xa0 ./Drivers/STM32U5xx_HAL_Driver/Src/stm32u5xx_hal_uart.o
                0x08008a7c                HAL_UART_Init
 .text.UART_SetConfig
                0x08008b1c      0x35c ./Drivers/STM32U5xx_HAL_Driver/Src/stm32u5xx_hal_uart.o
                0x08008b1c                UART_SetConfig
 .text.UART_AdvFeatureConfig
                0x08008e78      0x144 ./Drivers/STM32U5xx_HAL_Driver/Src/stm32u5xx_hal_uart.o
                0x08008e78                UART_AdvFeatureConfig
 .text.UART_CheckIdleState
                0x08008fbc      0x154 ./Drivers/STM32U5xx_HAL_Driver/Src/stm32u5xx_hal_uart.o
                0x08008fbc                UART_CheckIdleState
 .text.UART_WaitOnFlagUntilTimeout
                0x08009110       0xda ./Drivers/STM32U5xx_HAL_Driver/Src/stm32u5xx_hal_uart.o
                0x08009110                UART_WaitOnFlagUntilTimeout
 .text.UART_EndRxTransfer
                0x080091ea       0xcc ./Drivers/STM32U5xx_HAL_Driver/Src/stm32u5xx_hal_uart.o
 .text.HAL_UARTEx_DisableFifoMode
                0x080092b6       0x72 ./Drivers/STM32U5xx_HAL_Driver/Src/stm32u5xx_hal_uart_ex.o
                0x080092b6                HAL_UARTEx_DisableFifoMode
 .text.HAL_UARTEx_SetTxFifoThreshold
                0x08009328       0x7c ./Drivers/STM32U5xx_HAL_Driver/Src/stm32u5xx_hal_uart_ex.o
                0x08009328                HAL_UARTEx_SetTxFifoThreshold
 .text.HAL_UARTEx_SetRxFifoThreshold
                0x080093a4       0x7c ./Drivers/STM32U5xx_HAL_Driver/Src/stm32u5xx_hal_uart_ex.o
                0x080093a4                HAL_UARTEx_SetRxFifoThreshold
 .text.UARTEx_SetNbDataToProcess
                0x08009420       0x9c ./Drivers/STM32U5xx_HAL_Driver/Src/stm32u5xx_hal_uart_ex.o
 .text.init_chip_pins
                0x080094bc       0xa8 ./winc1500/bsp/source/nm_bsp_stm32u5a5.o
 .text.nm_bsp_init
                0x08009564       0x12 ./winc1500/bsp/source/nm_bsp_stm32u5a5.o
                0x08009564                nm_bsp_init
 *fill*         0x08009576        0x2 
 .text.nm_bsp_reset
                0x08009578       0x5c ./winc1500/bsp/source/nm_bsp_stm32u5a5.o
                0x08009578                nm_bsp_reset
 .text.nm_bsp_sleep
                0x080095d4       0x16 ./winc1500/bsp/source/nm_bsp_stm32u5a5.o
                0x080095d4                nm_bsp_sleep
 *fill*         0x080095ea        0x2 
 .text.nm_bsp_register_isr
                0x080095ec       0x64 ./winc1500/bsp/source/nm_bsp_stm32u5a5.o
                0x080095ec                nm_bsp_register_isr
 .text.nm_bsp_interrupt_ctrl
                0x08009650       0x30 ./winc1500/bsp/source/nm_bsp_stm32u5a5.o
                0x08009650                nm_bsp_interrupt_ctrl
 .text.spi_select_slave
                0x08009680       0x38 ./winc1500/bus_wrapper/source/nm_bus_wrapper_stm32u5a5.o
 .text.nm_spi_rw
                0x080096b8       0xc0 ./winc1500/bus_wrapper/source/nm_bus_wrapper_stm32u5a5.o
                0x080096b8                nm_spi_rw
 .text.nm_bus_init
                0x08009778       0xa4 ./winc1500/bus_wrapper/source/nm_bus_wrapper_stm32u5a5.o
                0x08009778                nm_bus_init
 .text.nm_bus_deinit
                0x0800981c       0x10 ./winc1500/bus_wrapper/source/nm_bus_wrapper_stm32u5a5.o
                0x0800981c                nm_bus_deinit
 .text.m2m_memcpy
                0x0800982c       0x40 ./winc1500/common/source/nm_common.o
                0x0800982c                m2m_memcpy
 .text.m2m_memset
                0x0800986c       0x3a ./winc1500/common/source/nm_common.o
                0x0800986c                m2m_memset
 .text.m2m_strlen
                0x080098a6       0x30 ./winc1500/common/source/nm_common.o
                0x080098a6                m2m_strlen
 *fill*         0x080098d6        0x2 
 .text.isr      0x080098d8       0x20 ./winc1500/driver/source/m2m_hif.o
 .text.hif_set_rx_done
                0x080098f8       0x60 ./winc1500/driver/source/m2m_hif.o
 .text.m2m_hif_cb
                0x08009958       0x1c ./winc1500/driver/source/m2m_hif.o
 .text.hif_chip_wake
                0x08009974       0x60 ./winc1500/driver/source/m2m_hif.o
                0x08009974                hif_chip_wake
 .text.hif_chip_sleep_sc
                0x080099d4       0x2c ./winc1500/driver/source/m2m_hif.o
                0x080099d4                hif_chip_sleep_sc
 .text.hif_chip_sleep
                0x08009a00       0x58 ./winc1500/driver/source/m2m_hif.o
                0x08009a00                hif_chip_sleep
 .text.hif_init
                0x08009a58       0x38 ./winc1500/driver/source/m2m_hif.o
                0x08009a58                hif_init
 .text.hif_send
                0x08009a90      0x2b4 ./winc1500/driver/source/m2m_hif.o
                0x08009a90                hif_send
 .text.hif_isr  0x08009d44      0x3d0 ./winc1500/driver/source/m2m_hif.o
 .text.hif_handle_isr
                0x0800a114       0xc4 ./winc1500/driver/source/m2m_hif.o
                0x0800a114                hif_handle_isr
 .text.hif_receive
                0x0800a1d8      0x12c ./winc1500/driver/source/m2m_hif.o
                0x0800a1d8                hif_receive
 .text.hif_register_cb
                0x0800a304       0xb4 ./winc1500/driver/source/m2m_hif.o
                0x0800a304                hif_register_cb
 .text.m2m_wifi_cb
                0x0800a3b8      0x3e0 ./winc1500/driver/source/m2m_wifi.o
 .text.m2m_validate_ap_parameters
                0x0800a798      0x17c ./winc1500/driver/source/m2m_wifi.o
 .text.m2m_wifi_init_hold
                0x0800a914       0x30 ./winc1500/driver/source/m2m_wifi.o
                0x0800a914                m2m_wifi_init_hold
 .text.m2m_wifi_init_start
                0x0800a944      0x18c ./winc1500/driver/source/m2m_wifi.o
                0x0800a944                m2m_wifi_init_start
 .text.m2m_wifi_init
                0x0800aad0       0x32 ./winc1500/driver/source/m2m_wifi.o
                0x0800aad0                m2m_wifi_init
 .text.m2m_wifi_handle_events
                0x0800ab02       0x16 ./winc1500/driver/source/m2m_wifi.o
                0x0800ab02                m2m_wifi_handle_events
 .text.m2m_wifi_enable_ap
                0x0800ab18       0x58 ./winc1500/driver/source/m2m_wifi.o
                0x0800ab18                m2m_wifi_enable_ap
 .text.m2m_wifi_enable_ap_ext
                0x0800ab70       0x40 ./winc1500/driver/source/m2m_wifi.o
                0x0800ab70                m2m_wifi_enable_ap_ext
 .text.chip_apply_conf
                0x0800abb0       0x60 ./winc1500/driver/source/nmasic.o
                0x0800abb0                chip_apply_conf
 .text.enable_interrupts
                0x0800ac10       0x94 ./winc1500/driver/source/nmasic.o
                0x0800ac10                enable_interrupts
 .text.nmi_get_chipid
                0x0800aca4       0xe8 ./winc1500/driver/source/nmasic.o
                0x0800aca4                nmi_get_chipid
 .text.chip_sleep
                0x0800ad8c       0xc8 ./winc1500/driver/source/nmasic.o
                0x0800ad8c                chip_sleep
 .text.chip_wake
                0x0800ae54      0x130 ./winc1500/driver/source/nmasic.o
                0x0800ae54                chip_wake
 .text.wait_for_bootrom
                0x0800af84      0x14c ./winc1500/driver/source/nmasic.o
                0x0800af84                wait_for_bootrom
 .text.wait_for_firmware_start
                0x0800b0d0       0x98 ./winc1500/driver/source/nmasic.o
                0x0800b0d0                wait_for_firmware_start
 .text.chip_deinit
                0x0800b168       0x90 ./winc1500/driver/source/nmasic.o
                0x0800b168                chip_deinit
 .text.nm_bus_iface_init
                0x0800b1f8       0x22 ./winc1500/driver/source/nmbus.o
                0x0800b1f8                nm_bus_iface_init
 .text.nm_bus_iface_deinit
                0x0800b21a       0x1e ./winc1500/driver/source/nmbus.o
                0x0800b21a                nm_bus_iface_deinit
 .text.nm_bus_reset
                0x0800b238       0x18 ./winc1500/driver/source/nmbus.o
                0x0800b238                nm_bus_reset
 .text.nm_read_reg
                0x0800b250       0x18 ./winc1500/driver/source/nmbus.o
                0x0800b250                nm_read_reg
 .text.nm_read_reg_with_ret
                0x0800b268       0x1c ./winc1500/driver/source/nmbus.o
                0x0800b268                nm_read_reg_with_ret
 .text.nm_write_reg
                0x0800b284       0x1c ./winc1500/driver/source/nmbus.o
                0x0800b284                nm_write_reg
 .text.p_nm_read_block
                0x0800b2a0       0x24 ./winc1500/driver/source/nmbus.o
 .text.nm_read_block
                0x0800b2c4       0x94 ./winc1500/driver/source/nmbus.o
                0x0800b2c4                nm_read_block
 .text.p_nm_write_block
                0x0800b358       0x24 ./winc1500/driver/source/nmbus.o
 .text.nm_write_block
                0x0800b37c       0x94 ./winc1500/driver/source/nmbus.o
                0x0800b37c                nm_write_block
 .text.nm_get_firmware_full_info
                0x0800b410      0x140 ./winc1500/driver/source/nmdrv.o
                0x0800b410                nm_get_firmware_full_info
 .text.nm_drv_init_hold
                0x0800b550       0x7c ./winc1500/driver/source/nmdrv.o
                0x0800b550                nm_drv_init_hold
 .text.nm_drv_init_start
                0x0800b5cc       0xbc ./winc1500/driver/source/nmdrv.o
                0x0800b5cc                nm_drv_init_start
 .text.nm_drv_deinit
                0x0800b688       0xac ./winc1500/driver/source/nmdrv.o
                0x0800b688                nm_drv_deinit
 .text.nmi_spi_read
                0x0800b734       0x22 ./winc1500/driver/source/nmspi.o
 .text.nmi_spi_write
                0x0800b756       0x22 ./winc1500/driver/source/nmspi.o
 .text.nmi_spi_writeread
                0x0800b778       0x24 ./winc1500/driver/source/nmspi.o
 .text.crc7_byte
                0x0800b79c       0x2c ./winc1500/driver/source/nmspi.o
 .text.crc7     0x0800b7c8       0x3a ./winc1500/driver/source/nmspi.o
 *fill*         0x0800b802        0x2 
 .text.spi_cmd  0x0800b804      0x250 ./winc1500/driver/source/nmspi.o
 .text.spi_data_rsp
                0x0800ba54       0xc0 ./winc1500/driver/source/nmspi.o
 .text.spi_cmd_rsp
                0x0800bb14       0xfc ./winc1500/driver/source/nmspi.o
 .text.nm_spi_reset
                0x0800bc10       0x90 ./winc1500/driver/source/nmspi.o
                0x0800bc10                nm_spi_reset
 .text.spi_data_read
                0x0800bca0      0x16c ./winc1500/driver/source/nmspi.o
 .text.spi_data_write
                0x0800be0c      0x144 ./winc1500/driver/source/nmspi.o
 .text.nm_spi_write_reg
                0x0800bf50      0x108 ./winc1500/driver/source/nmspi.o
                0x0800bf50                nm_spi_write_reg
 .text.nm_spi_write
                0x0800c058      0x164 ./winc1500/driver/source/nmspi.o
 .text.nm_spi_read_reg_with_ret
                0x0800c1bc      0x158 ./winc1500/driver/source/nmspi.o
                0x0800c1bc                nm_spi_read_reg_with_ret
 .text.nm_spi_read
                0x0800c314      0x160 ./winc1500/driver/source/nmspi.o
 .text.spi_init_pkt_sz
                0x0800c474       0x34 ./winc1500/driver/source/nmspi.o
 .text.nm_spi_init
                0x0800c4a8      0x120 ./winc1500/driver/source/nmspi.o
                0x0800c4a8                nm_spi_init
 .text.nm_spi_deinit
                0x0800c5c8       0x1c ./winc1500/driver/source/nmspi.o
                0x0800c5c8                nm_spi_deinit
 .text.nm_spi_read_reg
                0x0800c5e4       0x1e ./winc1500/driver/source/nmspi.o
                0x0800c5e4                nm_spi_read_reg
 .text.nm_spi_read_block
                0x0800c602       0x3c ./winc1500/driver/source/nmspi.o
                0x0800c602                nm_spi_read_block
 .text.nm_spi_write_block
                0x0800c63e       0x3c ./winc1500/driver/source/nmspi.o
                0x0800c63e                nm_spi_write_block
 *fill*         0x0800c67a        0x2 
 .text.spi_flash_enter_low_power_mode
                0x0800c67c       0x6c ./winc1500/spi_flash/source/spi_flash.o
 .text.spi_flash_leave_low_power_mode
                0x0800c6e8       0x6c ./winc1500/spi_flash/source/spi_flash.o
 .text.spi_flash_enable
                0x0800c754       0x94 ./winc1500/spi_flash/source/spi_flash.o
                0x0800c754                spi_flash_enable
 .text.sbrk_aligned
                0x0800c7e8       0x44 /opt/st/stm32cubeide_1.15.0/plugins/com.st.stm32cube.ide.mcu.externaltools.gnu-tools-for-stm32.12.3.rel1.linux64_1.0.100.202403111256/tools/bin/../lib/gcc/arm-none-eabi/12.3.1/../../../../arm-none-eabi/lib/thumb/v8-m.main+fp/hard/libc_nano.a(libc_a-mallocr.o)
 .text._malloc_r
                0x0800c82c      0x100 /opt/st/stm32cubeide_1.15.0/plugins/com.st.stm32cube.ide.mcu.externaltools.gnu-tools-for-stm32.12.3.rel1.linux64_1.0.100.202403111256/tools/bin/../lib/gcc/arm-none-eabi/12.3.1/../../../../arm-none-eabi/lib/thumb/v8-m.main+fp/hard/libc_nano.a(libc_a-mallocr.o)
                0x0800c82c                _malloc_r
 .text.__malloc_lock
                0x0800c92c        0xc /opt/st/stm32cubeide_1.15.0/plugins/com.st.stm32cube.ide.mcu.externaltools.gnu-tools-for-stm32.12.3.rel1.linux64_1.0.100.202403111256/tools/bin/../lib/gcc/arm-none-eabi/12.3.1/../../../../arm-none-eabi/lib/thumb/v8-m.main+fp/hard/libc_nano.a(libc_a-mlock.o)
                0x0800c92c                __malloc_lock
 .text.__malloc_unlock
                0x0800c938        0xc /opt/st/stm32cubeide_1.15.0/plugins/com.st.stm32cube.ide.mcu.externaltools.gnu-tools-for-stm32.12.3.rel1.linux64_1.0.100.202403111256/tools/bin/../lib/gcc/arm-none-eabi/12.3.1/../../../../arm-none-eabi/lib/thumb/v8-m.main+fp/hard/libc_nano.a(libc_a-mlock.o)
                0x0800c938                __malloc_unlock
 .text.std      0x0800c944       0x6c /opt/st/stm32cubeide_1.15.0/plugins/com.st.stm32cube.ide.mcu.externaltools.gnu-tools-for-stm32.12.3.rel1.linux64_1.0.100.202403111256/tools/bin/../lib/gcc/arm-none-eabi/12.3.1/../../../../arm-none-eabi/lib/thumb/v8-m.main+fp/hard/libc_nano.a(libc_a-findfp.o)
 .text.stdio_exit_handler
                0x0800c9b0       0x18 /opt/st/stm32cubeide_1.15.0/plugins/com.st.stm32cube.ide.mcu.externaltools.gnu-tools-for-stm32.12.3.rel1.linux64_1.0.100.202403111256/tools/bin/../lib/gcc/arm-none-eabi/12.3.1/../../../../arm-none-eabi/lib/thumb/v8-m.main+fp/hard/libc_nano.a(libc_a-findfp.o)
 .text.cleanup_stdio
                0x0800c9c8       0x40 /opt/st/stm32cubeide_1.15.0/plugins/com.st.stm32cube.ide.mcu.externaltools.gnu-tools-for-stm32.12.3.rel1.linux64_1.0.100.202403111256/tools/bin/../lib/gcc/arm-none-eabi/12.3.1/../../../../arm-none-eabi/lib/thumb/v8-m.main+fp/hard/libc_nano.a(libc_a-findfp.o)
 .text.global_stdio_init.part.0
                0x0800ca08       0x3c /opt/st/stm32cubeide_1.15.0/plugins/com.st.stm32cube.ide.mcu.externaltools.gnu-tools-for-stm32.12.3.rel1.linux64_1.0.100.202403111256/tools/bin/../lib/gcc/arm-none-eabi/12.3.1/../../../../arm-none-eabi/lib/thumb/v8-m.main+fp/hard/libc_nano.a(libc_a-findfp.o)
 .text.__sfp_lock_acquire
                0x0800ca44        0xc /opt/st/stm32cubeide_1.15.0/plugins/com.st.stm32cube.ide.mcu.externaltools.gnu-tools-for-stm32.12.3.rel1.linux64_1.0.100.202403111256/tools/bin/../lib/gcc/arm-none-eabi/12.3.1/../../../../arm-none-eabi/lib/thumb/v8-m.main+fp/hard/libc_nano.a(libc_a-findfp.o)
                0x0800ca44                __sfp_lock_acquire
 .text.__sfp_lock_release
                0x0800ca50        0xc /opt/st/stm32cubeide_1.15.0/plugins/com.st.stm32cube.ide.mcu.externaltools.gnu-tools-for-stm32.12.3.rel1.linux64_1.0.100.202403111256/tools/bin/../lib/gcc/arm-none-eabi/12.3.1/../../../../arm-none-eabi/lib/thumb/v8-m.main+fp/hard/libc_nano.a(libc_a-findfp.o)
                0x0800ca50                __sfp_lock_release
 .text.__sinit  0x0800ca5c       0x30 /opt/st/stm32cubeide_1.15.0/plugins/com.st.stm32cube.ide.mcu.externaltools.gnu-tools-for-stm32.12.3.rel1.linux64_1.0.100.202403111256/tools/bin/../lib/gcc/arm-none-eabi/12.3.1/../../../../arm-none-eabi/lib/thumb/v8-m.main+fp/hard/libc_nano.a(libc_a-findfp.o)
                0x0800ca5c                __sinit
 .text._fwalk_sglue
                0x0800ca8c       0x3c /opt/st/stm32cubeide_1.15.0/plugins/com.st.stm32cube.ide.mcu.externaltools.gnu-tools-for-stm32.12.3.rel1.linux64_1.0.100.202403111256/tools/bin/../lib/gcc/arm-none-eabi/12.3.1/../../../../arm-none-eabi/lib/thumb/v8-m.main+fp/hard/libc_nano.a(libc_a-fwalk.o)
                0x0800ca8c                _fwalk_sglue
 .text.printf   0x0800cac8       0x24 /opt/st/stm32cubeide_1.15.0/plugins/com.st.stm32cube.ide.mcu.externaltools.gnu-tools-for-stm32.12.3.rel1.linux64_1.0.100.202403111256/tools/bin/../lib/gcc/arm-none-eabi/12.3.1/../../../../arm-none-eabi/lib/thumb/v8-m.main+fp/hard/libc_nano.a(libc_a-printf.o)
                0x0800cac8                printf
                0x0800cac8                iprintf
 .text.putchar  0x0800caec       0x10 /opt/st/stm32cubeide_1.15.0/plugins/com.st.stm32cube.ide.mcu.externaltools.gnu-tools-for-stm32.12.3.rel1.linux64_1.0.100.202403111256/tools/bin/../lib/gcc/arm-none-eabi/12.3.1/../../../../arm-none-eabi/lib/thumb/v8-m.main+fp/hard/libc_nano.a(libc_a-putchar.o)
                0x0800caec                putchar
 .text._puts_r  0x0800cafc       0xaa /opt/st/stm32cubeide_1.15.0/plugins/com.st.stm32cube.ide.mcu.externaltools.gnu-tools-for-stm32.12.3.rel1.linux64_1.0.100.202403111256/tools/bin/../lib/gcc/arm-none-eabi/12.3.1/../../../../arm-none-eabi/lib/thumb/v8-m.main+fp/hard/libc_nano.a(libc_a-puts.o)
                0x0800cafc                _puts_r
 *fill*         0x0800cba6        0x2 
 .text.puts     0x0800cba8       0x10 /opt/st/stm32cubeide_1.15.0/plugins/com.st.stm32cube.ide.mcu.externaltools.gnu-tools-for-stm32.12.3.rel1.linux64_1.0.100.202403111256/tools/bin/../lib/gcc/arm-none-eabi/12.3.1/../../../../arm-none-eabi/lib/thumb/v8-m.main+fp/hard/libc_nano.a(libc_a-puts.o)
                0x0800cba8                puts
 .text.__sread  0x0800cbb8       0x22 /opt/st/stm32cubeide_1.15.0/plugins/com.st.stm32cube.ide.mcu.externaltools.gnu-tools-for-stm32.12.3.rel1.linux64_1.0.100.202403111256/tools/bin/../lib/gcc/arm-none-eabi/12.3.1/../../../../arm-none-eabi/lib/thumb/v8-m.main+fp/hard/libc_nano.a(libc_a-stdio.o)
                0x0800cbb8                __sread
 .text.__swrite
                0x0800cbda       0x38 /opt/st/stm32cubeide_1.15.0/plugins/com.st.stm32cube.ide.mcu.externaltools.gnu-tools-for-stm32.12.3.rel1.linux64_1.0.100.202403111256/tools/bin/../lib/gcc/arm-none-eabi/12.3.1/../../../../arm-none-eabi/lib/thumb/v8-m.main+fp/hard/libc_nano.a(libc_a-stdio.o)
                0x0800cbda                __swrite
 .text.__sseek  0x0800cc12       0x24 /opt/st/stm32cubeide_1.15.0/plugins/com.st.stm32cube.ide.mcu.externaltools.gnu-tools-for-stm32.12.3.rel1.linux64_1.0.100.202403111256/tools/bin/../lib/gcc/arm-none-eabi/12.3.1/../../../../arm-none-eabi/lib/thumb/v8-m.main+fp/hard/libc_nano.a(libc_a-stdio.o)
                0x0800cc12                __sseek
 .text.__sclose
                0x0800cc36        0x8 /opt/st/stm32cubeide_1.15.0/plugins/com.st.stm32cube.ide.mcu.externaltools.gnu-tools-for-stm32.12.3.rel1.linux64_1.0.100.202403111256/tools/bin/../lib/gcc/arm-none-eabi/12.3.1/../../../../arm-none-eabi/lib/thumb/v8-m.main+fp/hard/libc_nano.a(libc_a-stdio.o)
                0x0800cc36                __sclose
 .text.__swbuf_r
                0x0800cc3e       0x7c /opt/st/stm32cubeide_1.15.0/plugins/com.st.stm32cube.ide.mcu.externaltools.gnu-tools-for-stm32.12.3.rel1.linux64_1.0.100.202403111256/tools/bin/../lib/gcc/arm-none-eabi/12.3.1/../../../../arm-none-eabi/lib/thumb/v8-m.main+fp/hard/libc_nano.a(libc_a-wbuf.o)
                0x0800cc3e                __swbuf_r
 *fill*         0x0800ccba        0x2 
 .text.__swsetup_r
                0x0800ccbc       0xac /opt/st/stm32cubeide_1.15.0/plugins/com.st.stm32cube.ide.mcu.externaltools.gnu-tools-for-stm32.12.3.rel1.linux64_1.0.100.202403111256/tools/bin/../lib/gcc/arm-none-eabi/12.3.1/../../../../arm-none-eabi/lib/thumb/v8-m.main+fp/hard/libc_nano.a(libc_a-wsetup.o)
                0x0800ccbc                __swsetup_r
 .text.memset   0x0800cd68       0x10 /opt/st/stm32cubeide_1.15.0/plugins/com.st.stm32cube.ide.mcu.externaltools.gnu-tools-for-stm32.12.3.rel1.linux64_1.0.100.202403111256/tools/bin/../lib/gcc/arm-none-eabi/12.3.1/../../../../arm-none-eabi/lib/thumb/v8-m.main+fp/hard/libc_nano.a(libc_a-memset.o)
                0x0800cd68                memset
 .text._close_r
                0x0800cd78       0x20 /opt/st/stm32cubeide_1.15.0/plugins/com.st.stm32cube.ide.mcu.externaltools.gnu-tools-for-stm32.12.3.rel1.linux64_1.0.100.202403111256/tools/bin/../lib/gcc/arm-none-eabi/12.3.1/../../../../arm-none-eabi/lib/thumb/v8-m.main+fp/hard/libc_nano.a(libc_a-closer.o)
                0x0800cd78                _close_r
 .text._lseek_r
                0x0800cd98       0x24 /opt/st/stm32cubeide_1.15.0/plugins/com.st.stm32cube.ide.mcu.externaltools.gnu-tools-for-stm32.12.3.rel1.linux64_1.0.100.202403111256/tools/bin/../lib/gcc/arm-none-eabi/12.3.1/../../../../arm-none-eabi/lib/thumb/v8-m.main+fp/hard/libc_nano.a(libc_a-lseekr.o)
                0x0800cd98                _lseek_r
 .text._read_r  0x0800cdbc       0x24 /opt/st/stm32cubeide_1.15.0/plugins/com.st.stm32cube.ide.mcu.externaltools.gnu-tools-for-stm32.12.3.rel1.linux64_1.0.100.202403111256/tools/bin/../lib/gcc/arm-none-eabi/12.3.1/../../../../arm-none-eabi/lib/thumb/v8-m.main+fp/hard/libc_nano.a(libc_a-readr.o)
                0x0800cdbc                _read_r
 .text._sbrk_r  0x0800cde0       0x20 /opt/st/stm32cubeide_1.15.0/plugins/com.st.stm32cube.ide.mcu.externaltools.gnu-tools-for-stm32.12.3.rel1.linux64_1.0.100.202403111256/tools/bin/../lib/gcc/arm-none-eabi/12.3.1/../../../../arm-none-eabi/lib/thumb/v8-m.main+fp/hard/libc_nano.a(libc_a-sbrkr.o)
                0x0800cde0                _sbrk_r
 .text._write_r
                0x0800ce00       0x24 /opt/st/stm32cubeide_1.15.0/plugins/com.st.stm32cube.ide.mcu.externaltools.gnu-tools-for-stm32.12.3.rel1.linux64_1.0.100.202403111256/tools/bin/../lib/gcc/arm-none-eabi/12.3.1/../../../../arm-none-eabi/lib/thumb/v8-m.main+fp/hard/libc_nano.a(libc_a-writer.o)
                0x0800ce00                _write_r
 .text.__errno  0x0800ce24        0xc /opt/st/stm32cubeide_1.15.0/plugins/com.st.stm32cube.ide.mcu.externaltools.gnu-tools-for-stm32.12.3.rel1.linux64_1.0.100.202403111256/tools/bin/../lib/gcc/arm-none-eabi/12.3.1/../../../../arm-none-eabi/lib/thumb/v8-m.main+fp/hard/libc_nano.a(libc_a-errno.o)
                0x0800ce24                __errno
 .text.__libc_init_array
                0x0800ce30       0x48 /opt/st/stm32cubeide_1.15.0/plugins/com.st.stm32cube.ide.mcu.externaltools.gnu-tools-for-stm32.12.3.rel1.linux64_1.0.100.202403111256/tools/bin/../lib/gcc/arm-none-eabi/12.3.1/../../../../arm-none-eabi/lib/thumb/v8-m.main+fp/hard/libc_nano.a(libc_a-init.o)
                0x0800ce30                __libc_init_array
 .text.__retarget_lock_init_recursive
                0x0800ce78        0x2 /opt/st/stm32cubeide_1.15.0/plugins/com.st.stm32cube.ide.mcu.externaltools.gnu-tools-for-stm32.12.3.rel1.linux64_1.0.100.202403111256/tools/bin/../lib/gcc/arm-none-eabi/12.3.1/../../../../arm-none-eabi/lib/thumb/v8-m.main+fp/hard/libc_nano.a(libc_a-lock.o)
                0x0800ce78                __retarget_lock_init_recursive
 .text.__retarget_lock_acquire_recursive
                0x0800ce7a        0x2 /opt/st/stm32cubeide_1.15.0/plugins/com.st.stm32cube.ide.mcu.externaltools.gnu-tools-for-stm32.12.3.rel1.linux64_1.0.100.202403111256/tools/bin/../lib/gcc/arm-none-eabi/12.3.1/../../../../arm-none-eabi/lib/thumb/v8-m.main+fp/hard/libc_nano.a(libc_a-lock.o)
                0x0800ce7a                __retarget_lock_acquire_recursive
 .text.__retarget_lock_release_recursive
                0x0800ce7c        0x2 /opt/st/stm32cubeide_1.15.0/plugins/com.st.stm32cube.ide.mcu.externaltools.gnu-tools-for-stm32.12.3.rel1.linux64_1.0.100.202403111256/tools/bin/../lib/gcc/arm-none-eabi/12.3.1/../../../../arm-none-eabi/lib/thumb/v8-m.main+fp/hard/libc_nano.a(libc_a-lock.o)
                0x0800ce7c                __retarget_lock_release_recursive
 *fill*         0x0800ce7e        0x2 
 .text._free_r  0x0800ce80       0x94 /opt/st/stm32cubeide_1.15.0/plugins/com.st.stm32cube.ide.mcu.externaltools.gnu-tools-for-stm32.12.3.rel1.linux64_1.0.100.202403111256/tools/bin/../lib/gcc/arm-none-eabi/12.3.1/../../../../arm-none-eabi/lib/thumb/v8-m.main+fp/hard/libc_nano.a(libc_a-freer.o)
                0x0800ce80                _free_r
 .text.__sfputc_r
                0x0800cf14       0x2e /opt/st/stm32cubeide_1.15.0/plugins/com.st.stm32cube.ide.mcu.externaltools.gnu-tools-for-stm32.12.3.rel1.linux64_1.0.100.202403111256/tools/bin/../lib/gcc/arm-none-eabi/12.3.1/../../../../arm-none-eabi/lib/thumb/v8-m.main+fp/hard/libc_nano.a(libc_a-nano-vfprintf.o)
 .text.__sfputs_r
                0x0800cf42       0x24 /opt/st/stm32cubeide_1.15.0/plugins/com.st.stm32cube.ide.mcu.externaltools.gnu-tools-for-stm32.12.3.rel1.linux64_1.0.100.202403111256/tools/bin/../lib/gcc/arm-none-eabi/12.3.1/../../../../arm-none-eabi/lib/thumb/v8-m.main+fp/hard/libc_nano.a(libc_a-nano-vfprintf.o)
                0x0800cf42                __sfputs_r
 *fill*         0x0800cf66        0x2 
 .text._vfprintf_r
                0x0800cf68      0x230 /opt/st/stm32cubeide_1.15.0/plugins/com.st.stm32cube.ide.mcu.externaltools.gnu-tools-for-stm32.12.3.rel1.linux64_1.0.100.202403111256/tools/bin/../lib/gcc/arm-none-eabi/12.3.1/../../../../arm-none-eabi/lib/thumb/v8-m.main+fp/hard/libc_nano.a(libc_a-nano-vfprintf.o)
                0x0800cf68                _vfiprintf_r
                0x0800cf68                _vfprintf_r
 .text._printf_common
                0x0800d198       0xe4 /opt/st/stm32cubeide_1.15.0/plugins/com.st.stm32cube.ide.mcu.externaltools.gnu-tools-for-stm32.12.3.rel1.linux64_1.0.100.202403111256/tools/bin/../lib/gcc/arm-none-eabi/12.3.1/../../../../arm-none-eabi/lib/thumb/v8-m.main+fp/hard/libc_nano.a(libc_a-nano-vfprintf_i.o)
                0x0800d198                _printf_common
 .text._printf_i
                0x0800d27c      0x240 /opt/st/stm32cubeide_1.15.0/plugins/com.st.stm32cube.ide.mcu.externaltools.gnu-tools-for-stm32.12.3.rel1.linux64_1.0.100.202403111256/tools/bin/../lib/gcc/arm-none-eabi/12.3.1/../../../../arm-none-eabi/lib/thumb/v8-m.main+fp/hard/libc_nano.a(libc_a-nano-vfprintf_i.o)
                0x0800d27c                _printf_i
 .text.__sflush_r
                0x0800d4bc      0x108 /opt/st/stm32cubeide_1.15.0/plugins/com.st.stm32cube.ide.mcu.externaltools.gnu-tools-for-stm32.12.3.rel1.linux64_1.0.100.202403111256/tools/bin/../lib/gcc/arm-none-eabi/12.3.1/../../../../arm-none-eabi/lib/thumb/v8-m.main+fp/hard/libc_nano.a(libc_a-fflush.o)
                0x0800d4bc                __sflush_r
 .text._fflush_r
                0x0800d5c4       0x50 /opt/st/stm32cubeide_1.15.0/plugins/com.st.stm32cube.ide.mcu.externaltools.gnu-tools-for-stm32.12.3.rel1.linux64_1.0.100.202403111256/tools/bin/../lib/gcc/arm-none-eabi/12.3.1/../../../../arm-none-eabi/lib/thumb/v8-m.main+fp/hard/libc_nano.a(libc_a-fflush.o)
                0x0800d5c4                _fflush_r
 .text.__swhatbuf_r
                0x0800d614       0x4a /opt/st/stm32cubeide_1.15.0/plugins/com.st.stm32cube.ide.mcu.externaltools.gnu-tools-for-stm32.12.3.rel1.linux64_1.0.100.202403111256/tools/bin/../lib/gcc/arm-none-eabi/12.3.1/../../../../arm-none-eabi/lib/thumb/v8-m.main+fp/hard/libc_nano.a(libc_a-makebuf.o)
                0x0800d614                __swhatbuf_r
 .text.__smakebuf_r
                0x0800d65e       0x78 /opt/st/stm32cubeide_1.15.0/plugins/com.st.stm32cube.ide.mcu.externaltools.gnu-tools-for-stm32.12.3.rel1.linux64_1.0.100.202403111256/tools/bin/../lib/gcc/arm-none-eabi/12.3.1/../../../../arm-none-eabi/lib/thumb/v8-m.main+fp/hard/libc_nano.a(libc_a-makebuf.o)
                0x0800d65e                __smakebuf_r
 .text._putc_r  0x0800d6d6       0x68 /opt/st/stm32cubeide_1.15.0/plugins/com.st.stm32cube.ide.mcu.externaltools.gnu-tools-for-stm32.12.3.rel1.linux64_1.0.100.202403111256/tools/bin/../lib/gcc/arm-none-eabi/12.3.1/../../../../arm-none-eabi/lib/thumb/v8-m.main+fp/hard/libc_nano.a(libc_a-putc.o)
                0x0800d6d6                _putc_r
 *fill*         0x0800d73e        0x2 
 .text._fstat_r
                0x0800d740       0x24 /opt/st/stm32cubeide_1.15.0/plugins/com.st.stm32cube.ide.mcu.externaltools.gnu-tools-for-stm32.12.3.rel1.linux64_1.0.100.202403111256/tools/bin/../lib/gcc/arm-none-eabi/12.3.1/../../../../arm-none-eabi/lib/thumb/v8-m.main+fp/hard/libc_nano.a(libc_a-fstatr.o)
                0x0800d740                _fstat_r
 .text._isatty_r
                0x0800d764       0x20 /opt/st/stm32cubeide_1.15.0/plugins/com.st.stm32cube.ide.mcu.externaltools.gnu-tools-for-stm32.12.3.rel1.linux64_1.0.100.202403111256/tools/bin/../lib/gcc/arm-none-eabi/12.3.1/../../../../arm-none-eabi/lib/thumb/v8-m.main+fp/hard/libc_nano.a(libc_a-isattyr.o)
                0x0800d764                _isatty_r
 .text.memchr   0x0800d784       0x1c /opt/st/stm32cubeide_1.15.0/plugins/com.st.stm32cube.ide.mcu.externaltools.gnu-tools-for-stm32.12.3.rel1.linux64_1.0.100.202403111256/tools/bin/../lib/gcc/arm-none-eabi/12.3.1/../../../../arm-none-eabi/lib/thumb/v8-m.main+fp/hard/libc_nano.a(libc_a-memchr-stub.o)
                0x0800d784                memchr
 *(.glue_7)
 .glue_7        0x0800d7a0        0x0 linker stubs
 *(.glue_7t)
 .glue_7t       0x0800d7a0        0x0 linker stubs
 *(.eh_frame)
 .eh_frame      0x0800d7a0        0x0 /opt/st/stm32cubeide_1.15.0/plugins/com.st.stm32cube.ide.mcu.externaltools.gnu-tools-for-stm32.12.3.rel1.linux64_1.0.100.202403111256/tools/bin/../lib/gcc/arm-none-eabi/12.3.1/thumb/v8-m.main+fp/hard/crtbegin.o
 *(.init)
 .init          0x0800d7a0        0x4 /opt/st/stm32cubeide_1.15.0/plugins/com.st.stm32cube.ide.mcu.externaltools.gnu-tools-for-stm32.12.3.rel1.linux64_1.0.100.202403111256/tools/bin/../lib/gcc/arm-none-eabi/12.3.1/thumb/v8-m.main+fp/hard/crti.o
                0x0800d7a0                _init
 .init          0x0800d7a4        0x8 /opt/st/stm32cubeide_1.15.0/plugins/com.st.stm32cube.ide.mcu.externaltools.gnu-tools-for-stm32.12.3.rel1.linux64_1.0.100.202403111256/tools/bin/../lib/gcc/arm-none-eabi/12.3.1/thumb/v8-m.main+fp/hard/crtn.o
 *(.fini)
 .fini          0x0800d7ac        0x4 /opt/st/stm32cubeide_1.15.0/plugins/com.st.stm32cube.ide.mcu.externaltools.gnu-tools-for-stm32.12.3.rel1.linux64_1.0.100.202403111256/tools/bin/../lib/gcc/arm-none-eabi/12.3.1/thumb/v8-m.main+fp/hard/crti.o
                0x0800d7ac                _fini
 .fini          0x0800d7b0        0x8 /opt/st/stm32cubeide_1.15.0/plugins/com.st.stm32cube.ide.mcu.externaltools.gnu-tools-for-stm32.12.3.rel1.linux64_1.0.100.202403111256/tools/bin/../lib/gcc/arm-none-eabi/12.3.1/thumb/v8-m.main+fp/hard/crtn.o
                0x0800d7b8                        _etext = .

.vfp11_veneer   0x0800d7b8        0x0
 .vfp11_veneer  0x0800d7b8        0x0 linker stubs

.v4_bx          0x0800d7b8        0x0
 .v4_bx         0x0800d7b8        0x0 linker stubs

.iplt           0x0800d7b8        0x0
 .iplt          0x0800d7b8        0x0 /opt/st/stm32cubeide_1.15.0/plugins/com.st.stm32cube.ide.mcu.externaltools.gnu-tools-for-stm32.12.3.rel1.linux64_1.0.100.202403111256/tools/bin/../lib/gcc/arm-none-eabi/12.3.1/thumb/v8-m.main+fp/hard/crtbegin.o

.rodata         0x0800d7b8     0x12b7
 *(.rodata)
 .rodata        0x0800d7b8       0xd6 ./Core/Src/main.o
 *fill*         0x0800d88e        0x2 
 .rodata        0x0800d890       0x77 ./winc1500/bus_wrapper/source/nm_bus_wrapper_stm32u5a5.o
 *fill*         0x0800d907        0x1 
 .rodata        0x0800d908      0x39a ./winc1500/driver/source/m2m_hif.o
 *fill*         0x0800dca2        0x2 
 .rodata        0x0800dca4      0x2f5 ./winc1500/driver/source/m2m_wifi.o
 *fill*         0x0800df99        0x3 
 .rodata        0x0800df9c       0x84 ./winc1500/driver/source/nmasic.o
 .rodata        0x0800e020       0xca ./winc1500/driver/source/nmdrv.o
 *fill*         0x0800e0ea        0x2 
 .rodata        0x0800e0ec      0x5bc ./winc1500/driver/source/nmspi.o
 *(.rodata*)
 .rodata.HeaderAES
                0x0800e6a8        0x4 ./Core/Src/main.o
 .rodata.AHBPrescTable
                0x0800e6ac       0x10 ./Core/Src/system_stm32u5xx.o
                0x0800e6ac                AHBPrescTable
 .rodata.APBPrescTable
                0x0800e6bc        0x8 ./Core/Src/system_stm32u5xx.o
                0x0800e6bc                APBPrescTable
 .rodata.MSIRangeTable
                0x0800e6c4       0x40 ./Core/Src/system_stm32u5xx.o
                0x0800e6c4                MSIRangeTable
 .rodata.LPGPIO_Map
                0x0800e704       0x80 ./Drivers/STM32U5xx_HAL_Driver/Src/stm32u5xx_hal_gpio.o
 .rodata.UARTPrescTable
                0x0800e784       0x18 ./Drivers/STM32U5xx_HAL_Driver/Src/stm32u5xx_hal_uart.o
                0x0800e784                UARTPrescTable
 .rodata.numerator.1
                0x0800e79c        0x8 ./Drivers/STM32U5xx_HAL_Driver/Src/stm32u5xx_hal_uart_ex.o
 .rodata.denominator.0
                0x0800e7a4        0x8 ./Drivers/STM32U5xx_HAL_Driver/Src/stm32u5xx_hal_uart_ex.o
 .rodata.__FUNCTION__.2
                0x0800e7ac        0xa ./winc1500/bus_wrapper/source/nm_bus_wrapper_stm32u5a5.o
 *fill*         0x0800e7b6        0x2 
 .rodata.__FUNCTION__.1
                0x0800e7b8        0xc ./winc1500/bus_wrapper/source/nm_bus_wrapper_stm32u5a5.o
 .rodata.__FUNCTION__.4
                0x0800e7c4        0x9 ./winc1500/driver/source/m2m_hif.o
 *fill*         0x0800e7cd        0x3 
 .rodata.__FUNCTION__.3
                0x0800e7d0        0x8 ./winc1500/driver/source/m2m_hif.o
 .rodata.__FUNCTION__.2
                0x0800e7d8        0xf ./winc1500/driver/source/m2m_hif.o
 *fill*         0x0800e7e7        0x1 
 .rodata.__FUNCTION__.1
                0x0800e7e8        0xc ./winc1500/driver/source/m2m_hif.o
 .rodata.__FUNCTION__.0
                0x0800e7f4       0x10 ./winc1500/driver/source/m2m_hif.o
 .rodata.__FUNCTION__.8
                0x0800e804        0xc ./winc1500/driver/source/m2m_wifi.o
 .rodata.__FUNCTION__.7
                0x0800e810       0x1b ./winc1500/driver/source/m2m_wifi.o
 *fill*         0x0800e82b        0x1 
 .rodata.__FUNCTION__.5
                0x0800e82c       0x14 ./winc1500/driver/source/m2m_wifi.o
 .rodata.__FUNCTION__.1
                0x0800e840        0xa ./winc1500/driver/source/nmasic.o
 *fill*         0x0800e84a        0x2 
 .rodata.__FUNCTION__.0
                0x0800e84c        0xc ./winc1500/driver/source/nmasic.o
 .rodata.__FUNCTION__.2
                0x0800e858       0x11 ./winc1500/driver/source/nmdrv.o
 *fill*         0x0800e869        0x3 
 .rodata.__FUNCTION__.1
                0x0800e86c       0x12 ./winc1500/driver/source/nmdrv.o
 *fill*         0x0800e87e        0x2 
 .rodata.__FUNCTION__.0
                0x0800e880        0xe ./winc1500/driver/source/nmdrv.o
 *fill*         0x0800e88e        0x2 
 .rodata.crc7_syndrome_table
                0x0800e890      0x100 ./winc1500/driver/source/nmspi.o
 .rodata.__FUNCTION__.10
                0x0800e990        0x8 ./winc1500/driver/source/nmspi.o
 .rodata.__FUNCTION__.9
                0x0800e998        0xd ./winc1500/driver/source/nmspi.o
 *fill*         0x0800e9a5        0x3 
 .rodata.__FUNCTION__.8
                0x0800e9a8        0xc ./winc1500/driver/source/nmspi.o
 .rodata.__FUNCTION__.7
                0x0800e9b4        0xd ./winc1500/driver/source/nmspi.o
 *fill*         0x0800e9c1        0x3 
 .rodata.__FUNCTION__.6
                0x0800e9c4        0xe ./winc1500/driver/source/nmspi.o
 *fill*         0x0800e9d2        0x2 
 .rodata.__FUNCTION__.5
                0x0800e9d4        0xf ./winc1500/driver/source/nmspi.o
 *fill*         0x0800e9e3        0x1 
 .rodata.__FUNCTION__.4
                0x0800e9e4       0x11 ./winc1500/driver/source/nmspi.o
 *fill*         0x0800e9f5        0x3 
 .rodata.__FUNCTION__.3
                0x0800e9f8        0xd ./winc1500/driver/source/nmspi.o
 *fill*         0x0800ea05        0x3 
 .rodata.__FUNCTION__.2
                0x0800ea08       0x19 ./winc1500/driver/source/nmspi.o
 *fill*         0x0800ea21        0x3 
 .rodata.__FUNCTION__.1
                0x0800ea24        0xc ./winc1500/driver/source/nmspi.o
 .rodata.__FUNCTION__.0
                0x0800ea30        0xc ./winc1500/driver/source/nmspi.o
 .rodata._vfprintf_r.str1.1
                0x0800ea3c       0x11 /opt/st/stm32cubeide_1.15.0/plugins/com.st.stm32cube.ide.mcu.externaltools.gnu-tools-for-stm32.12.3.rel1.linux64_1.0.100.202403111256/tools/bin/../lib/gcc/arm-none-eabi/12.3.1/../../../../arm-none-eabi/lib/thumb/v8-m.main+fp/hard/libc_nano.a(libc_a-nano-vfprintf.o)
 .rodata._printf_i.str1.1
                0x0800ea4d       0x22 /opt/st/stm32cubeide_1.15.0/plugins/com.st.stm32cube.ide.mcu.externaltools.gnu-tools-for-stm32.12.3.rel1.linux64_1.0.100.202403111256/tools/bin/../lib/gcc/arm-none-eabi/12.3.1/../../../../arm-none-eabi/lib/thumb/v8-m.main+fp/hard/libc_nano.a(libc_a-nano-vfprintf_i.o)

.ARM.extab
 *(.ARM.extab* .gnu.linkonce.armextab.*)

.ARM            0x0800ea70        0x8
                0x0800ea70                        __exidx_start = .
 *(.ARM.exidx*)
 .ARM.exidx     0x0800ea70        0x8 /opt/st/stm32cubeide_1.15.0/plugins/com.st.stm32cube.ide.mcu.externaltools.gnu-tools-for-stm32.12.3.rel1.linux64_1.0.100.202403111256/tools/bin/../lib/gcc/arm-none-eabi/12.3.1/thumb/v8-m.main+fp/hard/libgcc.a(_udivmoddi4.o)
                0x0800ea78                        __exidx_end = .

.preinit_array  0x0800ea78        0x0
                0x0800ea78                        PROVIDE (__preinit_array_start = .)
 *(.preinit_array*)
                0x0800ea78                        PROVIDE (__preinit_array_end = .)

.init_array     0x0800ea78        0x4
                0x0800ea78                        PROVIDE (__init_array_start = .)
 *(SORT_BY_NAME(.init_array.*))
 *(.init_array*)
 .init_array    0x0800ea78        0x4 /opt/st/stm32cubeide_1.15.0/plugins/com.st.stm32cube.ide.mcu.externaltools.gnu-tools-for-stm32.12.3.rel1.linux64_1.0.100.202403111256/tools/bin/../lib/gcc/arm-none-eabi/12.3.1/thumb/v8-m.main+fp/hard/crtbegin.o
                0x0800ea7c                        PROVIDE (__init_array_end = .)

.fini_array     0x0800ea7c        0x4
                [!provide]                        PROVIDE (__fini_array_start = .)
 *(SORT_BY_NAME(.fini_array.*))
 *(.fini_array*)
 .fini_array    0x0800ea7c        0x4 /opt/st/stm32cubeide_1.15.0/plugins/com.st.stm32cube.ide.mcu.externaltools.gnu-tools-for-stm32.12.3.rel1.linux64_1.0.100.202403111256/tools/bin/../lib/gcc/arm-none-eabi/12.3.1/thumb/v8-m.main+fp/hard/crtbegin.o
                [!provide]                        PROVIDE (__fini_array_end = .)
                0x0800ea80                        _sidata = LOADADDR (.data)

.rel.dyn        0x0800ea80        0x0
 .rel.iplt      0x0800ea80        0x0 /opt/st/stm32cubeide_1.15.0/plugins/com.st.stm32cube.ide.mcu.externaltools.gnu-tools-for-stm32.12.3.rel1.linux64_1.0.100.202403111256/tools/bin/../lib/gcc/arm-none-eabi/12.3.1/thumb/v8-m.main+fp/hard/crtbegin.o

.data           0x20000000       0x6c load address 0x0800ea80
                0x20000000                        _sdata = .
 *(.data)
 *(.data*)
 .data.SystemCoreClock
                0x20000000        0x4 ./Core/Src/system_stm32u5xx.o
                0x20000000                SystemCoreClock
 .data.uwTickPrio
                0x20000004        0x4 ./Drivers/STM32U5xx_HAL_Driver/Src/stm32u5xx_hal.o
                0x20000004                uwTickPrio
 .data.uwTickFreq
                0x20000008        0x1 ./Drivers/STM32U5xx_HAL_Driver/Src/stm32u5xx_hal.o
                0x20000008                uwTickFreq
 *fill*         0x20000009        0x3 
 .data.egstrNmBusCapabilities
                0x2000000c        0x2 ./winc1500/bus_wrapper/source/nm_bus_wrapper_stm32u5a5.o
                0x2000000c                egstrNmBusCapabilities
 *fill*         0x2000000e        0x2 
 .data.__sglue  0x20000010        0xc /opt/st/stm32cubeide_1.15.0/plugins/com.st.stm32cube.ide.mcu.externaltools.gnu-tools-for-stm32.12.3.rel1.linux64_1.0.100.202403111256/tools/bin/../lib/gcc/arm-none-eabi/12.3.1/../../../../arm-none-eabi/lib/thumb/v8-m.main+fp/hard/libc_nano.a(libc_a-findfp.o)
                0x20000010                __sglue
 .data._impure_ptr
                0x2000001c        0x4 /opt/st/stm32cubeide_1.15.0/plugins/com.st.stm32cube.ide.mcu.externaltools.gnu-tools-for-stm32.12.3.rel1.linux64_1.0.100.202403111256/tools/bin/../lib/gcc/arm-none-eabi/12.3.1/../../../../arm-none-eabi/lib/thumb/v8-m.main+fp/hard/libc_nano.a(libc_a-impure.o)
                0x2000001c                _impure_ptr
 .data._impure_data
                0x20000020       0x4c /opt/st/stm32cubeide_1.15.0/plugins/com.st.stm32cube.ide.mcu.externaltools.gnu-tools-for-stm32.12.3.rel1.linux64_1.0.100.202403111256/tools/bin/../lib/gcc/arm-none-eabi/12.3.1/../../../../arm-none-eabi/lib/thumb/v8-m.main+fp/hard/libc_nano.a(libc_a-impure.o)
                0x20000020                _impure_data
 *(.RamFunc)
 *(.RamFunc*)
                0x2000006c                        _edata = .

.igot.plt       0x2000006c        0x0 load address 0x0800eaec
 .igot.plt      0x2000006c        0x0 /opt/st/stm32cubeide_1.15.0/plugins/com.st.stm32cube.ide.mcu.externaltools.gnu-tools-for-stm32.12.3.rel1.linux64_1.0.100.202403111256/tools/bin/../lib/gcc/arm-none-eabi/12.3.1/thumb/v8-m.main+fp/hard/crtbegin.o

.bss            0x2000006c      0x71e load address 0x0800eaec
                0x2000006c                        _sbss = .
                0x2000006c                        __bss_start__ = _sbss
 *(.bss)
 .bss           0x2000006c       0x1c /opt/st/stm32cubeide_1.15.0/plugins/com.st.stm32cube.ide.mcu.externaltools.gnu-tools-for-stm32.12.3.rel1.linux64_1.0.100.202403111256/tools/bin/../lib/gcc/arm-none-eabi/12.3.1/thumb/v8-m.main+fp/hard/crtbegin.o
 *(.bss*)
 .bss.hadc1     0x20000088       0x8c ./Core/Src/main.o
                0x20000088                hadc1
 .bss.hcryp     0x20000114       0x68 ./Core/Src/main.o
                0x20000114                hcryp
 .bss.pKeyAES   0x2000017c       0x10 ./Core/Src/main.o
                0x2000017c                pKeyAES
 .bss.pInitVectAES
                0x2000018c       0x10 ./Core/Src/main.o
                0x2000018c                pInitVectAES
 .bss.hi2c1     0x2000019c       0x54 ./Core/Src/main.o
                0x2000019c                hi2c1
 .bss.hspi1     0x200001f0       0x90 ./Core/Src/main.o
                0x200001f0                hspi1
 .bss.huart4    0x20000280       0x94 ./Core/Src/main.o
                0x20000280                huart4
 .bss.huart1    0x20000314       0x94 ./Core/Src/main.o
                0x20000314                huart1
 .bss.UartHandle
                0x200003a8       0x94 ./Core/Src/main.o
                0x200003a8                UartHandle
 .bss.__sbrk_heap_end
                0x2000043c        0x4 ./Core/Src/sysmem.o
 .bss.uwTick    0x20000440        0x4 ./Drivers/STM32U5xx_HAL_Driver/Src/stm32u5xx_hal.o
                0x20000440                uwTick
 .bss.hspiWifi  0x20000444       0x90 ./winc1500/bus_wrapper/source/nm_bus_wrapper_stm32u5a5.o
                0x20000444                hspiWifi
 .bss.spiDummyBuf
                0x200004d4      0x12c ./winc1500/bus_wrapper/source/nm_bus_wrapper_stm32u5a5.o
 .bss.gstrHifCxt
                0x20000600       0x2c ./winc1500/driver/source/m2m_hif.o
                0x20000600                gstrHifCxt
 .bss.gu8ChNum  0x2000062c        0x1 ./winc1500/driver/source/m2m_wifi.o
 .bss.gu8WifiState
                0x2000062d        0x1 ./winc1500/driver/source/m2m_wifi.o
 *fill*         0x2000062e        0x2 
 .bss.gpfAppWifiCb
                0x20000630        0x4 ./winc1500/driver/source/m2m_wifi.o
 .bss.gu8scanInProgress
                0x20000634        0x1 ./winc1500/driver/source/m2m_wifi.o
 *fill*         0x20000635        0x3 
 .bss.chipid.2  0x20000638        0x4 ./winc1500/driver/source/nmasic.o
 .bss.gu8Crc_off
                0x2000063c        0x1 ./winc1500/driver/source/nmspi.o
 *fill*         0x2000063d        0x3 
 .bss.__malloc_sbrk_start
                0x20000640        0x4 /opt/st/stm32cubeide_1.15.0/plugins/com.st.stm32cube.ide.mcu.externaltools.gnu-tools-for-stm32.12.3.rel1.linux64_1.0.100.202403111256/tools/bin/../lib/gcc/arm-none-eabi/12.3.1/../../../../arm-none-eabi/lib/thumb/v8-m.main+fp/hard/libc_nano.a(libc_a-mallocr.o)
                0x20000640                __malloc_sbrk_start
 .bss.__malloc_free_list
                0x20000644        0x4 /opt/st/stm32cubeide_1.15.0/plugins/com.st.stm32cube.ide.mcu.externaltools.gnu-tools-for-stm32.12.3.rel1.linux64_1.0.100.202403111256/tools/bin/../lib/gcc/arm-none-eabi/12.3.1/../../../../arm-none-eabi/lib/thumb/v8-m.main+fp/hard/libc_nano.a(libc_a-mallocr.o)
                0x20000644                __malloc_free_list
 .bss.__sf      0x20000648      0x138 /opt/st/stm32cubeide_1.15.0/plugins/com.st.stm32cube.ide.mcu.externaltools.gnu-tools-for-stm32.12.3.rel1.linux64_1.0.100.202403111256/tools/bin/../lib/gcc/arm-none-eabi/12.3.1/../../../../arm-none-eabi/lib/thumb/v8-m.main+fp/hard/libc_nano.a(libc_a-findfp.o)
                0x20000648                __sf
 .bss.__stdio_exit_handler
                0x20000780        0x4 /opt/st/stm32cubeide_1.15.0/plugins/com.st.stm32cube.ide.mcu.externaltools.gnu-tools-for-stm32.12.3.rel1.linux64_1.0.100.202403111256/tools/bin/../lib/gcc/arm-none-eabi/12.3.1/../../../../arm-none-eabi/lib/thumb/v8-m.main+fp/hard/libc_nano.a(libc_a-findfp.o)
                0x20000780                __stdio_exit_handler
 .bss.errno     0x20000784        0x4 /opt/st/stm32cubeide_1.15.0/plugins/com.st.stm32cube.ide.mcu.externaltools.gnu-tools-for-stm32.12.3.rel1.linux64_1.0.100.202403111256/tools/bin/../lib/gcc/arm-none-eabi/12.3.1/../../../../arm-none-eabi/lib/thumb/v8-m.main+fp/hard/libc_nano.a(libc_a-reent.o)
                0x20000784                errno
 .bss.__lock___malloc_recursive_mutex
                0x20000788        0x1 /opt/st/stm32cubeide_1.15.0/plugins/com.st.stm32cube.ide.mcu.externaltools.gnu-tools-for-stm32.12.3.rel1.linux64_1.0.100.202403111256/tools/bin/../lib/gcc/arm-none-eabi/12.3.1/../../../../arm-none-eabi/lib/thumb/v8-m.main+fp/hard/libc_nano.a(libc_a-lock.o)
                0x20000788                __lock___malloc_recursive_mutex
 .bss.__lock___sfp_recursive_mutex
                0x20000789        0x1 /opt/st/stm32cubeide_1.15.0/plugins/com.st.stm32cube.ide.mcu.externaltools.gnu-tools-for-stm32.12.3.rel1.linux64_1.0.100.202403111256/tools/bin/../lib/gcc/arm-none-eabi/12.3.1/../../../../arm-none-eabi/lib/thumb/v8-m.main+fp/hard/libc_nano.a(libc_a-lock.o)
                0x20000789                __lock___sfp_recursive_mutex
 *(COMMON)
                0x2000078a                        _ebss = .
                0x2000078a                        __bss_end__ = _ebss

._user_heap_stack
                0x2000078a      0x606 load address 0x0800eaec
                0x20000790                        . = ALIGN (0x8)
 *fill*         0x2000078a        0x6 
                [!provide]                        PROVIDE (end = .)
                0x20000790                        PROVIDE (_end = .)
                0x20000990                        . = (. + _Min_Heap_Size)
 *fill*         0x20000790      0x200 
                0x20000d90                        . = (. + _Min_Stack_Size)
 *fill*         0x20000990      0x400 
                0x20000d90                        . = ALIGN (0x8)

/DISCARD/
 libc.a(*)
 libm.a(*)
 libgcc.a(*)

.ARM.attributes
                0x00000000       0x36
 *(.ARM.attributes)
 .ARM.attributes
                0x00000000       0x26 /opt/st/stm32cubeide_1.15.0/plugins/com.st.stm32cube.ide.mcu.externaltools.gnu-tools-for-stm32.12.3.rel1.linux64_1.0.100.202403111256/tools/bin/../lib/gcc/arm-none-eabi/12.3.1/thumb/v8-m.main+fp/hard/crti.o
 .ARM.attributes
                0x00000026       0x38 /opt/st/stm32cubeide_1.15.0/plugins/com.st.stm32cube.ide.mcu.externaltools.gnu-tools-for-stm32.12.3.rel1.linux64_1.0.100.202403111256/tools/bin/../lib/gcc/arm-none-eabi/12.3.1/thumb/v8-m.main+fp/hard/crtbegin.o
 .ARM.attributes
                0x0000005e       0x3a ./Core/Src/main.o
 .ARM.attributes
                0x00000098       0x3a ./Core/Src/stm32u5xx_hal_msp.o
 .ARM.attributes
                0x000000d2       0x3a ./Core/Src/stm32u5xx_it.o
 .ARM.attributes
                0x0000010c       0x3a ./Core/Src/syscalls.o
 .ARM.attributes
                0x00000146       0x3a ./Core/Src/sysmem.o
 .ARM.attributes
                0x00000180       0x3a ./Core/Src/system_stm32u5xx.o
 .ARM.attributes
                0x000001ba       0x24 ./Core/Startup/startup_stm32u5a5zjtxq.o
 .ARM.attributes
                0x000001de       0x3a ./Drivers/STM32U5xx_HAL_Driver/Src/stm32u5xx_hal.o
 .ARM.attributes
                0x00000218       0x3a ./Drivers/STM32U5xx_HAL_Driver/Src/stm32u5xx_hal_adc.o
 .ARM.attributes
                0x00000252       0x3a ./Drivers/STM32U5xx_HAL_Driver/Src/stm32u5xx_hal_cortex.o
 .ARM.attributes
                0x0000028c       0x3a ./Drivers/STM32U5xx_HAL_Driver/Src/stm32u5xx_hal_cryp.o
 .ARM.attributes
                0x000002c6       0x3a ./Drivers/STM32U5xx_HAL_Driver/Src/stm32u5xx_hal_gpio.o
 .ARM.attributes
                0x00000300       0x3a ./Drivers/STM32U5xx_HAL_Driver/Src/stm32u5xx_hal_i2c.o
 .ARM.attributes
                0x0000033a       0x3a ./Drivers/STM32U5xx_HAL_Driver/Src/stm32u5xx_hal_i2c_ex.o
 .ARM.attributes
                0x00000374       0x3a ./Drivers/STM32U5xx_HAL_Driver/Src/stm32u5xx_hal_icache.o
 .ARM.attributes
                0x000003ae       0x3a ./Drivers/STM32U5xx_HAL_Driver/Src/stm32u5xx_hal_pwr.o
 .ARM.attributes
                0x000003e8       0x3a ./Drivers/STM32U5xx_HAL_Driver/Src/stm32u5xx_hal_pwr_ex.o
 .ARM.attributes
                0x00000422       0x3a ./Drivers/STM32U5xx_HAL_Driver/Src/stm32u5xx_hal_rcc.o
 .ARM.attributes
                0x0000045c       0x3a ./Drivers/STM32U5xx_HAL_Driver/Src/stm32u5xx_hal_rcc_ex.o
 .ARM.attributes
                0x00000496       0x3a ./Drivers/STM32U5xx_HAL_Driver/Src/stm32u5xx_hal_spi.o
 .ARM.attributes
                0x000004d0       0x3a ./Drivers/STM32U5xx_HAL_Driver/Src/stm32u5xx_hal_spi_ex.o
 .ARM.attributes
                0x0000050a       0x3a ./Drivers/STM32U5xx_HAL_Driver/Src/stm32u5xx_hal_uart.o
 .ARM.attributes
                0x00000544       0x3a ./Drivers/STM32U5xx_HAL_Driver/Src/stm32u5xx_hal_uart_ex.o
 .ARM.attributes
                0x0000057e       0x3a ./winc1500/bsp/source/nm_bsp_stm32u5a5.o
 .ARM.attributes
                0x000005b8       0x3a ./winc1500/bus_wrapper/source/nm_bus_wrapper_stm32u5a5.o
 .ARM.attributes
                0x000005f2       0x3a ./winc1500/common/source/nm_common.o
 .ARM.attributes
                0x0000062c       0x3a ./winc1500/driver/source/m2m_hif.o
 .ARM.attributes
                0x00000666       0x3a ./winc1500/driver/source/m2m_wifi.o
 .ARM.attributes
                0x000006a0       0x3a ./winc1500/driver/source/nmasic.o
 .ARM.attributes
                0x000006da       0x3a ./winc1500/driver/source/nmbus.o
 .ARM.attributes
                0x00000714       0x3a ./winc1500/driver/source/nmdrv.o
 .ARM.attributes
                0x0000074e       0x3a ./winc1500/driver/source/nmspi.o
 .ARM.attributes
                0x00000788       0x3a ./winc1500/spi_flash/source/spi_flash.o
 .ARM.attributes
                0x000007c2       0x38 /opt/st/stm32cubeide_1.15.0/plugins/com.st.stm32cube.ide.mcu.externaltools.gnu-tools-for-stm32.12.3.rel1.linux64_1.0.100.202403111256/tools/bin/../lib/gcc/arm-none-eabi/12.3.1/../../../../arm-none-eabi/lib/thumb/v8-m.main+fp/hard/libc_nano.a(libc_a-mallocr.o)
 .ARM.attributes
                0x000007fa       0x38 /opt/st/stm32cubeide_1.15.0/plugins/com.st.stm32cube.ide.mcu.externaltools.gnu-tools-for-stm32.12.3.rel1.linux64_1.0.100.202403111256/tools/bin/../lib/gcc/arm-none-eabi/12.3.1/../../../../arm-none-eabi/lib/thumb/v8-m.main+fp/hard/libc_nano.a(libc_a-mlock.o)
 .ARM.attributes
                0x00000832       0x38 /opt/st/stm32cubeide_1.15.0/plugins/com.st.stm32cube.ide.mcu.externaltools.gnu-tools-for-stm32.12.3.rel1.linux64_1.0.100.202403111256/tools/bin/../lib/gcc/arm-none-eabi/12.3.1/../../../../arm-none-eabi/lib/thumb/v8-m.main+fp/hard/libc_nano.a(libc_a-findfp.o)
 .ARM.attributes
                0x0000086a       0x38 /opt/st/stm32cubeide_1.15.0/plugins/com.st.stm32cube.ide.mcu.externaltools.gnu-tools-for-stm32.12.3.rel1.linux64_1.0.100.202403111256/tools/bin/../lib/gcc/arm-none-eabi/12.3.1/../../../../arm-none-eabi/lib/thumb/v8-m.main+fp/hard/libc_nano.a(libc_a-fwalk.o)
 .ARM.attributes
                0x000008a2       0x38 /opt/st/stm32cubeide_1.15.0/plugins/com.st.stm32cube.ide.mcu.externaltools.gnu-tools-for-stm32.12.3.rel1.linux64_1.0.100.202403111256/tools/bin/../lib/gcc/arm-none-eabi/12.3.1/../../../../arm-none-eabi/lib/thumb/v8-m.main+fp/hard/libc_nano.a(libc_a-printf.o)
 .ARM.attributes
                0x000008da       0x38 /opt/st/stm32cubeide_1.15.0/plugins/com.st.stm32cube.ide.mcu.externaltools.gnu-tools-for-stm32.12.3.rel1.linux64_1.0.100.202403111256/tools/bin/../lib/gcc/arm-none-eabi/12.3.1/../../../../arm-none-eabi/lib/thumb/v8-m.main+fp/hard/libc_nano.a(libc_a-putchar.o)
 .ARM.attributes
                0x00000912       0x38 /opt/st/stm32cubeide_1.15.0/plugins/com.st.stm32cube.ide.mcu.externaltools.gnu-tools-for-stm32.12.3.rel1.linux64_1.0.100.202403111256/tools/bin/../lib/gcc/arm-none-eabi/12.3.1/../../../../arm-none-eabi/lib/thumb/v8-m.main+fp/hard/libc_nano.a(libc_a-puts.o)
 .ARM.attributes
                0x0000094a       0x38 /opt/st/stm32cubeide_1.15.0/plugins/com.st.stm32cube.ide.mcu.externaltools.gnu-tools-for-stm32.12.3.rel1.linux64_1.0.100.202403111256/tools/bin/../lib/gcc/arm-none-eabi/12.3.1/../../../../arm-none-eabi/lib/thumb/v8-m.main+fp/hard/libc_nano.a(libc_a-stdio.o)
 .ARM.attributes
                0x00000982       0x38 /opt/st/stm32cubeide_1.15.0/plugins/com.st.stm32cube.ide.mcu.externaltools.gnu-tools-for-stm32.12.3.rel1.linux64_1.0.100.202403111256/tools/bin/../lib/gcc/arm-none-eabi/12.3.1/../../../../arm-none-eabi/lib/thumb/v8-m.main+fp/hard/libc_nano.a(libc_a-wbuf.o)
 .ARM.attributes
                0x000009ba       0x38 /opt/st/stm32cubeide_1.15.0/plugins/com.st.stm32cube.ide.mcu.externaltools.gnu-tools-for-stm32.12.3.rel1.linux64_1.0.100.202403111256/tools/bin/../lib/gcc/arm-none-eabi/12.3.1/../../../../arm-none-eabi/lib/thumb/v8-m.main+fp/hard/libc_nano.a(libc_a-wsetup.o)
 .ARM.attributes
                0x000009f2       0x38 /opt/st/stm32cubeide_1.15.0/plugins/com.st.stm32cube.ide.mcu.externaltools.gnu-tools-for-stm32.12.3.rel1.linux64_1.0.100.202403111256/tools/bin/../lib/gcc/arm-none-eabi/12.3.1/../../../../arm-none-eabi/lib/thumb/v8-m.main+fp/hard/libc_nano.a(libc_a-memset.o)
 .ARM.attributes
                0x00000a2a       0x38 /opt/st/stm32cubeide_1.15.0/plugins/com.st.stm32cube.ide.mcu.externaltools.gnu-tools-for-stm32.12.3.rel1.linux64_1.0.100.202403111256/tools/bin/../lib/gcc/arm-none-eabi/12.3.1/../../../../arm-none-eabi/lib/thumb/v8-m.main+fp/hard/libc_nano.a(libc_a-closer.o)
 .ARM.attributes
                0x00000a62       0x38 /opt/st/stm32cubeide_1.15.0/plugins/com.st.stm32cube.ide.mcu.externaltools.gnu-tools-for-stm32.12.3.rel1.linux64_1.0.100.202403111256/tools/bin/../lib/gcc/arm-none-eabi/12.3.1/../../../../arm-none-eabi/lib/thumb/v8-m.main+fp/hard/libc_nano.a(libc_a-reent.o)
 .ARM.attributes
                0x00000a9a       0x38 /opt/st/stm32cubeide_1.15.0/plugins/com.st.stm32cube.ide.mcu.externaltools.gnu-tools-for-stm32.12.3.rel1.linux64_1.0.100.202403111256/tools/bin/../lib/gcc/arm-none-eabi/12.3.1/../../../../arm-none-eabi/lib/thumb/v8-m.main+fp/hard/libc_nano.a(libc_a-impure.o)
 .ARM.attributes
                0x00000ad2       0x38 /opt/st/stm32cubeide_1.15.0/plugins/com.st.stm32cube.ide.mcu.externaltools.gnu-tools-for-stm32.12.3.rel1.linux64_1.0.100.202403111256/tools/bin/../lib/gcc/arm-none-eabi/12.3.1/../../../../arm-none-eabi/lib/thumb/v8-m.main+fp/hard/libc_nano.a(libc_a-lseekr.o)
 .ARM.attributes
                0x00000b0a       0x38 /opt/st/stm32cubeide_1.15.0/plugins/com.st.stm32cube.ide.mcu.externaltools.gnu-tools-for-stm32.12.3.rel1.linux64_1.0.100.202403111256/tools/bin/../lib/gcc/arm-none-eabi/12.3.1/../../../../arm-none-eabi/lib/thumb/v8-m.main+fp/hard/libc_nano.a(libc_a-readr.o)
 .ARM.attributes
                0x00000b42       0x38 /opt/st/stm32cubeide_1.15.0/plugins/com.st.stm32cube.ide.mcu.externaltools.gnu-tools-for-stm32.12.3.rel1.linux64_1.0.100.202403111256/tools/bin/../lib/gcc/arm-none-eabi/12.3.1/../../../../arm-none-eabi/lib/thumb/v8-m.main+fp/hard/libc_nano.a(libc_a-sbrkr.o)
 .ARM.attributes
                0x00000b7a       0x38 /opt/st/stm32cubeide_1.15.0/plugins/com.st.stm32cube.ide.mcu.externaltools.gnu-tools-for-stm32.12.3.rel1.linux64_1.0.100.202403111256/tools/bin/../lib/gcc/arm-none-eabi/12.3.1/../../../../arm-none-eabi/lib/thumb/v8-m.main+fp/hard/libc_nano.a(libc_a-writer.o)
 .ARM.attributes
                0x00000bb2       0x38 /opt/st/stm32cubeide_1.15.0/plugins/com.st.stm32cube.ide.mcu.externaltools.gnu-tools-for-stm32.12.3.rel1.linux64_1.0.100.202403111256/tools/bin/../lib/gcc/arm-none-eabi/12.3.1/../../../../arm-none-eabi/lib/thumb/v8-m.main+fp/hard/libc_nano.a(libc_a-errno.o)
 .ARM.attributes
                0x00000bea       0x38 /opt/st/stm32cubeide_1.15.0/plugins/com.st.stm32cube.ide.mcu.externaltools.gnu-tools-for-stm32.12.3.rel1.linux64_1.0.100.202403111256/tools/bin/../lib/gcc/arm-none-eabi/12.3.1/../../../../arm-none-eabi/lib/thumb/v8-m.main+fp/hard/libc_nano.a(libc_a-init.o)
 .ARM.attributes
                0x00000c22       0x38 /opt/st/stm32cubeide_1.15.0/plugins/com.st.stm32cube.ide.mcu.externaltools.gnu-tools-for-stm32.12.3.rel1.linux64_1.0.100.202403111256/tools/bin/../lib/gcc/arm-none-eabi/12.3.1/../../../../arm-none-eabi/lib/thumb/v8-m.main+fp/hard/libc_nano.a(libc_a-lock.o)
 .ARM.attributes
                0x00000c5a       0x38 /opt/st/stm32cubeide_1.15.0/plugins/com.st.stm32cube.ide.mcu.externaltools.gnu-tools-for-stm32.12.3.rel1.linux64_1.0.100.202403111256/tools/bin/../lib/gcc/arm-none-eabi/12.3.1/../../../../arm-none-eabi/lib/thumb/v8-m.main+fp/hard/libc_nano.a(libc_a-freer.o)
 .ARM.attributes
                0x00000c92       0x38 /opt/st/stm32cubeide_1.15.0/plugins/com.st.stm32cube.ide.mcu.externaltools.gnu-tools-for-stm32.12.3.rel1.linux64_1.0.100.202403111256/tools/bin/../lib/gcc/arm-none-eabi/12.3.1/../../../../arm-none-eabi/lib/thumb/v8-m.main+fp/hard/libc_nano.a(libc_a-nano-vfprintf.o)
 .ARM.attributes
                0x00000cca       0x38 /opt/st/stm32cubeide_1.15.0/plugins/com.st.stm32cube.ide.mcu.externaltools.gnu-tools-for-stm32.12.3.rel1.linux64_1.0.100.202403111256/tools/bin/../lib/gcc/arm-none-eabi/12.3.1/../../../../arm-none-eabi/lib/thumb/v8-m.main+fp/hard/libc_nano.a(libc_a-nano-vfprintf_i.o)
 .ARM.attributes
                0x00000d02       0x38 /opt/st/stm32cubeide_1.15.0/plugins/com.st.stm32cube.ide.mcu.externaltools.gnu-tools-for-stm32.12.3.rel1.linux64_1.0.100.202403111256/tools/bin/../lib/gcc/arm-none-eabi/12.3.1/../../../../arm-none-eabi/lib/thumb/v8-m.main+fp/hard/libc_nano.a(libc_a-fflush.o)
 .ARM.attributes
                0x00000d3a       0x38 /opt/st/stm32cubeide_1.15.0/plugins/com.st.stm32cube.ide.mcu.externaltools.gnu-tools-for-stm32.12.3.rel1.linux64_1.0.100.202403111256/tools/bin/../lib/gcc/arm-none-eabi/12.3.1/../../../../arm-none-eabi/lib/thumb/v8-m.main+fp/hard/libc_nano.a(libc_a-makebuf.o)
 .ARM.attributes
                0x00000d72       0x38 /opt/st/stm32cubeide_1.15.0/plugins/com.st.stm32cube.ide.mcu.externaltools.gnu-tools-for-stm32.12.3.rel1.linux64_1.0.100.202403111256/tools/bin/../lib/gcc/arm-none-eabi/12.3.1/../../../../arm-none-eabi/lib/thumb/v8-m.main+fp/hard/libc_nano.a(libc_a-putc.o)
 .ARM.attributes