Archive member included to satisfy reference by file (symbol)

C:/ST/STM32CubeIDE_1.16.0/STM32CubeIDE/plugins/com.st.stm32cube.ide.mcu.externaltools.gnu-tools-for-stm32.12.3.rel1.win32_1.0.200.202406191623/tools/bin/../lib/gcc/arm-none-eabi/12.3.1/../../../../arm-none-eabi/lib/thumb/v8-m.main+fp/hard\libc_nano.a(libc_a-exit.o)
                              C:/ST/STM32CubeIDE_1.16.0/STM32CubeIDE/plugins/com.st.stm32cube.ide.mcu.externaltools.gnu-tools-for-stm32.12.3.rel1.win32_1.0.200.202406191623/tools/bin/../lib/gcc/arm-none-eabi/12.3.1/../../../../arm-none-eabi/lib/thumb/v8-m.main+fp/hard/crt0.o (exit)
C:/ST/STM32CubeIDE_1.16.0/STM32CubeIDE/plugins/com.st.stm32cube.ide.mcu.externaltools.gnu-tools-for-stm32.12.3.rel1.win32_1.0.200.202406191623/tools/bin/../lib/gcc/arm-none-eabi/12.3.1/../../../../arm-none-eabi/lib/thumb/v8-m.main+fp/hard\libc_nano.a(libc_a-malloc.o)
                              ./winc1500/driver/source/m2m_wifi.o (malloc)
C:/ST/STM32CubeIDE_1.16.0/STM32CubeIDE/plugins/com.st.stm32cube.ide.mcu.externaltools.gnu-tools-for-stm32.12.3.rel1.win32_1.0.200.202406191623/tools/bin/../lib/gcc/arm-none-eabi/12.3.1/../../../../arm-none-eabi/lib/thumb/v8-m.main+fp/hard\libc_nano.a(libc_a-mallocr.o)
                              C:/ST/STM32CubeIDE_1.16.0/STM32CubeIDE/plugins/com.st.stm32cube.ide.mcu.externaltools.gnu-tools-for-stm32.12.3.rel1.win32_1.0.200.202406191623/tools/bin/../lib/gcc/arm-none-eabi/12.3.1/../../../../arm-none-eabi/lib/thumb/v8-m.main+fp/hard\libc_nano.a(libc_a-malloc.o) (_malloc_r)
C:/ST/STM32CubeIDE_1.16.0/STM32CubeIDE/plugins/com.st.stm32cube.ide.mcu.externaltools.gnu-tools-for-stm32.12.3.rel1.win32_1.0.200.202406191623/tools/bin/../lib/gcc/arm-none-eabi/12.3.1/../../../../arm-none-eabi/lib/thumb/v8-m.main+fp/hard\libc_nano.a(libc_a-mlock.o)
                              C:/ST/STM32CubeIDE_1.16.0/STM32CubeIDE/plugins/com.st.stm32cube.ide.mcu.externaltools.gnu-tools-for-stm32.12.3.rel1.win32_1.0.200.202406191623/tools/bin/../lib/gcc/arm-none-eabi/12.3.1/../../../../arm-none-eabi/lib/thumb/v8-m.main+fp/hard\libc_nano.a(libc_a-mallocr.o) (__malloc_lock)
C:/ST/STM32CubeIDE_1.16.0/STM32CubeIDE/plugins/com.st.stm32cube.ide.mcu.externaltools.gnu-tools-for-stm32.12.3.rel1.win32_1.0.200.202406191623/tools/bin/../lib/gcc/arm-none-eabi/12.3.1/../../../../arm-none-eabi/lib/thumb/v8-m.main+fp/hard\libc_nano.a(libc_a-findfp.o)
                              C:/ST/STM32CubeIDE_1.16.0/STM32CubeIDE/plugins/com.st.stm32cube.ide.mcu.externaltools.gnu-tools-for-stm32.12.3.rel1.win32_1.0.200.202406191623/tools/bin/../lib/gcc/arm-none-eabi/12.3.1/../../../../arm-none-eabi/lib/thumb/v8-m.main+fp/hard\libc_nano.a(libc_a-exit.o) (__stdio_exit_handler)
C:/ST/STM32CubeIDE_1.16.0/STM32CubeIDE/plugins/com.st.stm32cube.ide.mcu.externaltools.gnu-tools-for-stm32.12.3.rel1.win32_1.0.200.202406191623/tools/bin/../lib/gcc/arm-none-eabi/12.3.1/../../../../arm-none-eabi/lib/thumb/v8-m.main+fp/hard\libc_nano.a(libc_a-fwalk.o)
                              C:/ST/STM32CubeIDE_1.16.0/STM32CubeIDE/plugins/com.st.stm32cube.ide.mcu.externaltools.gnu-tools-for-stm32.12.3.rel1.win32_1.0.200.202406191623/tools/bin/../lib/gcc/arm-none-eabi/12.3.1/../../../../arm-none-eabi/lib/thumb/v8-m.main+fp/hard\libc_nano.a(libc_a-findfp.o) (_fwalk_sglue)
C:/ST/STM32CubeIDE_1.16.0/STM32CubeIDE/plugins/com.st.stm32cube.ide.mcu.externaltools.gnu-tools-for-stm32.12.3.rel1.win32_1.0.200.202406191623/tools/bin/../lib/gcc/arm-none-eabi/12.3.1/../../../../arm-none-eabi/lib/thumb/v8-m.main+fp/hard\libc_nano.a(libc_a-printf.o)
                              ./Core/Src/main.o (printf)
C:/ST/STM32CubeIDE_1.16.0/STM32CubeIDE/plugins/com.st.stm32cube.ide.mcu.externaltools.gnu-tools-for-stm32.12.3.rel1.win32_1.0.200.202406191623/tools/bin/../lib/gcc/arm-none-eabi/12.3.1/../../../../arm-none-eabi/lib/thumb/v8-m.main+fp/hard\libc_nano.a(libc_a-putchar.o)
                              ./winc1500/bus_wrapper/source/nm_bus_wrapper_stm32u5a5.o (putchar)
C:/ST/STM32CubeIDE_1.16.0/STM32CubeIDE/plugins/com.st.stm32cube.ide.mcu.externaltools.gnu-tools-for-stm32.12.3.rel1.win32_1.0.200.202406191623/tools/bin/../lib/gcc/arm-none-eabi/12.3.1/../../../../arm-none-eabi/lib/thumb/v8-m.main+fp/hard\libc_nano.a(libc_a-puts.o)
                              ./Core/Src/main.o (puts)
C:/ST/STM32CubeIDE_1.16.0/STM32CubeIDE/plugins/com.st.stm32cube.ide.mcu.externaltools.gnu-tools-for-stm32.12.3.rel1.win32_1.0.200.202406191623/tools/bin/../lib/gcc/arm-none-eabi/12.3.1/../../../../arm-none-eabi/lib/thumb/v8-m.main+fp/hard\libc_nano.a(libc_a-stdio.o)
                              C:/ST/STM32CubeIDE_1.16.0/STM32CubeIDE/plugins/com.st.stm32cube.ide.mcu.externaltools.gnu-tools-for-stm32.12.3.rel1.win32_1.0.200.202406191623/tools/bin/../lib/gcc/arm-none-eabi/12.3.1/../../../../arm-none-eabi/lib/thumb/v8-m.main+fp/hard\libc_nano.a(libc_a-findfp.o) (__sread)
[...]
Memory Configuration

Name             Origin             Length             Attributes
RAM              0x20000000         0x00270000         xrw
SRAM4            0x28000000         0x00004000         xrw
FLASH            0x08000000         0x00400000         xr
*default*        0x00000000         0xffffffff

Linker script and memory map

LOAD C:/ST/STM32CubeIDE_1.16.0/STM32CubeIDE/plugins/com.st.stm32cube.ide.mcu.externaltools.gnu-tools-for-stm32.12.3.rel1.win32_1.0.200.202406191623/tools/bin/../lib/gcc/arm-none-eabi/12.3.1/thumb/v8-m.main+fp/hard/crti.o
LOAD C:/ST/STM32CubeIDE_1.16.0/STM32CubeIDE/plugins/com.st.stm32cube.ide.mcu.externaltools.gnu-tools-for-stm32.12.3.rel1.win32_1.0.200.202406191623/tools/bin/../lib/gcc/arm-none-eabi/12.3.1/thumb/v8-m.main+fp/hard/crtbegin.o
LOAD C:/ST/STM32CubeIDE_1.16.0/STM32CubeIDE/plugins/com.st.stm32cube.ide.mcu.externaltools.gnu-tools-for-stm32.12.3.rel1.win32_1.0.200.202406191623/tools/bin/../lib/gcc/arm-none-eabi/12.3.1/../../../../arm-none-eabi/lib/thumb/v8-m.main+fp/hard/crt0.o
LOAD ./Core/Src/main.o
LOAD ./Core/Src/stm32u5xx_hal_msp.o
LOAD ./Core/Src/stm32u5xx_it.o
LOAD ./Core/Src/syscalls.o
LOAD ./Core/Src/sysmem.o
LOAD ./Core/Src/system_stm32u5xx.o
LOAD ./Core/Startup/startup_stm32u5a5zjtxq.o
LOAD ./Drivers/BSP/STM32U5xx_Nucleo/stm32u5xx_nucleo.o
LOAD ./Drivers/STM32U5xx_HAL_Driver/Src/stm32u5xx_hal.o
LOAD ./Drivers/STM32U5xx_HAL_Driver/Src/stm32u5xx_hal_adc.o
LOAD ./Drivers/STM32U5xx_HAL_Driver/Src/stm32u5xx_hal_adc_ex.o
LOAD ./Drivers/STM32U5xx_HAL_Driver/Src/stm32u5xx_hal_cortex.o
LOAD ./Drivers/STM32U5xx_HAL_Driver/Src/stm32u5xx_hal_cryp.o
LOAD ./Drivers/STM32U5xx_HAL_Driver/Src/stm32u5xx_hal_cryp_ex.o
LOAD ./Drivers/STM32U5xx_HAL_Driver/Src/stm32u5xx_hal_dma.o
LOAD ./Drivers/STM32U5xx_HAL_Driver/Src/stm32u5xx_hal_dma_ex.o
LOAD ./Drivers/STM32U5xx_HAL_Driver/Src/stm32u5xx_hal_exti.o
LOAD ./Drivers/STM32U5xx_HAL_Driver/Src/stm32u5xx_hal_flash.o
LOAD ./Drivers/STM32U5xx_HAL_Driver/Src/stm32u5xx_hal_flash_ex.o
LOAD ./Drivers/STM32U5xx_HAL_Driver/Src/stm32u5xx_hal_gpio.o
LOAD ./Drivers/STM32U5xx_HAL_Driver/Src/stm32u5xx_hal_gtzc.o
LOAD ./Drivers/STM32U5xx_HAL_Driver/Src/stm32u5xx_hal_i2c.o
LOAD ./Drivers/STM32U5xx_HAL_Driver/Src/stm32u5xx_hal_i2c_ex.o
LOAD ./Drivers/STM32U5xx_HAL_Driver/Src/stm32u5xx_hal_icache.o
LOAD ./Drivers/STM32U5xx_HAL_Driver/Src/stm32u5xx_hal_pwr.o
LOAD ./Drivers/STM32U5xx_HAL_Driver/Src/stm32u5xx_hal_pwr_ex.o
LOAD ./Drivers/STM32U5xx_HAL_Driver/Src/stm32u5xx_hal_rcc.o
LOAD ./Drivers/STM32U5xx_HAL_Driver/Src/stm32u5xx_hal_rcc_ex.o
LOAD ./Drivers/STM32U5xx_HAL_Driver/Src/stm32u5xx_hal_spi.o
LOAD ./Drivers/STM32U5xx_HAL_Driver/Src/stm32u5xx_hal_spi_ex.o
LOAD ./Drivers/STM32U5xx_HAL_Driver/Src/stm32u5xx_hal_tim.o
LOAD ./Drivers/STM32U5xx_HAL_Driver/Src/stm32u5xx_hal_tim_ex.o
LOAD ./Drivers/STM32U5xx_HAL_Driver/Src/stm32u5xx_hal_uart.o
LOAD ./Drivers/STM32U5xx_HAL_Driver/Src/stm32u5xx_hal_uart_ex.o
LOAD ./winc1500/bsp/source/nm_bsp_stm32u5a5.o
LOAD ./winc1500/bus_wrapper/source/nm_bus_wrapper_stm32u5a5.o
LOAD ./winc1500/common/source/nm_common.o
LOAD ./winc1500/driver/source/m2m_ate_mode.o
LOAD ./winc1500/driver/source/m2m_crypto.o
LOAD ./winc1500/driver/source/m2m_hif.o
LOAD ./winc1500/driver/source/m2m_ota.o
LOAD ./winc1500/driver/source/m2m_periph.o
LOAD ./winc1500/driver/source/m2m_ssl.o
LOAD ./winc1500/driver/source/m2m_wifi.o
LOAD ./winc1500/driver/source/nmasic.o
LOAD ./winc1500/driver/source/nmbus.o
LOAD ./winc1500/driver/source/nmdrv.o
LOAD ./winc1500/driver/source/nmspi.o
LOAD ./winc1500/socket/source/socket.o
LOAD ./winc1500/spi_flash/source/flexible_flash.o
LOAD ./winc1500/spi_flash/source/spi_flash.o
START GROUP
LOAD C:/ST/STM32CubeIDE_1.16.0/STM32CubeIDE/plugins/com.st.stm32cube.ide.mcu.externaltools.gnu-tools-for-stm32.12.3.rel1.win32_1.0.200.202406191623/tools/bin/../lib/gcc/arm-none-eabi/12.3.1/../../../../arm-none-eabi/lib/thumb/v8-m.main+fp/hard\libc_nano.a
LOAD C:/ST/STM32CubeIDE_1.16.0/STM32CubeIDE/plugins/com.st.stm32cube.ide.mcu.externaltools.gnu-tools-for-stm32.12.3.rel1.win32_1.0.200.202406191623/tools/bin/../lib/gcc/arm-none-eabi/12.3.1/../../../../arm-none-eabi/lib/thumb/v8-m.main+fp/hard\libm.a
END GROUP
START GROUP
LOAD C:/ST/STM32CubeIDE_1.16.0/STM32CubeIDE/plugins/com.st.stm32cube.ide.mcu.externaltools.gnu-tools-for-stm32.12.3.rel1.win32_1.0.200.202406191623/tools/bin/../lib/gcc/arm-none-eabi/12.3.1/thumb/v8-m.main+fp/hard\libgcc.a
LOAD C:/ST/STM32CubeIDE_1.16.0/STM32CubeIDE/plugins/com.st.stm32cube.ide.mcu.externaltools.gnu-tools-for-stm32.12.3.rel1.win32_1.0.200.202406191623/tools/bin/../lib/gcc/arm-none-eabi/12.3.1/../../../../arm-none-eabi/lib/thumb/v8-m.main+fp/hard\libc_nano.a
END GROUP
START GROUP
LOAD C:/ST/STM32CubeIDE_1.16.0/STM32CubeIDE/plugins/com.st.stm32cube.ide.mcu.externaltools.gnu-tools-for-stm32.12.3.rel1.win32_1.0.200.202406191623/tools/bin/../lib/gcc/arm-none-eabi/12.3.1/thumb/v8-m.main+fp/hard\libgcc.a
LOAD C:/ST/STM32CubeIDE_1.16.0/STM32CubeIDE/plugins/com.st.stm32cube.ide.mcu.externaltools.gnu-tools-for-stm32.12.3.rel1.win32_1.0.200.202406191623/tools/bin/../lib/gcc/arm-none-eabi/12.3.1/../../../../arm-none-eabi/lib/thumb/v8-m.main+fp/hard\libc_nano.a
LOAD C:/ST/STM32CubeIDE_1.16.0/STM32CubeIDE/plugins/com.st.stm32cube.ide.mcu.externaltools.gnu-tools-for-stm32.12.3.rel1.win32_1.0.200.202406191623/tools/bin/../lib/gcc/arm-none-eabi/12.3.1/../../../../arm-none-eabi/lib/thumb/v8-m.main+fp/hard\libnosys.a
END GROUP
START GROUP
LOAD C:/ST/STM32CubeIDE_1.16.0/STM32CubeIDE/plugins/com.st.stm32cube.ide.mcu.externaltools.gnu-tools-for-stm32.12.3.rel1.win32_1.0.200.202406191623/tools/bin/../lib/gcc/arm-none-eabi/12.3.1/thumb/v8-m.main+fp/hard\libgcc.a
LOAD C:/ST/STM32CubeIDE_1.16.0/STM32CubeIDE/plugins/com.st.stm32cube.ide.mcu.externaltools.gnu-tools-for-stm32.12.3.rel1.win32_1.0.200.202406191623/tools/bin/../lib/gcc/arm-none-eabi/12.3.1/../../../../arm-none-eabi/lib/thumb/v8-m.main+fp/hard\libc_nano.a
LOAD C:/ST/STM32CubeIDE_1.16.0/STM32CubeIDE/plugins/com.st.stm32cube.ide.mcu.externaltools.gnu-tools-for-stm32.12.3.rel1.win32_1.0.200.202406191623/tools/bin/../lib/gcc/arm-none-eabi/12.3.1/../../../../arm-none-eabi/lib/thumb/v8-m.main+fp/hard\libnosys.a
END GROUP
LOAD C:/ST/STM32CubeIDE_1.16.0/STM32CubeIDE/plugins/com.st.stm32cube.ide.mcu.externaltools.gnu-tools-for-stm32.12.3.rel1.win32_1.0.200.202406191623/tools/bin/../lib/gcc/arm-none-eabi/12.3.1/thumb/v8-m.main+fp/hard/crtend.o
LOAD C:/ST/STM32CubeIDE_1.16.0/STM32CubeIDE/plugins/com.st.stm32cube.ide.mcu.externaltools.gnu-tools-for-stm32.12.3.rel1.win32_1.0.200.202406191623/tools/bin/../lib/gcc/arm-none-eabi/12.3.1/thumb/v8-m.main+fp/hard/crtn.o
                0x20270000                        _estack = (ORIGIN (RAM) + LENGTH (RAM))
                0x00000200                        _Min_Heap_Size = 0x200
                0x00000400                        _Min_Stack_Size = 0x400

.isr_vector     0x08000000      0x250
 *(.isr_vector)
 .isr_vector    0x08000000      0x250 ./Core/Startup/startup_stm32u5a5zjtxq.o
                0x08000000                g_pfnVectors

.text           0x08000250     0xf2e8
 *(.text)
 .text          0x08000250       0x40 C:/ST/STM32CubeIDE_1.16.0/STM32CubeIDE/plugins/com.st.stm32cube.ide.mcu.externaltools.gnu-tools-for-stm32.12.3.rel1.win32_1.0.200.202406191623/tools/bin/../lib/gcc/arm-none-eabi/12.3.1/thumb/v8-m.main+fp/hard/crtbegin.o
 .text          0x08000290      0x378 C:/ST/STM32CubeIDE_1.16.0/STM32CubeIDE/plugins/com.st.stm32cube.ide.mcu.externaltools.gnu-tools-for-stm32.12.3.rel1.win32_1.0.200.202406191623/tools/bin/../lib/gcc/arm-none-eabi/12.3.1/thumb/v8-m.main+fp/hard\libgcc.a(_arm_addsubdf3.o)
                0x08000290                __aeabi_drsub
                0x08000298                __aeabi_dsub
                0x08000298                __subdf3
                0x0800029c                __aeabi_dadd
                0x0800029c                __adddf3
                0x08000514                __floatunsidf
                0x08000514                __aeabi_ui2d
                0x08000534                __floatsidf
                0x08000534                __aeabi_i2d
                0x08000558                __aeabi_f2d
                0x08000558                __extendsfdf2
                0x0800059c                __floatundidf
                0x0800059c                __aeabi_ul2d
                0x080005ac                __floatdidf
                0x080005ac                __aeabi_l2d
 .text          0x08000608      0x424 C:/ST/STM32CubeIDE_1.16.0/STM32CubeIDE/plugins/com.st.stm32cube.ide.mcu.externaltools.gnu-tools-for-stm32.12.3.rel1.win32_1.0.200.202406191623/tools/bin/../lib/gcc/arm-none-eabi/12.3.1/thumb/v8-m.main+fp/hard\libgcc.a(_arm_muldivdf3.o)
                0x08000608                __aeabi_dmul
                0x08000608                __muldf3
                0x0800085c                __divdf3
                0x0800085c                __aeabi_ddiv
 .text          0x08000a2c       0x40 C:/ST/STM32CubeIDE_1.16.0/STM32CubeIDE/plugins/com.st.stm32cube.ide.mcu.externaltools.gnu-tools-for-stm32.12.3.rel1.win32_1.0.200.202406191623/tools/bin/../lib/gcc/arm-none-eabi/12.3.1/thumb/v8-m.main+fp/hard\libgcc.a(_arm_fixunsdfsi.o)
                0x08000a2c                __aeabi_d2uiz
                0x08000a2c                __fixunsdfsi
 .text          0x08000a6c       0x30 C:/ST/STM32CubeIDE_1.16.0/STM32CubeIDE/plugins/com.st.stm32cube.ide.mcu.externaltools.gnu-tools-for-stm32.12.3.rel1.win32_1.0.200.202406191623/tools/bin/../lib/gcc/arm-none-eabi/12.3.1/thumb/v8-m.main+fp/hard\libgcc.a(_aeabi_uldivmod.o)
                0x08000a6c                __aeabi_uldivmod
 .text          0x08000a9c      0x2e4 C:/ST/STM32CubeIDE_1.16.0/STM32CubeIDE/plugins/com.st.stm32cube.ide.mcu.externaltools.gnu-tools-for-stm32.12.3.rel1.win32_1.0.200.202406191623/tools/bin/../lib/gcc/arm-none-eabi/12.3.1/thumb/v8-m.main+fp/hard\libgcc.a(_udivmoddi4.o)
                0x08000a9c                __udivmoddi4
 .text          0x08000d80        0x4 C:/ST/STM32CubeIDE_1.16.0/STM32CubeIDE/plugins/com.st.stm32cube.ide.mcu.externaltools.gnu-tools-for-stm32.12.3.rel1.win32_1.0.200.202406191623/tools/bin/../lib/gcc/arm-none-eabi/12.3.1/thumb/v8-m.main+fp/hard\libgcc.a(_dvmd_tls.o)
                0x08000d80                __aeabi_idiv0
                0x08000d80                __aeabi_ldiv0
 *(.text*)
 .text.ITM_SendChar
                0x08000d84       0x4e ./Core/Src/main.o
 *fill*         0x08000dd2        0x2 
 .text.EXTI8_IRQHandler
                0x08000dd4       0x38 ./Core/Src/main.o
                0x08000dd4                EXTI8_IRQHandler
 .text.HAL_GPIO_EXTI_Rising_Callback
                0x08000e0c       0x1e ./Core/Src/main.o
                0x08000e0c                HAL_GPIO_EXTI_Rising_Callback
 *fill*         0x08000e2a        0x2 
 .text.wifi_cb  0x08000e2c       0xac ./Core/Src/main.o
 .text.HAL_TIM_IC_CaptureCallback
                0x08000ed8       0xfc ./Core/Src/main.o
                0x08000ed8                HAL_TIM_IC_CaptureCallback
 .text.main     0x08000fd4      0x180 ./Core/Src/main.o
                0x08000fd4                main
 .text.SystemClock_Config
                0x08001154       0xc2 ./Core/Src/main.o
 *fill*         0x08001216        0x2 
 .text.MX_ADC1_Init
                0x08001218       0xe0 ./Core/Src/main.o
 .text.MX_AES_Init
                0x080012f8       0x74 ./Core/Src/main.o
 .text.MX_I2C2_Init
                0x0800136c       0x80 ./Core/Src/main.o
 .text.MX_ICACHE_Init
                0x080013ec       0x26 ./Core/Src/main.o
 *fill*         0x08001412        0x2 
 .text.MX_SPI1_Init
                0x08001414       0xdc ./Core/Src/main.o
 .text.MX_SPI2_Init
                0x080014f0       0xdc ./Core/Src/main.o
 .text.MX_TIM1_Init
                0x080015cc       0xb4 ./Core/Src/main.o
 .text.MX_UART4_Init
                0x08001680       0x98 ./Core/Src/main.o
 .text.MX_GPIO_Init
                0x08001718      0x1f8 ./Core/Src/main.o
 .text._write   0x08001910       0x38 ./Core/Src/main.o
                0x08001910                _write
 .text.Error_Handler
                0x08001948        0xc ./Core/Src/main.o
                0x08001948                Error_Handler
 .text.HAL_MspInit
                0x08001954       0x34 ./Core/Src/stm32u5xx_hal_msp.o
                0x08001954                HAL_MspInit
 .text.HAL_ADC_MspInit
                0x08001988       0xc8 ./Core/Src/stm32u5xx_hal_msp.o
                0x08001988                HAL_ADC_MspInit
 .text.HAL_CRYP_MspInit
                0x08001a50       0x44 ./Core/Src/stm32u5xx_hal_msp.o
                0x08001a50                HAL_CRYP_MspInit
 .text.HAL_I2C_MspInit
                0x08001a94       0xd4 ./Core/Src/stm32u5xx_hal_msp.o
                0x08001a94                HAL_I2C_MspInit
 .text.HAL_SPI_MspInit
                0x08001b68      0x228 ./Core/Src/stm32u5xx_hal_msp.o
                0x08001b68                HAL_SPI_MspInit
 .text.HAL_TIM_IC_MspInit
                0x08001d90       0xa4 ./Core/Src/stm32u5xx_hal_msp.o
                0x08001d90                HAL_TIM_IC_MspInit
 .text.HAL_UART_MspInit
                0x08001e34      0x130 ./Core/Src/stm32u5xx_hal_msp.o
                0x08001e34                HAL_UART_MspInit
 .text.NMI_Handler
                0x08001f64        0x8 ./Core/Src/stm32u5xx_it.o
                0x08001f64                NMI_Handler
 .text.HardFault_Handler
                0x08001f6c       0x14 ./Core/Src/stm32u5xx_it.o
                0x08001f6c                HardFault_Handler
 .text.MemManage_Handler
                0x08001f80        0x8 ./Core/Src/stm32u5xx_it.o
                0x08001f80                MemManage_Handler
 .text.BusFault_Handler
                0x08001f88        0x8 ./Core/Src/stm32u5xx_it.o
                0x08001f88                BusFault_Handler
 .text.UsageFault_Handler
                0x08001f90        0x8 ./Core/Src/stm32u5xx_it.o
                0x08001f90                UsageFault_Handler
 .text.SVC_Handler
                0x08001f98        0xe ./Core/Src/stm32u5xx_it.o
                0x08001f98                SVC_Handler
 .text.DebugMon_Handler
                0x08001fa6        0xe ./Core/Src/stm32u5xx_it.o
                0x08001fa6                DebugMon_Handler
 .text.PendSV_Handler
                0x08001fb4        0xe ./Core/Src/stm32u5xx_it.o
                0x08001fb4                PendSV_Handler
 .text.SysTick_Handler
                0x08001fc2        0xc ./Core/Src/stm32u5xx_it.o
                0x08001fc2                SysTick_Handler
 *fill*         0x08001fce        0x2 
 .text.TIM1_CC_IRQHandler
                0x08001fd0       0x20 ./Core/Src/stm32u5xx_it.o
                0x08001fd0                TIM1_CC_IRQHandler
 .text._read    0x08001ff0       0x3a ./Core/Src/syscalls.o
                0x08001ff0                _read
 .text._close   0x0800202a       0x18 ./Core/Src/syscalls.o
                0x0800202a                _close
 .text._fstat   0x08002042       0x20 ./Core/Src/syscalls.o
                0x08002042                _fstat
 .text._isatty  0x08002062       0x16 ./Core/Src/syscalls.o
                0x08002062                _isatty
 .text._lseek   0x08002078       0x1a ./Core/Src/syscalls.o
                0x08002078                _lseek
 *fill*         0x08002092        0x2 
 .text._sbrk    0x08002094       0x6c ./Core/Src/sysmem.o
                0x08002094                _sbrk
 .text.SystemInit
                0x08002100       0x70 ./Core/Src/system_stm32u5xx.o
                0x08002100                SystemInit
 .text.Reset_Handler
                0x08002170       0x50 ./Core/Startup/startup_stm32u5a5zjtxq.o
                0x08002170                Reset_Handler
 .text.Default_Handler
                0x080021c0        0x2 ./Core/Startup/startup_stm32u5a5zjtxq.o
                0x080021c0                EXTI2_IRQHandler
                0x080021c0                TIM8_TRG_COM_IRQHandler
                0x080021c0                TIM8_CC_IRQHandler
                0x080021c0                EXTI5_IRQHandler
                0x080021c0                FLASH_S_IRQHandler
                0x080021c0                EXTI13_IRQHandler
                0x080021c0                TSC_IRQHandler
                0x080021c0                TAMP_IRQHandler
                0x080021c0                TIM6_IRQHandler
                0x080021c0                EXTI12_IRQHandler
                0x080021c0                CORDIC_IRQHandler
                0x080021c0                EXTI3_IRQHandler
                0x080021c0                LPTIM4_IRQHandler
                0x080021c0                GPDMA1_Channel5_IRQHandler
                0x080021c0                LPTIM2_IRQHandler
                0x080021c0                I2C3_ER_IRQHandler
                0x080021c0                I2C5_EV_IRQHandler
                0x080021c0                PWR_S3WU_IRQHandler
                0x080021c0                MDF1_FLT2_IRQHandler
                0x080021c0                LPDMA1_Channel3_IRQHandler
                0x080021c0                LPTIM3_IRQHandler
                0x080021c0                EXTI0_IRQHandler
                0x080021c0                I2C2_EV_IRQHandler
                0x080021c0                FPU_IRQHandler
                0x080021c0                GPDMA1_Channel3_IRQHandler
                0x080021c0                GPDMA1_Channel7_IRQHandler
                0x080021c0                MDF1_FLT4_IRQHandler
                0x080021c0                FDCAN1_IT1_IRQHandler
                0x080021c0                RAMCFG_IRQHandler
                0x080021c0                ADC1_2_IRQHandler
                0x080021c0                GPDMA1_Channel9_IRQHandler
                0x080021c0                DCACHE1_IRQHandler
                0x080021c0                SPI1_IRQHandler
                0x080021c0                OCTOSPI1_IRQHandler
                0x080021c0                GPDMA1_Channel2_IRQHandler
                0x080021c0                TIM8_UP_IRQHandler
                0x080021c0                RCC_S_IRQHandler
                0x080021c0                OCTOSPI2_IRQHandler
                0x080021c0                SAI2_IRQHandler
                0x080021c0                MDF1_FLT1_IRQHandler
                0x080021c0                PKA_IRQHandler
                0x080021c0                USART6_IRQHandler
                0x080021c0                MDF1_FLT5_IRQHandler
                0x080021c0                EXTI15_IRQHandler
                0x080021c0                TIM17_IRQHandler
                0x080021c0                USART3_IRQHandler
                0x080021c0                RTC_IRQHandler
                0x080021c0                EXTI9_IRQHandler
                0x080021c0                HSPI1_IRQHandler
                0x080021c0                UART5_IRQHandler
                0x080021c0                TIM4_IRQHandler
                0x080021c0                I2C1_EV_IRQHandler
                0x080021c0                GPDMA1_Channel12_IRQHandler
                0x080021c0                GPDMA1_Channel1_IRQHandler
                0x080021c0                TIM16_IRQHandler
                0x080021c0                GPDMA1_Channel15_IRQHandler
                0x080021c0                UART4_IRQHandler
                0x080021c0                SecureFault_Handler
                0x080021c0                TIM3_IRQHandler
                0x080021c0                RCC_IRQHandler
                0x080021c0                TIM1_TRG_COM_IRQHandler
                0x080021c0                Default_Handler
                0x080021c0                GPDMA1_Channel8_IRQHandler
                0x080021c0                FMAC_IRQHandler
                0x080021c0                I2C5_ER_IRQHandler
                0x080021c0                OTFDEC1_IRQHandler
                0x080021c0                GPDMA1_Channel11_IRQHandler
                0x080021c0                TIM7_IRQHandler
                0x080021c0                SDMMC1_IRQHandler
                0x080021c0                SAES_IRQHandler
                0x080021c0                TIM5_IRQHandler
                0x080021c0                UCPD1_IRQHandler
                0x080021c0                GPDMA1_Channel0_IRQHandler
                0x080021c0                TIM15_IRQHandler
                0x080021c0                I2C3_EV_IRQHandler
                0x080021c0                LPDMA1_Channel0_IRQHandler
                0x080021c0                PVD_PVM_IRQHandler
                0x080021c0                SPI2_IRQHandler
                0x080021c0                LPDMA1_Channel1_IRQHandler
                0x080021c0                EXTI14_IRQHandler
                0x080021c0                EXTI11_IRQHandler
                0x080021c0                OTFDEC2_IRQHandler
                0x080021c0                CRS_IRQHandler
                0x080021c0                GPDMA1_Channel14_IRQHandler
                0x080021c0                LSECSSD_IRQHandler
                0x080021c0                EXTI4_IRQHandler
                0x080021c0                RTC_S_IRQHandler
                0x080021c0                GPDMA1_Channel13_IRQHandler
                0x080021c0                RNG_IRQHandler
                0x080021c0                COMP_IRQHandler
                0x080021c0                TIM1_UP_IRQHandler
                0x080021c0                ADC4_IRQHandler
                0x080021c0                WWDG_IRQHandler
                0x080021c0                I2C4_EV_IRQHandler
                0x080021c0                ADF1_IRQHandler
                0x080021c0                IWDG_IRQHandler
                0x080021c0                I2C6_ER_IRQHandler
                0x080021c0                LPUART1_IRQHandler
                0x080021c0                MDF1_FLT0_IRQHandler
                0x080021c0                FDCAN1_IT0_IRQHandler
                0x080021c0                TIM2_IRQHandler
                0x080021c0                GPDMA1_Channel4_IRQHandler
                0x080021c0                OTG_HS_IRQHandler
                0x080021c0                EXTI7_IRQHandler
                0x080021c0                DMA2D_IRQHandler
                0x080021c0                TIM1_BRK_IRQHandler
                0x080021c0                EXTI1_IRQHandler
                0x080021c0                SDMMC2_IRQHandler
                0x080021c0                AES_IRQHandler
                0x080021c0                DAC1_IRQHandler
                0x080021c0                GTZC_IRQHandler
                0x080021c0                MDF1_FLT3_IRQHandler
                0x080021c0                USART2_IRQHandler
                0x080021c0                I2C6_EV_IRQHandler
                0x080021c0                GPDMA1_Channel6_IRQHandler
                0x080021c0                I2C2_ER_IRQHandler
                0x080021c0                TIM8_BRK_IRQHandler
                0x080021c0                FLASH_IRQHandler
                0x080021c0                USART1_IRQHandler
                0x080021c0                EXTI10_IRQHandler
                0x080021c0                SPI3_IRQHandler
                0x080021c0                LPDMA1_Channel2_IRQHandler
                0x080021c0                I2C1_ER_IRQHandler
                0x080021c0                FMC_IRQHandler
                0x080021c0                EXTI6_IRQHandler
                0x080021c0                LPTIM1_IRQHandler
                0x080021c0                DCMI_PSSI_IRQHandler
                0x080021c0                I2C4_ER_IRQHandler
                0x080021c0                GPDMA1_Channel10_IRQHandler
                0x080021c0                ICACHE_IRQHandler
                0x080021c0                SAI1_IRQHandler
                0x080021c0                HASH_IRQHandler
 *fill*         0x080021c2        0x2 
 .text.HAL_Init
                0x080021c4       0x60 ./Drivers/STM32U5xx_HAL_Driver/Src/stm32u5xx_hal.o
                0x080021c4                HAL_Init
 .text.HAL_InitTick
                0x08002224       0xec ./Drivers/STM32U5xx_HAL_Driver/Src/stm32u5xx_hal.o
                0x08002224                HAL_InitTick
 .text.HAL_IncTick
                0x08002310       0x28 ./Drivers/STM32U5xx_HAL_Driver/Src/stm32u5xx_hal.o
                0x08002310                HAL_IncTick
 .text.HAL_GetTick
                0x08002338       0x18 ./Drivers/STM32U5xx_HAL_Driver/Src/stm32u5xx_hal.o
                0x08002338                HAL_GetTick
 .text.HAL_Delay
                0x08002350       0x48 ./Drivers/STM32U5xx_HAL_Driver/Src/stm32u5xx_hal.o
                0x08002350                HAL_Delay
 .text.LL_ADC_SetCommonClock
                0x08002398       0x26 ./Drivers/STM32U5xx_HAL_Driver/Src/stm32u5xx_hal_adc.o
 .text.LL_ADC_SetCommonPathInternalCh
                0x080023be       0x26 ./Drivers/STM32U5xx_HAL_Driver/Src/stm32u5xx_hal_adc.o
 .text.LL_ADC_GetCommonPathInternalCh
                0x080023e4       0x1c ./Drivers/STM32U5xx_HAL_Driver/Src/stm32u5xx_hal_adc.o
 .text.LL_ADC_SetResolution
                0x08002400       0x40 ./Drivers/STM32U5xx_HAL_Driver/Src/stm32u5xx_hal_adc.o
 .text.LL_ADC_SetOffset
                0x08002440       0x42 ./Drivers/STM32U5xx_HAL_Driver/Src/stm32u5xx_hal_adc.o
 .text.LL_ADC_GetOffsetChannel
                0x08002482       0x2c ./Drivers/STM32U5xx_HAL_Driver/Src/stm32u5xx_hal_adc.o
 .text.LL_ADC_SetOffsetSign
                0x080024ae       0x36 ./Drivers/STM32U5xx_HAL_Driver/Src/stm32u5xx_hal_adc.o
 .text.LL_ADC_SetOffsetSignedSaturation
                0x080024e4       0x36 ./Drivers/STM32U5xx_HAL_Driver/Src/stm32u5xx_hal_adc.o
 .text.LL_ADC_SetOffsetUnsignedSaturation
                0x0800251a       0x36 ./Drivers/STM32U5xx_HAL_Driver/Src/stm32u5xx_hal_adc.o
 .text.LL_ADC_SetGainCompensation
                0x08002550       0x46 ./Drivers/STM32U5xx_HAL_Driver/Src/stm32u5xx_hal_adc.o
 .text.LL_ADC_SetSamplingTimeCommonChannels
                0x08002596       0x3e ./Drivers/STM32U5xx_HAL_Driver/Src/stm32u5xx_hal_adc.o
 .text.LL_ADC_REG_SetSequencerRanks
                0x080025d4       0xc0 ./Drivers/STM32U5xx_HAL_Driver/Src/stm32u5xx_hal_adc.o
 .text.LL_ADC_REG_SetSequencerChAdd
                0x08002694       0x66 ./Drivers/STM32U5xx_HAL_Driver/Src/stm32u5xx_hal_adc.o
 .text.LL_ADC_REG_SetSequencerChRem
                0x080026fa       0x30 ./Drivers/STM32U5xx_HAL_Driver/Src/stm32u5xx_hal_adc.o
 *fill*         0x0800272a        0x2 
 .text.LL_ADC_SetChannelSamplingTime
                0x0800272c       0xc8 ./Drivers/STM32U5xx_HAL_Driver/Src/stm32u5xx_hal_adc.o
 .text.LL_ADC_SetChannelSingleDiff
                0x080027f4       0x48 ./Drivers/STM32U5xx_HAL_Driver/Src/stm32u5xx_hal_adc.o
 .text.LL_ADC_DisableDeepPowerDown
                0x0800283c       0x24 ./Drivers/STM32U5xx_HAL_Driver/Src/stm32u5xx_hal_adc.o
 .text.LL_ADC_IsDeepPowerDownEnabled
                0x08002860       0x28 ./Drivers/STM32U5xx_HAL_Driver/Src/stm32u5xx_hal_adc.o
 .text.LL_ADC_EnableInternalRegulator
                0x08002888       0x28 ./Drivers/STM32U5xx_HAL_Driver/Src/stm32u5xx_hal_adc.o
 .text.LL_ADC_IsInternalRegulatorEnabled
                0x080028b0       0x28 ./Drivers/STM32U5xx_HAL_Driver/Src/stm32u5xx_hal_adc.o
 .text.LL_ADC_IsEnabled
                0x080028d8       0x26 ./Drivers/STM32U5xx_HAL_Driver/Src/stm32u5xx_hal_adc.o
 .text.LL_ADC_REG_IsConversionOngoing
                0x080028fe       0x26 ./Drivers/STM32U5xx_HAL_Driver/Src/stm32u5xx_hal_adc.o
 .text.LL_ADC_INJ_IsConversionOngoing
                0x08002924       0x26 ./Drivers/STM32U5xx_HAL_Driver/Src/stm32u5xx_hal_adc.o
 *fill*         0x0800294a        0x2 
 .text.HAL_ADC_Init
                0x0800294c      0x5d0 ./Drivers/STM32U5xx_HAL_Driver/Src/stm32u5xx_hal_adc.o
                0x0800294c                HAL_ADC_Init
 .text.HAL_ADC_ConfigChannel
                0x08002f1c      0xc3c ./Drivers/STM32U5xx_HAL_Driver/Src/stm32u5xx_hal_adc.o
                0x08002f1c                HAL_ADC_ConfigChannel
 .text.__NVIC_SetPriorityGrouping
                0x08003b58       0x48 ./Drivers/STM32U5xx_HAL_Driver/Src/stm32u5xx_hal_cortex.o
 .text.__NVIC_GetPriorityGrouping
                0x08003ba0       0x1c ./Drivers/STM32U5xx_HAL_Driver/Src/stm32u5xx_hal_cortex.o
 .text.__NVIC_EnableIRQ
                0x08003bbc       0x3c ./Drivers/STM32U5xx_HAL_Driver/Src/stm32u5xx_hal_cortex.o
 .text.__NVIC_DisableIRQ
                0x08003bf8       0x48 ./Drivers/STM32U5xx_HAL_Driver/Src/stm32u5xx_hal_cortex.o
 .text.__NVIC_SetPriority
                0x08003c40       0x54 ./Drivers/STM32U5xx_HAL_Driver/Src/stm32u5xx_hal_cortex.o
 .text.NVIC_EncodePriority
                0x08003c94       0x66 ./Drivers/STM32U5xx_HAL_Driver/Src/stm32u5xx_hal_cortex.o
 .text.HAL_NVIC_SetPriorityGrouping
                0x08003cfa       0x16 ./Drivers/STM32U5xx_HAL_Driver/Src/stm32u5xx_hal_cortex.o
                0x08003cfa                HAL_NVIC_SetPriorityGrouping
 .text.HAL_NVIC_SetPriority
                0x08003d10       0x34 ./Drivers/STM32U5xx_HAL_Driver/Src/stm32u5xx_hal_cortex.o
                0x08003d10                HAL_NVIC_SetPriority
 .text.HAL_NVIC_EnableIRQ
                0x08003d44       0x1c ./Drivers/STM32U5xx_HAL_Driver/Src/stm32u5xx_hal_cortex.o
                0x08003d44                HAL_NVIC_EnableIRQ
 .text.HAL_NVIC_DisableIRQ
                0x08003d60       0x1c ./Drivers/STM32U5xx_HAL_Driver/Src/stm32u5xx_hal_cortex.o
                0x08003d60                HAL_NVIC_DisableIRQ
 .text.HAL_SYSTICK_Config
                0x08003d7c       0x44 ./Drivers/STM32U5xx_HAL_Driver/Src/stm32u5xx_hal_cortex.o
                0x08003d7c                HAL_SYSTICK_Config
 .text.HAL_SYSTICK_CLKSourceConfig
                0x08003dc0       0xb0 ./Drivers/STM32U5xx_HAL_Driver/Src/stm32u5xx_hal_cortex.o
                0x08003dc0                HAL_SYSTICK_CLKSourceConfig
 .text.HAL_SYSTICK_GetCLKSourceConfig
                0x08003e70       0x74 ./Drivers/STM32U5xx_HAL_Driver/Src/stm32u5xx_hal_cortex.o
                0x08003e70                HAL_SYSTICK_GetCLKSourceConfig
 .text.HAL_CRYP_Init
                0x08003ee4      0x178 ./Drivers/STM32U5xx_HAL_Driver/Src/stm32u5xx_hal_cryp.o
                0x08003ee4                HAL_CRYP_Init
 .text.HAL_GPIO_Init
                0x0800405c      0x3b0 ./Drivers/STM32U5xx_HAL_Driver/Src/stm32u5xx_hal_gpio.o
                0x0800405c                HAL_GPIO_Init
 .text.HAL_GPIO_WritePin
                0x0800440c       0x30 ./Drivers/STM32U5xx_HAL_Driver/Src/stm32u5xx_hal_gpio.o
                0x0800440c                HAL_GPIO_WritePin
 .text.HAL_GPIO_TogglePin
                0x0800443c       0x34 ./Drivers/STM32U5xx_HAL_Driver/Src/stm32u5xx_hal_gpio.o
                0x0800443c                HAL_GPIO_TogglePin
 .text.HAL_GPIO_EXTI_IRQHandler
                0x08004470       0x4c ./Drivers/STM32U5xx_HAL_Driver/Src/stm32u5xx_hal_gpio.o
                0x08004470                HAL_GPIO_EXTI_IRQHandler
 .text.HAL_GPIO_EXTI_Falling_Callback
                0x080044bc       0x16 ./Drivers/STM32U5xx_HAL_Driver/Src/stm32u5xx_hal_gpio.o
                0x080044bc                HAL_GPIO_EXTI_Falling_Callback
 .text.HAL_I2C_Init
                0x080044d2      0x136 ./Drivers/STM32U5xx_HAL_Driver/Src/stm32u5xx_hal_i2c.o
                0x080044d2                HAL_I2C_Init
 .text.HAL_I2CEx_ConfigAnalogFilter
                0x08004608       0x96 ./Drivers/STM32U5xx_HAL_Driver/Src/stm32u5xx_hal_i2c_ex.o
                0x08004608                HAL_I2CEx_ConfigAnalogFilter
 .text.HAL_I2CEx_ConfigDigitalFilter
                0x0800469e       0x98 ./Drivers/STM32U5xx_HAL_Driver/Src/stm32u5xx_hal_i2c_ex.o
                0x0800469e                HAL_I2CEx_ConfigDigitalFilter
 *fill*         0x08004736        0x2 
 .text.HAL_ICACHE_ConfigAssociativityMode
                0x08004738       0x40 ./Drivers/STM32U5xx_HAL_Driver/Src/stm32u5xx_hal_icache.o
                0x08004738                HAL_ICACHE_ConfigAssociativityMode
 .text.HAL_ICACHE_Enable
                0x08004778       0x20 ./Drivers/STM32U5xx_HAL_Driver/Src/stm32u5xx_hal_icache.o
                0x08004778                HAL_ICACHE_Enable
 .text.HAL_PWREx_ControlVoltageScaling
                0x08004798       0xfc ./Drivers/STM32U5xx_HAL_Driver/Src/stm32u5xx_hal_pwr_ex.o
                0x08004798                HAL_PWREx_ControlVoltageScaling
 .text.HAL_PWREx_GetVoltageRange
                0x08004894       0x1c ./Drivers/STM32U5xx_HAL_Driver/Src/stm32u5xx_hal_pwr_ex.o
                0x08004894                HAL_PWREx_GetVoltageRange
 .text.HAL_PWREx_EnableVddA
                0x080048b0       0x20 ./Drivers/STM32U5xx_HAL_Driver/Src/stm32u5xx_hal_pwr_ex.o
                0x080048b0                HAL_PWREx_EnableVddA
 .text.HAL_RCC_OscConfig
                0x080048d0      0xdb8 ./Drivers/STM32U5xx_HAL_Driver/Src/stm32u5xx_hal_rcc.o
                0x080048d0                HAL_RCC_OscConfig
 .text.HAL_RCC_ClockConfig
                0x08005688      0x3e4 ./Drivers/STM32U5xx_HAL_Driver/Src/stm32u5xx_hal_rcc.o
                0x08005688                HAL_RCC_ClockConfig
 .text.HAL_RCC_GetSysClockFreq
                0x08005a6c      0x204 ./Drivers/STM32U5xx_HAL_Driver/Src/stm32u5xx_hal_rcc.o
                0x08005a6c                HAL_RCC_GetSysClockFreq
 .text.HAL_RCC_GetHCLKFreq
                0x08005c70       0x34 ./Drivers/STM32U5xx_HAL_Driver/Src/stm32u5xx_hal_rcc.o
                0x08005c70                HAL_RCC_GetHCLKFreq
 .text.HAL_RCC_GetPCLK1Freq
                0x08005ca4       0x28 ./Drivers/STM32U5xx_HAL_Driver/Src/stm32u5xx_hal_rcc.o
                0x08005ca4                HAL_RCC_GetPCLK1Freq
 .text.HAL_RCC_GetPCLK2Freq
                0x08005ccc       0x28 ./Drivers/STM32U5xx_HAL_Driver/Src/stm32u5xx_hal_rcc.o
                0x08005ccc                HAL_RCC_GetPCLK2Freq
 .text.HAL_RCC_GetPCLK3Freq
                0x08005cf4       0x28 ./Drivers/STM32U5xx_HAL_Driver/Src/stm32u5xx_hal_rcc.o
                0x08005cf4                HAL_RCC_GetPCLK3Freq
 .text.RCC_SetFlashLatencyFromMSIRange
                0x08005d1c      0x10c ./Drivers/STM32U5xx_HAL_Driver/Src/stm32u5xx_hal_rcc.o
 .text.HAL_RCCEx_PeriphCLKConfig
                0x08005e28      0xd78 ./Drivers/STM32U5xx_HAL_Driver/Src/stm32u5xx_hal_rcc_ex.o
                0x08005e28                HAL_RCCEx_PeriphCLKConfig
 .text.HAL_RCCEx_GetPLL1ClockFreq
                0x08006ba0      0x2b4 ./Drivers/STM32U5xx_HAL_Driver/Src/stm32u5xx_hal_rcc_ex.o
                0x08006ba0                HAL_RCCEx_GetPLL1ClockFreq
 .text.HAL_RCCEx_GetPLL2ClockFreq
                0x08006e54      0x2b4 ./Drivers/STM32U5xx_HAL_Driver/Src/stm32u5xx_hal_rcc_ex.o
                0x08006e54                HAL_RCCEx_GetPLL2ClockFreq
 .text.HAL_RCCEx_GetPLL3ClockFreq
                0x08007108      0x2b4 ./Drivers/STM32U5xx_HAL_Driver/Src/stm32u5xx_hal_rcc_ex.o
                0x08007108                HAL_RCCEx_GetPLL3ClockFreq
 .text.HAL_RCCEx_GetPeriphCLKFreq
                0x080073bc     0x16bc ./Drivers/STM32U5xx_HAL_Driver/Src/stm32u5xx_hal_rcc_ex.o
                0x080073bc                HAL_RCCEx_GetPeriphCLKFreq
 .text.RCCEx_PLL2_Config
                0x08008a78      0x130 ./Drivers/STM32U5xx_HAL_Driver/Src/stm32u5xx_hal_rcc_ex.o
 .text.RCCEx_PLL3_Config
                0x08008ba8      0x130 ./Drivers/STM32U5xx_HAL_Driver/Src/stm32u5xx_hal_rcc_ex.o
 .text.HAL_SPI_Init
                0x08008cd8      0x22c ./Drivers/STM32U5xx_HAL_Driver/Src/stm32u5xx_hal_spi.o
                0x08008cd8                HAL_SPI_Init
 .text.HAL_SPI_TransmitReceive
                0x08008f04      0x4b4 ./Drivers/STM32U5xx_HAL_Driver/Src/stm32u5xx_hal_spi.o
                0x08008f04                HAL_SPI_TransmitReceive
 .text.SPI_CloseTransfer
                0x080093b8      0x140 ./Drivers/STM32U5xx_HAL_Driver/Src/stm32u5xx_hal_spi.o
 .text.SPI_WaitOnFlagUntilTimeout
                0x080094f8       0x5c ./Drivers/STM32U5xx_HAL_Driver/Src/stm32u5xx_hal_spi.o
 .text.SPI_GetPacketSize
                0x08009554       0x36 ./Drivers/STM32U5xx_HAL_Driver/Src/stm32u5xx_hal_spi.o
 .text.HAL_SPIEx_SetConfigAutonomousMode
                0x0800958a       0x82 ./Drivers/STM32U5xx_HAL_Driver/Src/stm32u5xx_hal_spi_ex.o
                0x0800958a                HAL_SPIEx_SetConfigAutonomousMode
 .text.HAL_TIM_Base_Start
                0x0800960c      0x130 ./Drivers/STM32U5xx_HAL_Driver/Src/stm32u5xx_hal_tim.o
                0x0800960c                HAL_TIM_Base_Start
 .text.HAL_TIM_IC_Init
                0x0800973c       0xae ./Drivers/STM32U5xx_HAL_Driver/Src/stm32u5xx_hal_tim.o
                0x0800973c                HAL_TIM_IC_Init
 *fill*         0x080097ea        0x2 
 .text.HAL_TIM_IC_Start_IT
                0x080097ec      0x2f0 ./Drivers/STM32U5xx_HAL_Driver/Src/stm32u5xx_hal_tim.o
                0x080097ec                HAL_TIM_IC_Start_IT
 .text.HAL_TIM_IRQHandler
                0x08009adc      0x29e ./Drivers/STM32U5xx_HAL_Driver/Src/stm32u5xx_hal_tim.o
                0x08009adc                HAL_TIM_IRQHandler
 .text.HAL_TIM_IC_ConfigChannel
                0x08009d7a      0x138 ./Drivers/STM32U5xx_HAL_Driver/Src/stm32u5xx_hal_tim.o
                0x08009d7a                HAL_TIM_IC_ConfigChannel
 *fill*         0x08009eb2        0x2 
 .text.HAL_TIM_ReadCapturedValue
                0x08009eb4       0x88 ./Drivers/STM32U5xx_HAL_Driver/Src/stm32u5xx_hal_tim.o
                0x08009eb4                HAL_TIM_ReadCapturedValue
 .text.HAL_TIM_PeriodElapsedCallback
                0x08009f3c       0x14 ./Drivers/STM32U5xx_HAL_Driver/Src/stm32u5xx_hal_tim.o
                0x08009f3c                HAL_TIM_PeriodElapsedCallback
 .text.HAL_TIM_OC_DelayElapsedCallback
                0x08009f50       0x14 ./Drivers/STM32U5xx_HAL_Driver/Src/stm32u5xx_hal_tim.o
                0x08009f50                HAL_TIM_OC_DelayElapsedCallback
 .text.HAL_TIM_PWM_PulseFinishedCallback
                0x08009f64       0x14 ./Drivers/STM32U5xx_HAL_Driver/Src/stm32u5xx_hal_tim.o
                0x08009f64                HAL_TIM_PWM_PulseFinishedCallback
 .text.HAL_TIM_TriggerCallback
                0x08009f78       0x14 ./Drivers/STM32U5xx_HAL_Driver/Src/stm32u5xx_hal_tim.o
                0x08009f78                HAL_TIM_TriggerCallback
 .text.TIM_Base_SetConfig
                0x08009f8c      0x20c ./Drivers/STM32U5xx_HAL_Driver/Src/stm32u5xx_hal_tim.o
                0x08009f8c                TIM_Base_SetConfig
 .text.TIM_TI1_SetConfig
                0x0800a198      0x12c ./Drivers/STM32U5xx_HAL_Driver/Src/stm32u5xx_hal_tim.o
                0x0800a198                TIM_TI1_SetConfig
 .text.TIM_TI2_SetConfig
                0x0800a2c4       0x7a ./Drivers/STM32U5xx_HAL_Driver/Src/stm32u5xx_hal_tim.o
 .text.TIM_TI3_SetConfig
                0x0800a33e       0x78 ./Drivers/STM32U5xx_HAL_Driver/Src/stm32u5xx_hal_tim.o
 .text.TIM_TI4_SetConfig
                0x0800a3b6       0x7a ./Drivers/STM32U5xx_HAL_Driver/Src/stm32u5xx_hal_tim.o
 .text.TIM_CCxChannelCmd
                0x0800a430       0x4a ./Drivers/STM32U5xx_HAL_Driver/Src/stm32u5xx_hal_tim.o
                0x0800a430                TIM_CCxChannelCmd
 *fill*         0x0800a47a        0x2 
 .text.HAL_TIMEx_MasterConfigSynchronization
                0x0800a47c      0x184 ./Drivers/STM32U5xx_HAL_Driver/Src/stm32u5xx_hal_tim_ex.o
                0x0800a47c                HAL_TIMEx_MasterConfigSynchronization
 .text.HAL_TIMEx_CommutCallback
                0x0800a600       0x14 ./Drivers/STM32U5xx_HAL_Driver/Src/stm32u5xx_hal_tim_ex.o
                0x0800a600                HAL_TIMEx_CommutCallback
 .text.HAL_TIMEx_BreakCallback
                0x0800a614       0x14 ./Drivers/STM32U5xx_HAL_Driver/Src/stm32u5xx_hal_tim_ex.o
                0x0800a614                HAL_TIMEx_BreakCallback
 .text.HAL_TIMEx_Break2Callback
                0x0800a628       0x14 ./Drivers/STM32U5xx_HAL_Driver/Src/stm32u5xx_hal_tim_ex.o
                0x0800a628                HAL_TIMEx_Break2Callback
 .text.HAL_TIMEx_EncoderIndexCallback
                0x0800a63c       0x14 ./Drivers/STM32U5xx_HAL_Driver/Src/stm32u5xx_hal_tim_ex.o
                0x0800a63c                HAL_TIMEx_EncoderIndexCallback
 .text.HAL_TIMEx_DirectionChangeCallback
                0x0800a650       0x14 ./Drivers/STM32U5xx_HAL_Driver/Src/stm32u5xx_hal_tim_ex.o
                0x0800a650                HAL_TIMEx_DirectionChangeCallback
 .text.HAL_TIMEx_IndexErrorCallback
                0x0800a664       0x14 ./Drivers/STM32U5xx_HAL_Driver/Src/stm32u5xx_hal_tim_ex.o
                0x0800a664                HAL_TIMEx_IndexErrorCallback
 .text.HAL_TIMEx_TransitionErrorCallback
                0x0800a678       0x14 ./Drivers/STM32U5xx_HAL_Driver/Src/stm32u5xx_hal_tim_ex.o
                0x0800a678                HAL_TIMEx_TransitionErrorCallback
 .text.HAL_UART_Init
                0x0800a68c       0xa0 ./Drivers/STM32U5xx_HAL_Driver/Src/stm32u5xx_hal_uart.o
                0x0800a68c                HAL_UART_Init
 .text.UART_SetConfig
                0x0800a72c      0x35c ./Drivers/STM32U5xx_HAL_Driver/Src/stm32u5xx_hal_uart.o
                0x0800a72c                UART_SetConfig
 .text.UART_AdvFeatureConfig
                0x0800aa88      0x144 ./Drivers/STM32U5xx_HAL_Driver/Src/stm32u5xx_hal_uart.o
                0x0800aa88                UART_AdvFeatureConfig
 .text.UART_CheckIdleState
                0x0800abcc      0x154 ./Drivers/STM32U5xx_HAL_Driver/Src/stm32u5xx_hal_uart.o
                0x0800abcc                UART_CheckIdleState
 .text.UART_WaitOnFlagUntilTimeout
                0x0800ad20       0xda ./Drivers/STM32U5xx_HAL_Driver/Src/stm32u5xx_hal_uart.o
                0x0800ad20                UART_WaitOnFlagUntilTimeout
 .text.UART_EndRxTransfer
                0x0800adfa       0xcc ./Drivers/STM32U5xx_HAL_Driver/Src/stm32u5xx_hal_uart.o
 .text.HAL_UARTEx_DisableFifoMode
                0x0800aec6       0x72 ./Drivers/STM32U5xx_HAL_Driver/Src/stm32u5xx_hal_uart_ex.o
                0x0800aec6                HAL_UARTEx_DisableFifoMode
 .text.HAL_UARTEx_SetTxFifoThreshold
                0x0800af38       0x7c ./Drivers/STM32U5xx_HAL_Driver/Src/stm32u5xx_hal_uart_ex.o
                0x0800af38                HAL_UARTEx_SetTxFifoThreshold
 .text.HAL_UARTEx_SetRxFifoThreshold
                0x0800afb4       0x7c ./Drivers/STM32U5xx_HAL_Driver/Src/stm32u5xx_hal_uart_ex.o
                0x0800afb4                HAL_UARTEx_SetRxFifoThreshold
 .text.UARTEx_SetNbDataToProcess
                0x0800b030       0x9c ./Drivers/STM32U5xx_HAL_Driver/Src/stm32u5xx_hal_uart_ex.o
 .text.init_chip_pins
                0x0800b0cc       0xa0 ./winc1500/bsp/source/nm_bsp_stm32u5a5.o
 .text.nm_bsp_init
                0x0800b16c       0x12 ./winc1500/bsp/source/nm_bsp_stm32u5a5.o
                0x0800b16c                nm_bsp_init
 *fill*         0x0800b17e        0x2 
 .text.nm_bsp_reset
                0x0800b180       0x58 ./winc1500/bsp/source/nm_bsp_stm32u5a5.o
                0x0800b180                nm_bsp_reset
 .text.nm_bsp_sleep
                0x0800b1d8       0x16 ./winc1500/bsp/source/nm_bsp_stm32u5a5.o
                0x0800b1d8                nm_bsp_sleep
 *fill*         0x0800b1ee        0x2 
 .text.nm_bsp_register_isr
                0x0800b1f0       0x64 ./winc1500/bsp/source/nm_bsp_stm32u5a5.o
                0x0800b1f0                nm_bsp_register_isr
 .text.nm_bsp_interrupt_ctrl
                0x0800b254       0x30 ./winc1500/bsp/source/nm_bsp_stm32u5a5.o
                0x0800b254                nm_bsp_interrupt_ctrl
 .text.spi_select_slave
                0x0800b284       0x38 ./winc1500/bus_wrapper/source/nm_bus_wrapper_stm32u5a5.o
 .text.nm_spi_rw
                0x0800b2bc       0xc0 ./winc1500/bus_wrapper/source/nm_bus_wrapper_stm32u5a5.o
                0x0800b2bc                nm_spi_rw
 .text.nm_bus_init
                0x0800b37c       0xa4 ./winc1500/bus_wrapper/source/nm_bus_wrapper_stm32u5a5.o
                0x0800b37c                nm_bus_init
 .text.nm_bus_deinit
                0x0800b420       0x10 ./winc1500/bus_wrapper/source/nm_bus_wrapper_stm32u5a5.o
                0x0800b420                nm_bus_deinit
 .text.m2m_memcpy
                0x0800b430       0x40 ./winc1500/common/source/nm_common.o
                0x0800b430                m2m_memcpy
 .text.m2m_memset
                0x0800b470       0x3a ./winc1500/common/source/nm_common.o
                0x0800b470                m2m_memset
 .text.m2m_strlen
                0x0800b4aa       0x30 ./winc1500/common/source/nm_common.o
                0x0800b4aa                m2m_strlen
 .text.hexchar_2_val
                0x0800b4da       0x44 ./winc1500/common/source/nm_common.o
 .text.hexstr_2_bytes
                0x0800b51e       0x7e ./winc1500/common/source/nm_common.o
                0x0800b51e                hexstr_2_bytes
 .text.isr      0x0800b59c       0x20 ./winc1500/driver/source/m2m_hif.o
                0x0800b59c                isr
 .text.hif_set_rx_done
                0x0800b5bc       0x60 ./winc1500/driver/source/m2m_hif.o
 .text.m2m_hif_cb
                0x0800b61c       0x1c ./winc1500/driver/source/m2m_hif.o
 .text.hif_chip_wake
                0x0800b638       0x60 ./winc1500/driver/source/m2m_hif.o
                0x0800b638                hif_chip_wake
 .text.hif_chip_sleep_sc
                0x0800b698       0x2c ./winc1500/driver/source/m2m_hif.o
                0x0800b698                hif_chip_sleep_sc
 .text.hif_chip_sleep
                0x0800b6c4       0x58 ./winc1500/driver/source/m2m_hif.o
                0x0800b6c4                hif_chip_sleep
 .text.hif_init
                0x0800b71c       0x38 ./winc1500/driver/source/m2m_hif.o
                0x0800b71c                hif_init
 .text.hif_send
                0x0800b754      0x2dc ./winc1500/driver/source/m2m_hif.o
                0x0800b754                hif_send
 .text.hif_receive
                0x0800ba30      0x12c ./winc1500/driver/source/m2m_hif.o
                0x0800ba30                hif_receive
 .text.hif_register_cb
                0x0800bb5c       0xb4 ./winc1500/driver/source/m2m_hif.o
                0x0800bb5c                hif_register_cb
 .text.m2m_wifi_cb
                0x0800bc10      0x3e0 ./winc1500/driver/source/m2m_wifi.o
 .text.m2m_wifi_init_hold
                0x0800bff0       0x30 ./winc1500/driver/source/m2m_wifi.o
                0x0800bff0                m2m_wifi_init_hold
 .text.m2m_wifi_init_start
                0x0800c020      0x18c ./winc1500/driver/source/m2m_wifi.o
                0x0800c020                m2m_wifi_init_start
 .text.m2m_wifi_init
                0x0800c1ac       0x32 ./winc1500/driver/source/m2m_wifi.o
                0x0800c1ac                m2m_wifi_init
 .text.m2m_wifi_connect_prepare_msg
                0x0800c1de      0x128 ./winc1500/driver/source/m2m_wifi.o
 .text.m2m_wifi_connect_open
                0x0800c306       0x5e ./winc1500/driver/source/m2m_wifi.o
                0x0800c306                m2m_wifi_connect_open
 .text.m2m_wifi_connect_wep
                0x0800c364       0x1e ./winc1500/driver/source/m2m_wifi.o
                0x0800c364                m2m_wifi_connect_wep
 .text.m2m_wifi_connect_psk
                0x0800c382      0x124 ./winc1500/driver/source/m2m_wifi.o
                0x0800c382                m2m_wifi_connect_psk
 *fill*         0x0800c4a6        0x2 
 .text.m2m_wifi_connect_1x_mschap2
                0x0800c4a8      0x1d8 ./winc1500/driver/source/m2m_wifi.o
                0x0800c4a8                m2m_wifi_connect_1x_mschap2
 .text.m2m_wifi_connect
                0x0800c680       0x30 ./winc1500/driver/source/m2m_wifi.o
                0x0800c680                m2m_wifi_connect
 .text.m2m_wifi_connect_sc
                0x0800c6b0      0x1a8 ./winc1500/driver/source/m2m_wifi.o
                0x0800c6b0                m2m_wifi_connect_sc
 .text.m2m_wifi_request_dhcp_client
                0x0800c858       0x10 ./winc1500/driver/source/m2m_wifi.o
                0x0800c858                m2m_wifi_request_dhcp_client
 .text.chip_apply_conf
                0x0800c868       0x60 ./winc1500/driver/source/nmasic.o
                0x0800c868                chip_apply_conf
 .text.enable_interrupts
                0x0800c8c8       0x94 ./winc1500/driver/source/nmasic.o
                0x0800c8c8                enable_interrupts
 .text.nmi_get_chipid
                0x0800c95c       0xe8 ./winc1500/driver/source/nmasic.o
                0x0800c95c                nmi_get_chipid
 .text.chip_sleep
                0x0800ca44       0xc8 ./winc1500/driver/source/nmasic.o
                0x0800ca44                chip_sleep
 .text.chip_wake
                0x0800cb0c      0x130 ./winc1500/driver/source/nmasic.o
                0x0800cb0c                chip_wake
 .text.wait_for_bootrom
                0x0800cc3c      0x170 ./winc1500/driver/source/nmasic.o
                0x0800cc3c                wait_for_bootrom
 .text.wait_for_firmware_start
                0x0800cdac       0xf8 ./winc1500/driver/source/nmasic.o
                0x0800cdac                wait_for_firmware_start
 .text.chip_deinit
                0x0800cea4       0x90 ./winc1500/driver/source/nmasic.o
                0x0800cea4                chip_deinit
 .text.nm_bus_iface_init
                0x0800cf34       0x22 ./winc1500/driver/source/nmbus.o
                0x0800cf34                nm_bus_iface_init
 .text.nm_bus_iface_deinit
                0x0800cf56       0x1e ./winc1500/driver/source/nmbus.o
                0x0800cf56                nm_bus_iface_deinit
 .text.nm_bus_reset
                0x0800cf74       0x18 ./winc1500/driver/source/nmbus.o
                0x0800cf74                nm_bus_reset
 .text.nm_read_reg
                0x0800cf8c       0x18 ./winc1500/driver/source/nmbus.o
                0x0800cf8c                nm_read_reg
 .text.nm_read_reg_with_ret
                0x0800cfa4       0x1c ./winc1500/driver/source/nmbus.o
                0x0800cfa4                nm_read_reg_with_ret
 .text.nm_write_reg
                0x0800cfc0       0x1c ./winc1500/driver/source/nmbus.o
                0x0800cfc0                nm_write_reg
 .text.p_nm_read_block
                0x0800cfdc       0x24 ./winc1500/driver/source/nmbus.o
 .text.nm_read_block
                0x0800d000       0x94 ./winc1500/driver/source/nmbus.o
                0x0800d000                nm_read_block
 .text.p_nm_write_block
                0x0800d094       0x24 ./winc1500/driver/source/nmbus.o
 .text.nm_write_block
                0x0800d0b8       0x94 ./winc1500/driver/source/nmbus.o
                0x0800d0b8                nm_write_block
 .text.nm_get_firmware_full_info
                0x0800d14c      0x140 ./winc1500/driver/source/nmdrv.o
                0x0800d14c                nm_get_firmware_full_info
 .text.nm_drv_init_hold
                0x0800d28c       0x7c ./winc1500/driver/source/nmdrv.o
                0x0800d28c                nm_drv_init_hold
 .text.nm_drv_init_start
                0x0800d308       0xbc ./winc1500/driver/source/nmdrv.o
                0x0800d308                nm_drv_init_start
 .text.nm_drv_deinit
                0x0800d3c4       0xac ./winc1500/driver/source/nmdrv.o
                0x0800d3c4                nm_drv_deinit
 .text.nmi_spi_read
                0x0800d470       0x22 ./winc1500/driver/source/nmspi.o
 .text.nmi_spi_write
                0x0800d492       0x22 ./winc1500/driver/source/nmspi.o
 .text.nmi_spi_writeread
                0x0800d4b4       0x24 ./winc1500/driver/source/nmspi.o
 .text.crc7_byte
                0x0800d4d8       0x2c ./winc1500/driver/source/nmspi.o
 .text.crc7     0x0800d504       0x3a ./winc1500/driver/source/nmspi.o
 *fill*         0x0800d53e        0x2 
 .text.spi_cmd  0x0800d540      0x250 ./winc1500/driver/source/nmspi.o
 .text.spi_data_rsp
                0x0800d790       0xc0 ./winc1500/driver/source/nmspi.o
 .text.spi_cmd_rsp
                0x0800d850       0xfc ./winc1500/driver/source/nmspi.o
 .text.nm_spi_reset
                0x0800d94c       0x90 ./winc1500/driver/source/nmspi.o
                0x0800d94c                nm_spi_reset
 .text.spi_data_read
                0x0800d9dc      0x16c ./winc1500/driver/source/nmspi.o
 .text.spi_data_write
                0x0800db48      0x144 ./winc1500/driver/source/nmspi.o
 .text.nm_spi_write_reg
                0x0800dc8c      0x108 ./winc1500/driver/source/nmspi.o
                0x0800dc8c                nm_spi_write_reg
 .text.nm_spi_write
                0x0800dd94      0x164 ./winc1500/driver/source/nmspi.o
 .text.nm_spi_read_reg_with_ret
                0x0800def8      0x158 ./winc1500/driver/source/nmspi.o
                0x0800def8                nm_spi_read_reg_with_ret
 .text.nm_spi_read
                0x0800e050      0x160 ./winc1500/driver/source/nmspi.o
 .text.spi_init_pkt_sz
                0x0800e1b0       0x34 ./winc1500/driver/source/nmspi.o
 .text.nm_spi_init
                0x0800e1e4      0x144 ./winc1500/driver/source/nmspi.o
                0x0800e1e4                nm_spi_init
 .text.nm_spi_deinit
                0x0800e328       0x1c ./winc1500/driver/source/nmspi.o
                0x0800e328                nm_spi_deinit
 .text.nm_spi_read_reg
                0x0800e344       0x1e ./winc1500/driver/source/nmspi.o
                0x0800e344                nm_spi_read_reg
 .text.nm_spi_read_block
                0x0800e362       0x3c ./winc1500/driver/source/nmspi.o
                0x0800e362                nm_spi_read_block
 .text.nm_spi_write_block
                0x0800e39e       0x3c ./winc1500/driver/source/nmspi.o
                0x0800e39e                nm_spi_write_block
 *fill*         0x0800e3da        0x2 
 .text.spi_flash_enter_low_power_mode
                0x0800e3dc       0x6c ./winc1500/spi_flash/source/spi_flash.o
 .text.spi_flash_leave_low_power_mode
                0x0800e448       0x6c ./winc1500/spi_flash/source/spi_flash.o
 .text.spi_flash_enable
                0x0800e4b4       0x94 ./winc1500/spi_flash/source/spi_flash.o
                0x0800e4b4                spi_flash_enable
 .text.malloc   0x0800e548       0x10 C:/ST/STM32CubeIDE_1.16.0/STM32CubeIDE/plugins/com.st.stm32cube.ide.mcu.externaltools.gnu-tools-for-stm32.12.3.rel1.win32_1.0.200.202406191623/tools/bin/../lib/gcc/arm-none-eabi/12.3.1/../../../../arm-none-eabi/lib/thumb/v8-m.main+fp/hard\libc_nano.a(libc_a-malloc.o)
                0x0800e548                malloc
 .text.free     0x0800e558       0x10 C:/ST/STM32CubeIDE_1.16.0/STM32CubeIDE/plugins/com.st.stm32cube.ide.mcu.externaltools.gnu-tools-for-stm32.12.3.rel1.win32_1.0.200.202406191623/tools/bin/../lib/gcc/arm-none-eabi/12.3.1/../../../../arm-none-eabi/lib/thumb/v8-m.main+fp/hard\libc_nano.a(libc_a-malloc.o)
                0x0800e558                free
 .text.sbrk_aligned
                0x0800e568       0x44 C:/ST/STM32CubeIDE_1.16.0/STM32CubeIDE/plugins/com.st.stm32cube.ide.mcu.externaltools.gnu-tools-for-stm32.12.3.rel1.win32_1.0.200.202406191623/tools/bin/../lib/gcc/arm-none-eabi/12.3.1/../../../../arm-none-eabi/lib/thumb/v8-m.main+fp/hard\libc_nano.a(libc_a-mallocr.o)
 .text._malloc_r
                0x0800e5ac      0x100 C:/ST/STM32CubeIDE_1.16.0/STM32CubeIDE/plugins/com.st.stm32cube.ide.mcu.externaltools.gnu-tools-for-stm32.12.3.rel1.win32_1.0.200.202406191623/tools/bin/../lib/gcc/arm-none-eabi/12.3.1/../../../../arm-none-eabi/lib/thumb/v8-m.main+fp/hard\libc_nano.a(libc_a-mallocr.o)
                0x0800e5ac                _malloc_r
 .text.__malloc_lock
                0x0800e6ac        0xc C:/ST/STM32CubeIDE_1.16.0/STM32CubeIDE/plugins/com.st.stm32cube.ide.mcu.externaltools.gnu-tools-for-stm32.12.3.rel1.win32_1.0.200.202406191623/tools/bin/../lib/gcc/arm-none-eabi/12.3.1/../../../../arm-none-eabi/lib/thumb/v8-m.main+fp/hard\libc_nano.a(libc_a-mlock.o)
                0x0800e6ac                __malloc_lock
 .text.__malloc_unlock
                0x0800e6b8        0xc C:/ST/STM32CubeIDE_1.16.0/STM32CubeIDE/plugins/com.st.stm32cube.ide.mcu.externaltools.gnu-tools-for-stm32.12.3.rel1.win32_1.0.200.202406191623/tools/bin/../lib/gcc/arm-none-eabi/12.3.1/../../../../arm-none-eabi/lib/thumb/v8-m.main+fp/hard\libc_nano.a(libc_a-mlock.o)
                0x0800e6b8                __malloc_unlock
 .text.std      0x0800e6c4       0x6c C:/ST/STM32CubeIDE_1.16.0/STM32CubeIDE/plugins/com.st.stm32cube.ide.mcu.externaltools.gnu-tools-for-stm32.12.3.rel1.win32_1.0.200.202406191623/tools/bin/../lib/gcc/arm-none-eabi/12.3.1/../../../../arm-none-eabi/lib/thumb/v8-m.main+fp/hard\libc_nano.a(libc_a-findfp.o)
 .text.stdio_exit_handler
                0x0800e730       0x18 C:/ST/STM32CubeIDE_1.16.0/STM32CubeIDE/plugins/com.st.stm32cube.ide.mcu.externaltools.gnu-tools-for-stm32.12.3.rel1.win32_1.0.200.202406191623/tools/bin/../lib/gcc/arm-none-eabi/12.3.1/../../../../arm-none-eabi/lib/thumb/v8-m.main+fp/hard\libc_nano.a(libc_a-findfp.o)
 .text.cleanup_stdio
                0x0800e748       0x40 C:/ST/STM32CubeIDE_1.16.0/STM32CubeIDE/plugins/com.st.stm32cube.ide.mcu.externaltools.gnu-tools-for-stm32.12.3.rel1.win32_1.0.200.202406191623/tools/bin/../lib/gcc/arm-none-eabi/12.3.1/../../../../arm-none-eabi/lib/thumb/v8-m.main+fp/hard\libc_nano.a(libc_a-findfp.o)
 .text.global_stdio_init.part.0
                0x0800e788       0x3c C:/ST/STM32CubeIDE_1.16.0/STM32CubeIDE/plugins/com.st.stm32cube.ide.mcu.externaltools.gnu-tools-for-stm32.12.3.rel1.win32_1.0.200.202406191623/tools/bin/../lib/gcc/arm-none-eabi/12.3.1/../../../../arm-none-eabi/lib/thumb/v8-m.main+fp/hard\libc_nano.a(libc_a-findfp.o)
 .text.__sfp_lock_acquire
                0x0800e7c4        0xc C:/ST/STM32CubeIDE_1.16.0/STM32CubeIDE/plugins/com.st.stm32cube.ide.mcu.externaltools.gnu-tools-for-stm32.12.3.rel1.win32_1.0.200.202406191623/tools/bin/../lib/gcc/arm-none-eabi/12.3.1/../../../../arm-none-eabi/lib/thumb/v8-m.main+fp/hard\libc_nano.a(libc_a-findfp.o)
                0x0800e7c4                __sfp_lock_acquire
 .text.__sfp_lock_release
                0x0800e7d0        0xc C:/ST/STM32CubeIDE_1.16.0/STM32CubeIDE/plugins/com.st.stm32cube.ide.mcu.externaltools.gnu-tools-for-stm32.12.3.rel1.win32_1.0.200.202406191623/tools/bin/../lib/gcc/arm-none-eabi/12.3.1/../../../../arm-none-eabi/lib/thumb/v8-m.main+fp/hard\libc_nano.a(libc_a-findfp.o)
                0x0800e7d0                __sfp_lock_release
 .text.__sinit  0x0800e7dc       0x30 C:/ST/STM32CubeIDE_1.16.0/STM32CubeIDE/plugins/com.st.stm32cube.ide.mcu.externaltools.gnu-tools-for-stm32.12.3.rel1.win32_1.0.200.202406191623/tools/bin/../lib/gcc/arm-none-eabi/12.3.1/../../../../arm-none-eabi/lib/thumb/v8-m.main+fp/hard\libc_nano.a(libc_a-findfp.o)
                0x0800e7dc                __sinit
 .text._fwalk_sglue
                0x0800e80c       0x3c C:/ST/STM32CubeIDE_1.16.0/STM32CubeIDE/plugins/com.st.stm32cube.ide.mcu.externaltools.gnu-tools-for-stm32.12.3.rel1.win32_1.0.200.202406191623/tools/bin/../lib/gcc/arm-none-eabi/12.3.1/../../../../arm-none-eabi/lib/thumb/v8-m.main+fp/hard\libc_nano.a(libc_a-fwalk.o)
                0x0800e80c                _fwalk_sglue
 .text.printf   0x0800e848       0x24 C:/ST/STM32CubeIDE_1.16.0/STM32CubeIDE/plugins/com.st.stm32cube.ide.mcu.externaltools.gnu-tools-for-stm32.12.3.rel1.win32_1.0.200.202406191623/tools/bin/../lib/gcc/arm-none-eabi/12.3.1/../../../../arm-none-eabi/lib/thumb/v8-m.main+fp/hard\libc_nano.a(libc_a-printf.o)
                0x0800e848                iprintf
                0x0800e848                printf
 .text.putchar  0x0800e86c       0x10 C:/ST/STM32CubeIDE_1.16.0/STM32CubeIDE/plugins/com.st.stm32cube.ide.mcu.externaltools.gnu-tools-for-stm32.12.3.rel1.win32_1.0.200.202406191623/tools/bin/../lib/gcc/arm-none-eabi/12.3.1/../../../../arm-none-eabi/lib/thumb/v8-m.main+fp/hard\libc_nano.a(libc_a-putchar.o)
                0x0800e86c                putchar
 .text._puts_r  0x0800e87c       0xaa C:/ST/STM32CubeIDE_1.16.0/STM32CubeIDE/plugins/com.st.stm32cube.ide.mcu.externaltools.gnu-tools-for-stm32.12.3.rel1.win32_1.0.200.202406191623/tools/bin/../lib/gcc/arm-none-eabi/12.3.1/../../../../arm-none-eabi/lib/thumb/v8-m.main+fp/hard\libc_nano.a(libc_a-puts.o)
                0x0800e87c                _puts_r
 *fill*         0x0800e926        0x2 
 .text.puts     0x0800e928       0x10 C:/ST/STM32CubeIDE_1.16.0/STM32CubeIDE/plugins/com.st.stm32cube.ide.mcu.externaltools.gnu-tools-for-stm32.12.3.rel1.win32_1.0.200.202406191623/tools/bin/../lib/gcc/arm-none-eabi/12.3.1/../../../../arm-none-eabi/lib/thumb/v8-m.main+fp/hard\libc_nano.a(libc_a-puts.o)
                0x0800e928                puts
 .text.__sread  0x0800e938       0x22 C:/ST/STM32CubeIDE_1.16.0/STM32CubeIDE/plugins/com.st.stm32cube.ide.mcu.externaltools.gnu-tools-for-stm32.12.3.rel1.win32_1.0.200.202406191623/tools/bin/../lib/gcc/arm-none-eabi/12.3.1/../../../../arm-none-eabi/lib/thumb/v8-m.main+fp/hard\libc_nano.a(libc_a-stdio.o)
                0x0800e938                __sread
 .text.__swrite
                0x0800e95a       0x38 C:/ST/STM32CubeIDE_1.16.0/STM32CubeIDE/plugins/com.st.stm32cube.ide.mcu.externaltools.gnu-tools-for-stm32.12.3.rel1.win32_1.0.200.202406191623/tools/bin/../lib/gcc/arm-none-eabi/12.3.1/../../../../arm-none-eabi/lib/thumb/v8-m.main+fp/hard\libc_nano.a(libc_a-stdio.o)
                0x0800e95a                __swrite
 .text.__sseek  0x0800e992       0x24 C:/ST/STM32CubeIDE_1.16.0/STM32CubeIDE/plugins/com.st.stm32cube.ide.mcu.externaltools.gnu-tools-for-stm32.12.3.rel1.win32_1.0.200.202406191623/tools/bin/../lib/gcc/arm-none-eabi/12.3.1/../../../../arm-none-eabi/lib/thumb/v8-m.main+fp/hard\libc_nano.a(libc_a-stdio.o)
                0x0800e992                __sseek
 .text.__sclose
                0x0800e9b6        0x8 C:/ST/STM32CubeIDE_1.16.0/STM32CubeIDE/plugins/com.st.stm32cube.ide.mcu.externaltools.gnu-tools-for-stm32.12.3.rel1.win32_1.0.200.202406191623/tools/bin/../lib/gcc/arm-none-eabi/12.3.1/../../../../arm-none-eabi/lib/thumb/v8-m.main+fp/hard\libc_nano.a(libc_a-stdio.o)
                0x0800e9b6                __sclose
 .text.__swbuf_r
                0x0800e9be       0x7c C:/ST/STM32CubeIDE_1.16.0/STM32CubeIDE/plugins/com.st.stm32cube.ide.mcu.externaltools.gnu-tools-for-stm32.12.3.rel1.win32_1.0.200.202406191623/tools/bin/../lib/gcc/arm-none-eabi/12.3.1/../../../../arm-none-eabi/lib/thumb/v8-m.main+fp/hard\libc_nano.a(libc_a-wbuf.o)
                0x0800e9be                __swbuf_r
 *fill*         0x0800ea3a        0x2 
 .text.__swsetup_r
                0x0800ea3c       0xac C:/ST/STM32CubeIDE_1.16.0/STM32CubeIDE/plugins/com.st.stm32cube.ide.mcu.externaltools.gnu-tools-for-stm32.12.3.rel1.win32_1.0.200.202406191623/tools/bin/../lib/gcc/arm-none-eabi/12.3.1/../../../../arm-none-eabi/lib/thumb/v8-m.main+fp/hard\libc_nano.a(libc_a-wsetup.o)
                0x0800ea3c                __swsetup_r
 .text.memset   0x0800eae8       0x10 C:/ST/STM32CubeIDE_1.16.0/STM32CubeIDE/plugins/com.st.stm32cube.ide.mcu.externaltools.gnu-tools-for-stm32.12.3.rel1.win32_1.0.200.202406191623/tools/bin/../lib/gcc/arm-none-eabi/12.3.1/../../../../arm-none-eabi/lib/thumb/v8-m.main+fp/hard\libc_nano.a(libc_a-memset.o)
                0x0800eae8                memset
 .text._close_r
                0x0800eaf8       0x20 C:/ST/STM32CubeIDE_1.16.0/STM32CubeIDE/plugins/com.st.stm32cube.ide.mcu.externaltools.gnu-tools-for-stm32.12.3.rel1.win32_1.0.200.202406191623/tools/bin/../lib/gcc/arm-none-eabi/12.3.1/../../../../arm-none-eabi/lib/thumb/v8-m.main+fp/hard\libc_nano.a(libc_a-closer.o)
                0x0800eaf8                _close_r
 .text._lseek_r
                0x0800eb18       0x24 C:/ST/STM32CubeIDE_1.16.0/STM32CubeIDE/plugins/com.st.stm32cube.ide.mcu.externaltools.gnu-tools-for-stm32.12.3.rel1.win32_1.0.200.202406191623/tools/bin/../lib/gcc/arm-none-eabi/12.3.1/../../../../arm-none-eabi/lib/thumb/v8-m.main+fp/hard\libc_nano.a(libc_a-lseekr.o)
                0x0800eb18                _lseek_r
 .text._read_r  0x0800eb3c       0x24 C:/ST/STM32CubeIDE_1.16.0/STM32CubeIDE/plugins/com.st.stm32cube.ide.mcu.externaltools.gnu-tools-for-stm32.12.3.rel1.win32_1.0.200.202406191623/tools/bin/../lib/gcc/arm-none-eabi/12.3.1/../../../../arm-none-eabi/lib/thumb/v8-m.main+fp/hard\libc_nano.a(libc_a-readr.o)
                0x0800eb3c                _read_r
 .text._sbrk_r  0x0800eb60       0x20 C:/ST/STM32CubeIDE_1.16.0/STM32CubeIDE/plugins/com.st.stm32cube.ide.mcu.externaltools.gnu-tools-for-stm32.12.3.rel1.win32_1.0.200.202406191623/tools/bin/../lib/gcc/arm-none-eabi/12.3.1/../../../../arm-none-eabi/lib/thumb/v8-m.main+fp/hard\libc_nano.a(libc_a-sbrkr.o)
                0x0800eb60                _sbrk_r
 .text._write_r
                0x0800eb80       0x24 C:/ST/STM32CubeIDE_1.16.0/STM32CubeIDE/plugins/com.st.stm32cube.ide.mcu.externaltools.gnu-tools-for-stm32.12.3.rel1.win32_1.0.200.202406191623/tools/bin/../lib/gcc/arm-none-eabi/12.3.1/../../../../arm-none-eabi/lib/thumb/v8-m.main+fp/hard\libc_nano.a(libc_a-writer.o)
                0x0800eb80                _write_r
 .text.__errno  0x0800eba4        0xc C:/ST/STM32CubeIDE_1.16.0/STM32CubeIDE/plugins/com.st.stm32cube.ide.mcu.externaltools.gnu-tools-for-stm32.12.3.rel1.win32_1.0.200.202406191623/tools/bin/../lib/gcc/arm-none-eabi/12.3.1/../../../../arm-none-eabi/lib/thumb/v8-m.main+fp/hard\libc_nano.a(libc_a-errno.o)
                0x0800eba4                __errno
 .text.__libc_init_array
                0x0800ebb0       0x48 C:/ST/STM32CubeIDE_1.16.0/STM32CubeIDE/plugins/com.st.stm32cube.ide.mcu.externaltools.gnu-tools-for-stm32.12.3.rel1.win32_1.0.200.202406191623/tools/bin/../lib/gcc/arm-none-eabi/12.3.1/../../../../arm-none-eabi/lib/thumb/v8-m.main+fp/hard\libc_nano.a(libc_a-init.o)
                0x0800ebb0                __libc_init_array
 .text.__retarget_lock_init_recursive
                0x0800ebf8        0x2 C:/ST/STM32CubeIDE_1.16.0/STM32CubeIDE/plugins/com.st.stm32cube.ide.mcu.externaltools.gnu-tools-for-stm32.12.3.rel1.win32_1.0.200.202406191623/tools/bin/../lib/gcc/arm-none-eabi/12.3.1/../../../../arm-none-eabi/lib/thumb/v8-m.main+fp/hard\libc_nano.a(libc_a-lock.o)
                0x0800ebf8                __retarget_lock_init_recursive
 .text.__retarget_lock_acquire_recursive
                0x0800ebfa        0x2 C:/ST/STM32CubeIDE_1.16.0/STM32CubeIDE/plugins/com.st.stm32cube.ide.mcu.externaltools.gnu-tools-for-stm32.12.3.rel1.win32_1.0.200.202406191623/tools/bin/../lib/gcc/arm-none-eabi/12.3.1/../../../../arm-none-eabi/lib/thumb/v8-m.main+fp/hard\libc_nano.a(libc_a-lock.o)
                0x0800ebfa                __retarget_lock_acquire_recursive
 .text.__retarget_lock_release_recursive
                0x0800ebfc        0x2 C:/ST/STM32CubeIDE_1.16.0/STM32CubeIDE/plugins/com.st.stm32cube.ide.mcu.externaltools.gnu-tools-for-stm32.12.3.rel1.win32_1.0.200.202406191623/tools/bin/../lib/gcc/arm-none-eabi/12.3.1/../../../../arm-none-eabi/lib/thumb/v8-m.main+fp/hard\libc_nano.a(libc_a-lock.o)
                0x0800ebfc                __retarget_lock_release_recursive
 *fill*         0x0800ebfe        0x2 
 .text._free_r  0x0800ec00       0x94 C:/ST/STM32CubeIDE_1.16.0/STM32CubeIDE/plugins/com.st.stm32cube.ide.mcu.externaltools.gnu-tools-for-stm32.12.3.rel1.win32_1.0.200.202406191623/tools/bin/../lib/gcc/arm-none-eabi/12.3.1/../../../../arm-none-eabi/lib/thumb/v8-m.main+fp/hard\libc_nano.a(libc_a-freer.o)
                0x0800ec00                _free_r
 .text.__sfputc_r
                0x0800ec94       0x2e C:/ST/STM32CubeIDE_1.16.0/STM32CubeIDE/plugins/com.st.stm32cube.ide.mcu.externaltools.gnu-tools-for-stm32.12.3.rel1.win32_1.0.200.202406191623/tools/bin/../lib/gcc/arm-none-eabi/12.3.1/../../../../arm-none-eabi/lib/thumb/v8-m.main+fp/hard\libc_nano.a(libc_a-nano-vfprintf.o)
 .text.__sfputs_r
                0x0800ecc2       0x24 C:/ST/STM32CubeIDE_1.16.0/STM32CubeIDE/plugins/com.st.stm32cube.ide.mcu.externaltools.gnu-tools-for-stm32.12.3.rel1.win32_1.0.200.202406191623/tools/bin/../lib/gcc/arm-none-eabi/12.3.1/../../../../arm-none-eabi/lib/thumb/v8-m.main+fp/hard\libc_nano.a(libc_a-nano-vfprintf.o)
                0x0800ecc2                __sfputs_r
 *fill*         0x0800ece6        0x2 
 .text._vfprintf_r
                0x0800ece8      0x230 C:/ST/STM32CubeIDE_1.16.0/STM32CubeIDE/plugins/com.st.stm32cube.ide.mcu.externaltools.gnu-tools-for-stm32.12.3.rel1.win32_1.0.200.202406191623/tools/bin/../lib/gcc/arm-none-eabi/12.3.1/../../../../arm-none-eabi/lib/thumb/v8-m.main+fp/hard\libc_nano.a(libc_a-nano-vfprintf.o)
                0x0800ece8                _vfprintf_r
                0x0800ece8                _vfiprintf_r
 .text._printf_common
                0x0800ef18       0xe4 C:/ST/STM32CubeIDE_1.16.0/STM32CubeIDE/plugins/com.st.stm32cube.ide.mcu.externaltools.gnu-tools-for-stm32.12.3.rel1.win32_1.0.200.202406191623/tools/bin/../lib/gcc/arm-none-eabi/12.3.1/../../../../arm-none-eabi/lib/thumb/v8-m.main+fp/hard\libc_nano.a(libc_a-nano-vfprintf_i.o)
                0x0800ef18                _printf_common
 .text._printf_i
                0x0800effc      0x240 C:/ST/STM32CubeIDE_1.16.0/STM32CubeIDE/plugins/com.st.stm32cube.ide.mcu.externaltools.gnu-tools-for-stm32.12.3.rel1.win32_1.0.200.202406191623/tools/bin/../lib/gcc/arm-none-eabi/12.3.1/../../../../arm-none-eabi/lib/thumb/v8-m.main+fp/hard\libc_nano.a(libc_a-nano-vfprintf_i.o)
                0x0800effc                _printf_i
 .text.__sflush_r
                0x0800f23c      0x108 C:/ST/STM32CubeIDE_1.16.0/STM32CubeIDE/plugins/com.st.stm32cube.ide.mcu.externaltools.gnu-tools-for-stm32.12.3.rel1.win32_1.0.200.202406191623/tools/bin/../lib/gcc/arm-none-eabi/12.3.1/../../../../arm-none-eabi/lib/thumb/v8-m.main+fp/hard\libc_nano.a(libc_a-fflush.o)
                0x0800f23c                __sflush_r
 .text._fflush_r
                0x0800f344       0x50 C:/ST/STM32CubeIDE_1.16.0/STM32CubeIDE/plugins/com.st.stm32cube.ide.mcu.externaltools.gnu-tools-for-stm32.12.3.rel1.win32_1.0.200.202406191623/tools/bin/../lib/gcc/arm-none-eabi/12.3.1/../../../../arm-none-eabi/lib/thumb/v8-m.main+fp/hard\libc_nano.a(libc_a-fflush.o)
                0x0800f344                _fflush_r
 .text.__swhatbuf_r
                0x0800f394       0x4a C:/ST/STM32CubeIDE_1.16.0/STM32CubeIDE/plugins/com.st.stm32cube.ide.mcu.externaltools.gnu-tools-for-stm32.12.3.rel1.win32_1.0.200.202406191623/tools/bin/../lib/gcc/arm-none-eabi/12.3.1/../../../../arm-none-eabi/lib/thumb/v8-m.main+fp/hard\libc_nano.a(libc_a-makebuf.o)
                0x0800f394                __swhatbuf_r
 .text.__smakebuf_r
                0x0800f3de       0x78 C:/ST/STM32CubeIDE_1.16.0/STM32CubeIDE/plugins/com.st.stm32cube.ide.mcu.externaltools.gnu-tools-for-stm32.12.3.rel1.win32_1.0.200.202406191623/tools/bin/../lib/gcc/arm-none-eabi/12.3.1/../../../../arm-none-eabi/lib/thumb/v8-m.main+fp/hard\libc_nano.a(libc_a-makebuf.o)
                0x0800f3de                __smakebuf_r
 .text._putc_r  0x0800f456       0x68 C:/ST/STM32CubeIDE_1.16.0/STM32CubeIDE/plugins/com.st.stm32cube.ide.mcu.externaltools.gnu-tools-for-stm32.12.3.rel1.win32_1.0.200.202406191623/tools/bin/../lib/gcc/arm-none-eabi/12.3.1/../../../../arm-none-eabi/lib/thumb/v8-m.main+fp/hard\libc_nano.a(libc_a-putc.o)
                0x0800f456                _putc_r
 *fill*         0x0800f4be        0x2 
 .text._fstat_r
                0x0800f4c0       0x24 C:/ST/STM32CubeIDE_1.16.0/STM32CubeIDE/plugins/com.st.stm32cube.ide.mcu.externaltools.gnu-tools-for-stm32.12.3.rel1.win32_1.0.200.202406191623/tools/bin/../lib/gcc/arm-none-eabi/12.3.1/../../../../arm-none-eabi/lib/thumb/v8-m.main+fp/hard\libc_nano.a(libc_a-fstatr.o)
                0x0800f4c0                _fstat_r
 .text._isatty_r
                0x0800f4e4       0x20 C:/ST/STM32CubeIDE_1.16.0/STM32CubeIDE/plugins/com.st.stm32cube.ide.mcu.externaltools.gnu-tools-for-stm32.12.3.rel1.win32_1.0.200.202406191623/tools/bin/../lib/gcc/arm-none-eabi/12.3.1/../../../../arm-none-eabi/lib/thumb/v8-m.main+fp/hard\libc_nano.a(libc_a-isattyr.o)
                0x0800f4e4                _isatty_r
 .text.memchr   0x0800f504       0x1c C:/ST/STM32CubeIDE_1.16.0/STM32CubeIDE/plugins/com.st.stm32cube.ide.mcu.externaltools.gnu-tools-for-stm32.12.3.rel1.win32_1.0.200.202406191623/tools/bin/../lib/gcc/arm-none-eabi/12.3.1/../../../../arm-none-eabi/lib/thumb/v8-m.main+fp/hard\libc_nano.a(libc_a-memchr-stub.o)
                0x0800f504                memchr
 *(.glue_7)
 .glue_7        0x0800f520        0x0 linker stubs
 *(.glue_7t)
 .glue_7t       0x0800f520        0x0 linker stubs
 *(.eh_frame)
 .eh_frame      0x0800f520        0x0 C:/ST/STM32CubeIDE_1.16.0/STM32CubeIDE/plugins/com.st.stm32cube.ide.mcu.externaltools.gnu-tools-for-stm32.12.3.rel1.win32_1.0.200.202406191623/tools/bin/../lib/gcc/arm-none-eabi/12.3.1/thumb/v8-m.main+fp/hard/crtbegin.o
 *(.init)
 .init          0x0800f520        0x4 C:/ST/STM32CubeIDE_1.16.0/STM32CubeIDE/plugins/com.st.stm32cube.ide.mcu.externaltools.gnu-tools-for-stm32.12.3.rel1.win32_1.0.200.202406191623/tools/bin/../lib/gcc/arm-none-eabi/12.3.1/thumb/v8-m.main+fp/hard/crti.o
                0x0800f520                _init
 .init          0x0800f524        0x8 C:/ST/STM32CubeIDE_1.16.0/STM32CubeIDE/plugins/com.st.stm32cube.ide.mcu.externaltools.gnu-tools-for-stm32.12.3.rel1.win32_1.0.200.202406191623/tools/bin/../lib/gcc/arm-none-eabi/12.3.1/thumb/v8-m.main+fp/hard/crtn.o
 *(.fini)
 .fini          0x0800f52c        0x4 C:/ST/STM32CubeIDE_1.16.0/STM32CubeIDE/plugins/com.st.stm32cube.ide.mcu.externaltools.gnu-tools-for-stm32.12.3.rel1.win32_1.0.200.202406191623/tools/bin/../lib/gcc/arm-none-eabi/12.3.1/thumb/v8-m.main+fp/hard/crti.o
                0x0800f52c                _fini
 .fini          0x0800f530        0x8 C:/ST/STM32CubeIDE_1.16.0/STM32CubeIDE/plugins/com.st.stm32cube.ide.mcu.externaltools.gnu-tools-for-stm32.12.3.rel1.win32_1.0.200.202406191623/tools/bin/../lib/gcc/arm-none-eabi/12.3.1/thumb/v8-m.main+fp/hard/crtn.o
                0x0800f538                        _etext = .

.vfp11_veneer   0x0800f538        0x0
 .vfp11_veneer  0x0800f538        0x0 linker stubs

.v4_bx          0x0800f538        0x0
 .v4_bx         0x0800f538        0x0 linker stubs

.iplt           0x0800f538        0x0
 .iplt          0x0800f538        0x0 C:/ST/STM32CubeIDE_1.16.0/STM32CubeIDE/plugins/com.st.stm32cube.ide.mcu.externaltools.gnu-tools-for-stm32.12.3.rel1.win32_1.0.200.202406191623/tools/bin/../lib/gcc/arm-none-eabi/12.3.1/thumb/v8-m.main+fp/hard/crtbegin.o

.rodata         0x0800f538     0x14b3
 *(.rodata)
 .rodata        0x0800f538      0x1fe ./Core/Src/main.o
 *fill*         0x0800f736        0x2 
 .rodata        0x0800f738       0x77 ./winc1500/bus_wrapper/source/nm_bus_wrapper_stm32u5a5.o
 *fill*         0x0800f7af        0x1 
 .rodata        0x0800f7b0      0x3ca ./winc1500/driver/source/m2m_hif.o
 *fill*         0x0800fb7a        0x2 
 .rodata        0x0800fb7c      0x2f9 ./winc1500/driver/source/m2m_wifi.o
 *fill*         0x0800fe75        0x3 
 .rodata        0x0800fe78       0xfc ./winc1500/driver/source/nmasic.o
 .rodata        0x0800ff74       0xca ./winc1500/driver/source/nmdrv.o
 *fill*         0x0801003e        0x2 
 .rodata        0x08010040      0x5ea ./winc1500/driver/source/nmspi.o
 *(.rodata*)
 *fill*         0x0801062a        0x2 
 .rodata.HeaderAES
                0x0801062c        0x4 ./Core/Src/main.o
 .rodata.AHBPrescTable
                0x08010630       0x10 ./Core/Src/system_stm32u5xx.o
                0x08010630                AHBPrescTable
 .rodata.APBPrescTable
                0x08010640        0x8 ./Core/Src/system_stm32u5xx.o
                0x08010640                APBPrescTable
 .rodata.MSIRangeTable
                0x08010648       0x40 ./Core/Src/system_stm32u5xx.o
                0x08010648                MSIRangeTable
 .rodata.LPGPIO_Map
                0x08010688       0x80 ./Drivers/STM32U5xx_HAL_Driver/Src/stm32u5xx_hal_gpio.o
 .rodata.UARTPrescTable
                0x08010708       0x18 ./Drivers/STM32U5xx_HAL_Driver/Src/stm32u5xx_hal_uart.o
                0x08010708                UARTPrescTable
 .rodata.numerator.1
                0x08010720        0x8 ./Drivers/STM32U5xx_HAL_Driver/Src/stm32u5xx_hal_uart_ex.o
 .rodata.denominator.0
                0x08010728        0x8 ./Drivers/STM32U5xx_HAL_Driver/Src/stm32u5xx_hal_uart_ex.o
 .rodata.__FUNCTION__.2
                0x08010730        0xa ./winc1500/bus_wrapper/source/nm_bus_wrapper_stm32u5a5.o
 *fill*         0x0801073a        0x2 
 .rodata.__FUNCTION__.1
                0x0801073c        0xc ./winc1500/bus_wrapper/source/nm_bus_wrapper_stm32u5a5.o
 .rodata.__FUNCTION__.4
                0x08010748        0x9 ./winc1500/driver/source/m2m_hif.o
 *fill*         0x08010751        0x3 
 .rodata.__FUNCTION__.1
                0x08010754        0xc ./winc1500/driver/source/m2m_hif.o
 .rodata.__FUNCTION__.0
                0x08010760       0x10 ./winc1500/driver/source/m2m_hif.o
 .rodata.__FUNCTION__.8
                0x08010770        0xc ./winc1500/driver/source/m2m_wifi.o
 .rodata.__FUNCTION__.5
                0x0801077c       0x14 ./winc1500/driver/source/m2m_wifi.o
 .rodata.__FUNCTION__.4
                0x08010790        0xa ./winc1500/driver/source/nmasic.o
 *fill*         0x0801079a        0x2 
 .rodata.__FUNCTION__.3
                0x0801079c       0x11 ./winc1500/driver/source/nmasic.o
 *fill*         0x080107ad        0x3 
 .rodata.__FUNCTION__.2
                0x080107b0       0x18 ./winc1500/driver/source/nmasic.o
 .rodata.__FUNCTION__.1
                0x080107c8        0xc ./winc1500/driver/source/nmasic.o
 .rodata.__FUNCTION__.2
                0x080107d4       0x11 ./winc1500/driver/source/nmdrv.o
 *fill*         0x080107e5        0x3 
 .rodata.__FUNCTION__.1
                0x080107e8       0x12 ./winc1500/driver/source/nmdrv.o
 *fill*         0x080107fa        0x2 
 .rodata.__FUNCTION__.0
                0x080107fc        0xe ./winc1500/driver/source/nmdrv.o
 *fill*         0x0801080a        0x2 
 .rodata.crc7_syndrome_table
                0x0801080c      0x100 ./winc1500/driver/source/nmspi.o
 .rodata.__FUNCTION__.10
                0x0801090c        0x8 ./winc1500/driver/source/nmspi.o
 .rodata.__FUNCTION__.9
                0x08010914        0xd ./winc1500/driver/source/nmspi.o
 *fill*         0x08010921        0x3 
 .rodata.__FUNCTION__.8
                0x08010924        0xc ./winc1500/driver/source/nmspi.o
 .rodata.__FUNCTION__.7
                0x08010930        0xd ./winc1500/driver/source/nmspi.o
 *fill*         0x0801093d        0x3 
 .rodata.__FUNCTION__.6
                0x08010940        0xe ./winc1500/driver/source/nmspi.o
 *fill*         0x0801094e        0x2 
 .rodata.__FUNCTION__.5
                0x08010950        0xf ./winc1500/driver/source/nmspi.o
 *fill*         0x0801095f        0x1 
 .rodata.__FUNCTION__.4
                0x08010960       0x11 ./winc1500/driver/source/nmspi.o
 *fill*         0x08010971        0x3 
 .rodata.__FUNCTION__.3
                0x08010974        0xd ./winc1500/driver/source/nmspi.o
 *fill*         0x08010981        0x3 
 .rodata.__FUNCTION__.2
                0x08010984       0x19 ./winc1500/driver/source/nmspi.o
 *fill*         0x0801099d        0x3 
 .rodata.__FUNCTION__.1
                0x080109a0        0xc ./winc1500/driver/source/nmspi.o
 .rodata.__FUNCTION__.0
                0x080109ac        0xc ./winc1500/driver/source/nmspi.o
 .rodata._vfprintf_r.str1.1
                0x080109b8       0x11 C:/ST/STM32CubeIDE_1.16.0/STM32CubeIDE/plugins/com.st.stm32cube.ide.mcu.externaltools.gnu-tools-for-stm32.12.3.rel1.win32_1.0.200.202406191623/tools/bin/../lib/gcc/arm-none-eabi/12.3.1/../../../../arm-none-eabi/lib/thumb/v8-m.main+fp/hard\libc_nano.a(libc_a-nano-vfprintf.o)
 .rodata._printf_i.str1.1
                0x080109c9       0x22 C:/ST/STM32CubeIDE_1.16.0/STM32CubeIDE/plugins/com.st.stm32cube.ide.mcu.externaltools.gnu-tools-for-stm32.12.3.rel1.win32_1.0.200.202406191623/tools/bin/../lib/gcc/arm-none-eabi/12.3.1/../../../../arm-none-eabi/lib/thumb/v8-m.main+fp/hard\libc_nano.a(libc_a-nano-vfprintf_i.o)

.ARM.extab
 *(.ARM.extab* .gnu.linkonce.armextab.*)

.ARM            0x080109ec        0x8
                0x080109ec                        __exidx_start = .
 *(.ARM.exidx*)
 .ARM.exidx     0x080109ec        0x8 C:/ST/STM32CubeIDE_1.16.0/STM32CubeIDE/plugins/com.st.stm32cube.ide.mcu.externaltools.gnu-tools-for-stm32.12.3.rel1.win32_1.0.200.202406191623/tools/bin/../lib/gcc/arm-none-eabi/12.3.1/thumb/v8-m.main+fp/hard\libgcc.a(_udivmoddi4.o)
                0x080109f4                        __exidx_end = .

.preinit_array  0x080109f4        0x0
                0x080109f4                        PROVIDE (__preinit_array_start = .)
 *(.preinit_array*)
                0x080109f4                        PROVIDE (__preinit_array_end = .)

.init_array     0x080109f4        0x4
                0x080109f4                        PROVIDE (__init_array_start = .)
 *(SORT_BY_NAME(.init_array.*))
 *(.init_array*)
 .init_array    0x080109f4        0x4 C:/ST/STM32CubeIDE_1.16.0/STM32CubeIDE/plugins/com.st.stm32cube.ide.mcu.externaltools.gnu-tools-for-stm32.12.3.rel1.win32_1.0.200.202406191623/tools/bin/../lib/gcc/arm-none-eabi/12.3.1/thumb/v8-m.main+fp/hard/crtbegin.o
                0x080109f8                        PROVIDE (__init_array_end = .)

.fini_array     0x080109f8        0x4
                [!provide]                        PROVIDE (__fini_array_start = .)
 *(SORT_BY_NAME(.fini_array.*))
 *(.fini_array*)
 .fini_array    0x080109f8        0x4 C:/ST/STM32CubeIDE_1.16.0/STM32CubeIDE/plugins/com.st.stm32cube.ide.mcu.externaltools.gnu-tools-for-stm32.12.3.rel1.win32_1.0.200.202406191623/tools/bin/../lib/gcc/arm-none-eabi/12.3.1/thumb/v8-m.main+fp/hard/crtbegin.o
                [!provide]                        PROVIDE (__fini_array_end = .)
                0x080109fc                        _sidata = LOADADDR (.data)

.rel.dyn        0x080109fc        0x0
 .rel.iplt      0x080109fc        0x0 C:/ST/STM32CubeIDE_1.16.0/STM32CubeIDE/plugins/com.st.stm32cube.ide.mcu.externaltools.gnu-tools-for-stm32.12.3.rel1.win32_1.0.200.202406191623/tools/bin/../lib/gcc/arm-none-eabi/12.3.1/thumb/v8-m.main+fp/hard/crtbegin.o

.data           0x20000000       0x70 load address 0x080109fc
                0x20000000                        _sdata = .
 *(.data)
 *(.data*)
 .data.SystemCoreClock
                0x20000000        0x4 ./Core/Src/system_stm32u5xx.o
                0x20000000                SystemCoreClock
 .data.uwTickPrio
                0x20000004        0x4 ./Drivers/STM32U5xx_HAL_Driver/Src/stm32u5xx_hal.o
                0x20000004                uwTickPrio
 .data.uwTickFreq
                0x20000008        0x1 ./Drivers/STM32U5xx_HAL_Driver/Src/stm32u5xx_hal.o
                0x20000008                uwTickFreq
 *fill*         0x20000009        0x3 
 .data.egstrNmBusCapabilities
                0x2000000c        0x2 ./winc1500/bus_wrapper/source/nm_bus_wrapper_stm32u5a5.o
                0x2000000c                egstrNmBusCapabilities
 *fill*         0x2000000e        0x2 
 .data.gu321xTlsHsFlags
                0x20000010        0x4 ./winc1500/driver/source/m2m_wifi.o
 .data.__sglue  0x20000014        0xc C:/ST/STM32CubeIDE_1.16.0/STM32CubeIDE/plugins/com.st.stm32cube.ide.mcu.externaltools.gnu-tools-for-stm32.12.3.rel1.win32_1.0.200.202406191623/tools/bin/../lib/gcc/arm-none-eabi/12.3.1/../../../../arm-none-eabi/lib/thumb/v8-m.main+fp/hard\libc_nano.a(libc_a-findfp.o)
                0x20000014                __sglue
 .data._impure_ptr
                0x20000020        0x4 C:/ST/STM32CubeIDE_1.16.0/STM32CubeIDE/plugins/com.st.stm32cube.ide.mcu.externaltools.gnu-tools-for-stm32.12.3.rel1.win32_1.0.200.202406191623/tools/bin/../lib/gcc/arm-none-eabi/12.3.1/../../../../arm-none-eabi/lib/thumb/v8-m.main+fp/hard\libc_nano.a(libc_a-impure.o)
                0x20000020                _impure_ptr
 .data._impure_data
                0x20000024       0x4c C:/ST/STM32CubeIDE_1.16.0/STM32CubeIDE/plugins/com.st.stm32cube.ide.mcu.externaltools.gnu-tools-for-stm32.12.3.rel1.win32_1.0.200.202406191623/tools/bin/../lib/gcc/arm-none-eabi/12.3.1/../../../../arm-none-eabi/lib/thumb/v8-m.main+fp/hard\libc_nano.a(libc_a-impure.o)
                0x20000024                _impure_data
 *(.RamFunc)
 *(.RamFunc*)
                0x20000070                        _edata = .

.igot.plt       0x20000070        0x0 load address 0x08010a6c
 .igot.plt      0x20000070        0x0 C:/ST/STM32CubeIDE_1.16.0/STM32CubeIDE/plugins/com.st.stm32cube.ide.mcu.externaltools.gnu-tools-for-stm32.12.3.rel1.win32_1.0.200.202406191623/tools/bin/../lib/gcc/arm-none-eabi/12.3.1/thumb/v8-m.main+fp/hard/crtbegin.o

.bss            0x20000070      0x78e load address 0x08010a6c
                0x20000070                        _sbss = .
                0x20000070                        __bss_start__ = _sbss
 *(.bss)
 .bss           0x20000070       0x1c C:/ST/STM32CubeIDE_1.16.0/STM32CubeIDE/plugins/com.st.stm32cube.ide.mcu.externaltools.gnu-tools-for-stm32.12.3.rel1.win32_1.0.200.202406191623/tools/bin/../lib/gcc/arm-none-eabi/12.3.1/thumb/v8-m.main+fp/hard/crtbegin.o
 *(.bss*)
 .bss.hadc1     0x2000008c       0x8c ./Core/Src/main.o
                0x2000008c                hadc1
 .bss.hcryp     0x20000118       0x68 ./Core/Src/main.o
                0x20000118                hcryp
 .bss.pKeyAES   0x20000180       0x10 ./Core/Src/main.o
                0x20000180                pKeyAES
 .bss.pInitVectAES
                0x20000190       0x10 ./Core/Src/main.o
                0x20000190                pInitVectAES
 .bss.hi2c2     0x200001a0       0x54 ./Core/Src/main.o
                0x200001a0                hi2c2
 .bss.hspi1     0x200001f4       0x90 ./Core/Src/main.o
                0x200001f4                hspi1
 .bss.hspi2     0x20000284       0x90 ./Core/Src/main.o
                0x20000284                hspi2
 .bss.htim1     0x20000314       0x4c ./Core/Src/main.o
                0x20000314                htim1
 .bss.huart4    0x20000360       0x94 ./Core/Src/main.o
                0x20000360                huart4
 .bss.UartHandle
                0x200003f4       0x94 ./Core/Src/main.o
                0x200003f4                UartHandle
 .bss.wifi_connected
                0x20000488        0x1 ./Core/Src/main.o
 *fill*         0x20000489        0x3 
 .bss.Distance  0x2000048c        0x4 ./Core/Src/main.o
 .bss.returnSignal.2
                0x20000490        0x4 ./Core/Src/main.o
 .bss.begin_timestamp.1
                0x20000494        0x4 ./Core/Src/main.o
 .bss.end_timestamp.0
                0x20000498        0x4 ./Core/Src/main.o
 .bss.__sbrk_heap_end
                0x2000049c        0x4 ./Core/Src/sysmem.o
 .bss.uwTick    0x200004a0        0x4 ./Drivers/STM32U5xx_HAL_Driver/Src/stm32u5xx_hal.o
                0x200004a0                uwTick
 .bss.hspiWifi  0x200004a4       0x90 ./winc1500/bus_wrapper/source/nm_bus_wrapper_stm32u5a5.o
                0x200004a4                hspiWifi
 .bss.spiDummyBuf
                0x20000534      0x12c ./winc1500/bus_wrapper/source/nm_bus_wrapper_stm32u5a5.o
 .bss.gstrHifCxt
                0x20000660       0x2c ./winc1500/driver/source/m2m_hif.o
                0x20000660                gstrHifCxt
 .bss.gu8ChNum  0x2000068c        0x1 ./winc1500/driver/source/m2m_wifi.o
 .bss.gu8WifiState
                0x2000068d        0x1 ./winc1500/driver/source/m2m_wifi.o
 *fill*         0x2000068e        0x2 
 .bss.gpfAppWifiCb
                0x20000690        0x4 ./winc1500/driver/source/m2m_wifi.o
 .bss.gu8scanInProgress
                0x20000694        0x1 ./winc1500/driver/source/m2m_wifi.o
 *fill*         0x20000695        0x3 
 .bss.gau81xRootSha1
                0x20000698       0x14 ./winc1500/driver/source/m2m_wifi.o
 .bss.chipid.5  0x200006ac        0x4 ./winc1500/driver/source/nmasic.o
 .bss.gu8Crc_off
                0x200006b0        0x1 ./winc1500/driver/source/nmspi.o
 *fill*         0x200006b1        0x3 
 .bss.__malloc_sbrk_start
                0x200006b4        0x4 C:/ST/STM32CubeIDE_1.16.0/STM32CubeIDE/plugins/com.st.stm32cube.ide.mcu.externaltools.gnu-tools-for-stm32.12.3.rel1.win32_1.0.200.202406191623/tools/bin/../lib/gcc/arm-none-eabi/12.3.1/../../../../arm-none-eabi/lib/thumb/v8-m.main+fp/hard\libc_nano.a(libc_a-mallocr.o)
                0x200006b4                __malloc_sbrk_start
 .bss.__malloc_free_list
                0x200006b8        0x4 C:/ST/STM32CubeIDE_1.16.0/STM32CubeIDE/plugins/com.st.stm32cube.ide.mcu.externaltools.gnu-tools-for-stm32.12.3.rel1.win32_1.0.200.202406191623/tools/bin/../lib/gcc/arm-none-eabi/12.3.1/../../../../arm-none-eabi/lib/thumb/v8-m.main+fp/hard\libc_nano.a(libc_a-mallocr.o)
                0x200006b8                __malloc_free_list
 .bss.__sf      0x200006bc      0x138 C:/ST/STM32CubeIDE_1.16.0/STM32CubeIDE/plugins/com.st.stm32cube.ide.mcu.externaltools.gnu-tools-for-stm32.12.3.rel1.win32_1.0.200.202406191623/tools/bin/../lib/gcc/arm-none-eabi/12.3.1/../../../../arm-none-eabi/lib/thumb/v8-m.main+fp/hard\libc_nano.a(libc_a-findfp.o)
                0x200006bc                __sf
 .bss.__stdio_exit_handler
                0x200007f4        0x4 C:/ST/STM32CubeIDE_1.16.0/STM32CubeIDE/plugins/com.st.stm32cube.ide.mcu.externaltools.gnu-tools-for-stm32.12.3.rel1.win32_1.0.200.202406191623/tools/bin/../lib/gcc/arm-none-eabi/12.3.1/../../../../arm-none-eabi/lib/thumb/v8-m.main+fp/hard\libc_nano.a(libc_a-findfp.o)
                0x200007f4                __stdio_exit_handler
 .bss.errno     0x200007f8        0x4 C:/ST/STM32CubeIDE_1.16.0/STM32CubeIDE/plugins/com.st.stm32cube.ide.mcu.externaltools.gnu-tools-for-stm32.12.3.rel1.win32_1.0.200.202406191623/tools/bin/../lib/gcc/arm-none-eabi/12.3.1/../../../../arm-none-eabi/lib/thumb/v8-m.main+fp/hard\libc_nano.a(libc_a-reent.o)
                0x200007f8                errno
 .bss.__lock___malloc_recursive_mutex
                0x200007fc        0x1 C:/ST/STM32CubeIDE_1.16.0/STM32CubeIDE/plugins/com.st.stm32cube.ide.mcu.externaltools.gnu-tools-for-stm32.12.3.rel1.win32_1.0.200.202406191623/tools/bin/../lib/gcc/arm-none-eabi/12.3.1/../../../../arm-none-eabi/lib/thumb/v8-m.main+fp/hard\libc_nano.a(libc_a-lock.o)
                0x200007fc                __lock___malloc_recursive_mutex
 .bss.__lock___sfp_recursive_mutex
                0x200007fd        0x1 C:/ST/STM32CubeIDE_1.16.0/STM32CubeIDE/plugins/com.st.stm32cube.ide.mcu.externaltools.gnu-tools-for-stm32.12.3.rel1.win32_1.0.200.202406191623/tools/bin/../lib/gcc/arm-none-eabi/12.3.1/../../../../arm-none-eabi/lib/thumb/v8-m.main+fp/hard\libc_nano.a(libc_a-lock.o)
                0x200007fd                __lock___sfp_recursive_mutex
 *(COMMON)
                0x200007fe                        _ebss = .
                0x200007fe                        __bss_end__ = _ebss

._user_heap_stack
                0x200007fe      0x602 load address 0x08010a6c
                0x20000800                        . = ALIGN (0x8)
 *fill*         0x200007fe        0x2 
                [!provide]                        PROVIDE (end = .)
                0x20000800                        PROVIDE (_end = .)
                0x20000a00                        . = (. + _Min_Heap_Size)
 *fill*         0x20000800      0x200 
                0x20000e00                        . = (. + _Min_Stack_Size)
 *fill*         0x20000a00      0x400 
                0x20000e00                        . = ALIGN (0x8)

/DISCARD/
 libc.a(*)
 libm.a(*)
 libgcc.a(*)

.ARM.attributes
                0x00000000       0x36
 *(.ARM.attributes)
 .ARM.attributes
                0x00000000       0x26 C:/ST/STM32CubeIDE_1.16.0/STM32CubeIDE/plugins/com.st.stm32cube.ide.mcu.externaltools.gnu-tools-for-stm32.12.3.rel1.win32_1.0.200.202406191623/tools/bin/../lib/gcc/arm-none-eabi/12.3.1/thumb/v8-m.main+fp/hard/crti.o
 .ARM.attributes
                0x00000026       0x38 C:/ST/STM32CubeIDE_1.16.0/STM32CubeIDE/plugins/com.st.stm32cube.ide.mcu.externaltools.gnu-tools-for-stm32.12.3.rel1.win32_1.0.200.202406191623/tools/bin/../lib/gcc/arm-none-eabi/12.3.1/thumb/v8-m.main+fp/hard/crtbegin.o
 .ARM.attributes
                0x0000005e       0x3a ./Core/Src/main.o
 .ARM.attributes
                0x00000098       0x3a ./Core/Src/stm32u5xx_hal_msp.o
 .ARM.attributes
                0x000000d2       0x3a ./Core/Src/stm32u5xx_it.o
 .ARM.attributes
                0x0000010c       0x3a ./Core/Src/syscalls.o
 .ARM.attributes
                0x00000146       0x3a ./Core/Src/sysmem.o
 .ARM.attributes
                0x00000180       0x3a ./Core/Src/system_stm32u5xx.o
 .ARM.attributes
                0x000001ba       0x24 ./Core/Startup/startup_stm32u5a5zjtxq.o
 .ARM.attributes
                0x000001de       0x3a ./Drivers/STM32U5xx_HAL_Driver/Src/stm32u5xx_hal.o
 .ARM.attributes
                0x00000218       0x3a ./Drivers/STM32U5xx_HAL_Driver/Src/stm32u5xx_hal_adc.o
 .ARM.attributes
                0x00000252       0x3a ./Drivers/STM32U5xx_HAL_Driver/Src/stm32u5xx_hal_cortex.o
 .ARM.attributes