../Drivers/STM32U5xx_HAL_Driver/Inc/stm32u5xx_ll_adc.h:7951:22:LL_ADC_Disable	16	static
../Drivers/STM32U5xx_HAL_Driver/Inc/stm32u5xx_ll_adc.h:7968:26:LL_ADC_IsEnabled	16	static
../Drivers/STM32U5xx_HAL_Driver/Inc/stm32u5xx_ll_adc.h:8068:22:LL_ADC_REG_StartConversion	16	static
../Drivers/STM32U5xx_HAL_Driver/Inc/stm32u5xx_ll_adc.h:8086:22:LL_ADC_REG_StopConversion	16	static
../Drivers/STM32U5xx_HAL_Driver/Inc/stm32u5xx_ll_adc.h:8102:26:LL_ADC_REG_IsConversionOngoing	16	static
../Drivers/STM32U5xx_HAL_Driver/Inc/stm32u5xx_ll_adc.h:8172:26:LL_ADC_REG_ReadConversionData12	16	static
../Drivers/STM32U5xx_HAL_Driver/Inc/stm32u5xx_ll_bus.h:845:22:LL_AHB2_GRP1_EnableClock	24	static
../Drivers/STM32U5xx_HAL_Driver/Inc/stm32u5xx_ll_bus.h:992:22:LL_AHB2_GRP1_DisableClock	16	static
../Drivers/STM32U5xx_HAL_Driver/Inc/stm32u5xx_ll_bus.h:1054:22:LL_AHB2_GRP1_ForceReset	16	static
../Drivers/STM32U5xx_HAL_Driver/Inc/stm32u5xx_ll_bus.h:1116:22:LL_AHB2_GRP1_ReleaseReset	16	static
../Drivers/STM32U5xx_HAL_Driver/Inc/stm32u5xx_ll_gpio.h:283:22:LL_GPIO_SetPinMode	48	static,ignoring_inline_asm
../Drivers/STM32U5xx_HAL_Driver/Inc/stm32u5xx_ll_gpio.h:353:22:LL_GPIO_SetPinOutputType	24	static
../Drivers/STM32U5xx_HAL_Driver/Inc/stm32u5xx_ll_gpio.h:424:22:LL_GPIO_SetPinSpeed	48	static,ignoring_inline_asm
../Drivers/STM32U5xx_HAL_Driver/Inc/stm32u5xx_ll_gpio.h:496:22:LL_GPIO_SetPinPull	48	static,ignoring_inline_asm
../Drivers/STM32U5xx_HAL_Driver/Inc/stm32u5xx_ll_gpio.h:896:22:LL_GPIO_SetOutputPin	16	static
../Drivers/BSP/STM32U5xx_Nucleo/stm32u5xx_nucleo_usbpd_pwr.c:94:9:BSP_USBPD_PWR_Init	24	static
../Drivers/BSP/STM32U5xx_Nucleo/stm32u5xx_nucleo_usbpd_pwr.c:123:9:BSP_USBPD_PWR_Deinit	24	static
../Drivers/BSP/STM32U5xx_Nucleo/stm32u5xx_nucleo_usbpd_pwr.c:147:9:BSP_USBPD_PWR_VBUSInit	24	static
../Drivers/BSP/STM32U5xx_Nucleo/stm32u5xx_nucleo_usbpd_pwr.c:174:9:BSP_USBPD_PWR_VBUSDeInit	24	static
../Drivers/BSP/STM32U5xx_Nucleo/stm32u5xx_nucleo_usbpd_pwr.c:209:9:BSP_USBPD_PWR_VBUSOn	24	static
../Drivers/BSP/STM32U5xx_Nucleo/stm32u5xx_nucleo_usbpd_pwr.c:232:9:BSP_USBPD_PWR_VBUSOff	24	static
../Drivers/BSP/STM32U5xx_Nucleo/stm32u5xx_nucleo_usbpd_pwr.c:256:9:BSP_USBPD_PWR_VBUSIsOn	24	static
../Drivers/BSP/STM32U5xx_Nucleo/stm32u5xx_nucleo_usbpd_pwr.c:283:9:BSP_USBPD_PWR_VBUSSetVoltage_Fixed	32	static
../Drivers/BSP/STM32U5xx_Nucleo/stm32u5xx_nucleo_usbpd_pwr.c:312:9:BSP_USBPD_PWR_VBUSSetVoltage_Variable	32	static
../Drivers/BSP/STM32U5xx_Nucleo/stm32u5xx_nucleo_usbpd_pwr.c:347:9:BSP_USBPD_PWR_VBUSSetVoltage_Battery	32	static
../Drivers/BSP/STM32U5xx_Nucleo/stm32u5xx_nucleo_usbpd_pwr.c:385:9:BSP_USBPD_PWR_VBUSSetVoltage_APDO	32	static
../Drivers/BSP/STM32U5xx_Nucleo/stm32u5xx_nucleo_usbpd_pwr.c:418:9:BSP_USBPD_PWR_SetVBUSDisconnectionThreshold	24	static
../Drivers/BSP/STM32U5xx_Nucleo/stm32u5xx_nucleo_usbpd_pwr.c:448:9:BSP_USBPD_PWR_RegisterVBUSDetectCallback	24	static
../Drivers/BSP/STM32U5xx_Nucleo/stm32u5xx_nucleo_usbpd_pwr.c:474:9:BSP_USBPD_PWR_VBUSGetVoltage	24	static
../Drivers/BSP/STM32U5xx_Nucleo/stm32u5xx_nucleo_usbpd_pwr.c:509:9:BSP_USBPD_PWR_VBUSGetCurrent	24	static
../Drivers/BSP/STM32U5xx_Nucleo/stm32u5xx_nucleo_usbpd_pwr.c:533:9:BSP_USBPD_PWR_VBUSDischargeOn	24	static
../Drivers/BSP/STM32U5xx_Nucleo/stm32u5xx_nucleo_usbpd_pwr.c:556:9:BSP_USBPD_PWR_VBUSDischargeOff	24	static
../Drivers/BSP/STM32U5xx_Nucleo/stm32u5xx_nucleo_usbpd_pwr.c:583:9:BSP_USBPD_PWR_VCONNInit	24	static
../Drivers/BSP/STM32U5xx_Nucleo/stm32u5xx_nucleo_usbpd_pwr.c:612:9:BSP_USBPD_PWR_VCONNDeInit	24	static
../Drivers/BSP/STM32U5xx_Nucleo/stm32u5xx_nucleo_usbpd_pwr.c:641:9:BSP_USBPD_PWR_VCONNOn	24	static
../Drivers/BSP/STM32U5xx_Nucleo/stm32u5xx_nucleo_usbpd_pwr.c:670:9:BSP_USBPD_PWR_VCONNOff	24	static
../Drivers/BSP/STM32U5xx_Nucleo/stm32u5xx_nucleo_usbpd_pwr.c:700:9:BSP_USBPD_PWR_VCONNIsOn	32	static
../Drivers/BSP/STM32U5xx_Nucleo/stm32u5xx_nucleo_usbpd_pwr.c:726:9:BSP_USBPD_PWR_VCONNDischargeOn	24	static
../Drivers/BSP/STM32U5xx_Nucleo/stm32u5xx_nucleo_usbpd_pwr.c:749:9:BSP_USBPD_PWR_VCONNDischargeOff	24	static
../Drivers/BSP/STM32U5xx_Nucleo/stm32u5xx_nucleo_usbpd_pwr.c:773:13:MX_ADC1_Init	48	static
