../winc1500/driver/source/m2m_wifi.c:89:13:m2m_wifi_cb	192	static
../winc1500/driver/source/m2m_wifi.c:290:7:m2m_wifi_download_mode	16	static
../winc1500/driver/source/m2m_wifi.c:304:14:m2m_validate_ap_parameters	24	static
../winc1500/driver/source/m2m_wifi.c:370:14:m2m_validate_scan_options	24	static
../winc1500/driver/source/m2m_wifi.c:412:7:m2m_wifi_send_crl	40	static
../winc1500/driver/source/m2m_wifi.c:419:7:m2m_wifi_init_hold	16	static
../winc1500/driver/source/m2m_wifi.c:432:7:m2m_wifi_init_start	72	static
../winc1500/driver/source/m2m_wifi.c:488:7:m2m_wifi_init	24	static
../winc1500/driver/source/m2m_wifi.c:500:8:m2m_wifi_deinit	16	static
../winc1500/driver/source/m2m_wifi.c:510:6:m2m_wifi_yield	8	static
../winc1500/driver/source/m2m_wifi.c:515:7:m2m_wifi_handle_events	16	static
../winc1500/driver/source/m2m_wifi.c:520:7:m2m_wifi_delete_sc	72	static
../winc1500/driver/source/m2m_wifi.c:538:7:m2m_wifi_default_connect	24	static
../winc1500/driver/source/m2m_wifi.c:546:14:m2m_wifi_connect_prepare_msg	32	static
../winc1500/driver/source/m2m_wifi.c:616:7:m2m_wifi_connect_open	88	static
../winc1500/driver/source/m2m_wifi.c:634:7:m2m_wifi_connect_wep	24	static
../winc1500/driver/source/m2m_wifi.c:644:7:m2m_wifi_connect_psk	96	static
../winc1500/driver/source/m2m_wifi.c:708:7:m2m_wifi_1x_set_option	24	static
../winc1500/driver/source/m2m_wifi.c:786:7:m2m_wifi_1x_get_option	24	static
../winc1500/driver/source/m2m_wifi.c:832:7:m2m_wifi_connect_1x_mschap2	104	static
../winc1500/driver/source/m2m_wifi.c:910:7:m2m_wifi_connect_1x_tls	112	static
../winc1500/driver/source/m2m_wifi.c:1012:7:m2m_wifi_connect	32	static
../winc1500/driver/source/m2m_wifi.c:1017:7:m2m_wifi_connect_sc	96	static
../winc1500/driver/source/m2m_wifi.c:1085:7:m2m_wifi_disconnect	24	static
../winc1500/driver/source/m2m_wifi.c:1090:7:m2m_wifi_set_mac_address	40	static
../winc1500/driver/source/m2m_wifi.c:1098:7:m2m_wifi_set_static_ip	32	static
../winc1500/driver/source/m2m_wifi.c:1110:7:m2m_wifi_request_dhcp_client	4	static
../winc1500/driver/source/m2m_wifi.c:1116:7:m2m_wifi_request_dhcp_server	16	static
../winc1500/driver/source/m2m_wifi.c:1133:7:m2m_wifi_enable_dhcp	40	static
../winc1500/driver/source/m2m_wifi.c:1140:7:m2m_wifi_set_lsn_int	32	static
../winc1500/driver/source/m2m_wifi.c:1145:7:m2m_wifi_set_cust_InfoElement	40	static
../winc1500/driver/source/m2m_wifi.c:1158:7:m2m_wifi_set_scan_options	40	static
../winc1500/driver/source/m2m_wifi.c:1168:7:m2m_wifi_set_stop_scan_on_first	40	static
../winc1500/driver/source/m2m_wifi.c:1190:7:m2m_wifi_set_scan_region	40	static
../winc1500/driver/source/m2m_wifi.c:1198:7:m2m_wifi_request_scan	40	static
../winc1500/driver/source/m2m_wifi.c:1226:7:m2m_wifi_request_scan_passive	40	static
../winc1500/driver/source/m2m_wifi.c:1257:7:m2m_wifi_request_scan_ssid_list	48	static
../winc1500/driver/source/m2m_wifi.c:1296:7:m2m_wifi_wps	48	static
../winc1500/driver/source/m2m_wifi.c:1309:7:m2m_wifi_wps_disable	32	static
../winc1500/driver/source/m2m_wifi.c:1326:7:m2m_wifi_req_client_ctrl	24	static
../winc1500/driver/source/m2m_wifi.c:1349:7:m2m_wifi_req_server_init	24	static
../winc1500/driver/source/m2m_wifi.c:1362:7:m2m_wifi_p2p	40	static
../winc1500/driver/source/m2m_wifi.c:1379:7:m2m_wifi_p2p_disconnect	32	static
../winc1500/driver/source/m2m_wifi.c:1386:7:m2m_wifi_enable_ap	168	static
../winc1500/driver/source/m2m_wifi.c:1399:7:m2m_wifi_enable_ap_ext	40	static
../winc1500/driver/source/m2m_wifi.c:1409:7:m2m_wifi_set_gains	40	static
../winc1500/driver/source/m2m_wifi.c:1419:7:m2m_wifi_disable_ap	32	static
../winc1500/driver/source/m2m_wifi.c:1433:7:m2m_wifi_req_curr_rssi	32	static
../winc1500/driver/source/m2m_wifi.c:1439:7:m2m_wifi_send_ethernet_pkt	40	static
../winc1500/driver/source/m2m_wifi.c:1467:7:m2m_wifi_get_otp_mac_address	24	static
../winc1500/driver/source/m2m_wifi.c:1492:7:m2m_wifi_get_mac_address	24	static
../winc1500/driver/source/m2m_wifi.c:1523:7:m2m_wifi_req_scan_result	40	static
../winc1500/driver/source/m2m_wifi.c:1544:7:m2m_wifi_get_num_ap_found	4	static
../winc1500/driver/source/m2m_wifi.c:1555:7:m2m_wifi_get_sleep_mode	8	static
../winc1500/driver/source/m2m_wifi.c:1574:7:m2m_wifi_set_sleep_mode	40	static
../winc1500/driver/source/m2m_wifi.c:1595:7:m2m_wifi_request_sleep	40	static
../winc1500/driver/source/m2m_wifi.c:1619:7:m2m_wifi_set_device_name	80	static
../winc1500/driver/source/m2m_wifi.c:1645:7:m2m_wifi_configure_sntp	72	static
../winc1500/driver/source/m2m_wifi.c:1659:7:m2m_wifi_get_firmware_version	24	static
../winc1500/driver/source/m2m_wifi.c:1671:7:m2m_wifi_start_provision_mode	176	static
../winc1500/driver/source/m2m_wifi.c:1684:7:m2m_wifi_start_provision_mode_ext	264	static
../winc1500/driver/source/m2m_wifi.c:1718:7:m2m_wifi_stop_provision_mode	24	static
../winc1500/driver/source/m2m_wifi.c:1723:7:m2m_wifi_get_connection_info	24	static
../winc1500/driver/source/m2m_wifi.c:1728:7:m2m_wifi_set_system_time	32	static
../winc1500/driver/source/m2m_wifi.c:1743:7:m2m_wifi_get_system_time	24	static
../winc1500/driver/source/m2m_wifi.c:1748:7:m2m_wifi_enable_sntp	40	static
../winc1500/driver/source/m2m_wifi.c:1766:7:m2m_wifi_set_power_profile	40	static
../winc1500/driver/source/m2m_wifi.c:1785:7:m2m_wifi_set_tx_power	40	static
../winc1500/driver/source/m2m_wifi.c:1804:7:m2m_wifi_set_gain_table_idx	40	static
../winc1500/driver/source/m2m_wifi.c:1824:7:m2m_wifi_enable_firmware_logs	40	static
../winc1500/driver/source/m2m_wifi.c:1844:7:m2m_wifi_set_battery_voltage	40	static
../winc1500/driver/source/m2m_wifi.c:1862:7:m2m_wifi_prng_get_random_bytes	48	static
../winc1500/driver/source/m2m_wifi.c:1905:15:m2m_wifi_conf_auto_rate	40	static
../winc1500/driver/source/m2m_wifi.c:1977:7:m2m_wifi_reinit	24	static
../winc1500/driver/source/m2m_wifi.c:1986:7:m2m_wifi_reinit_hold	8	static
../winc1500/driver/source/m2m_wifi.c:1992:7:m2m_wifi_reinit_start	16	static
../winc1500/driver/source/m2m_wifi.c:1997:7:m2m_wifi_get_state	4	static
../winc1500/driver/source/m2m_wifi.c:2002:7:m2m_wifi_enable_roaming	40	static
../winc1500/driver/source/m2m_wifi.c:2018:7:m2m_wifi_disable_roaming	32	static
../winc1500/driver/source/m2m_wifi.c:2025:7:m2m_wifi_enable_XO_during_sleep	40	static
