../Drivers/CMSIS/Include/core_cm33.h:3212:26:ITM_SendChar	16	static,ignoring_inline_asm
../Core/Src/main.c:100:6:EXTI12_IRQHandler	16	static
../Core/Src/main.c:114:6:HAL_GPIO_EXTI_Callback	16	static
../Core/Src/main.c:142:13:socket_cb	24	static
../Core/Src/main.c:192:13:wifi_cb	32	static
../Core/Src/main.c:229:5:main	72	static
../Core/Src/main.c:357:6:SystemClock_Config	128	static
../Core/Src/main.c:404:13:SystemPower_Config	16	static
../Core/Src/main.c:430:13:MX_ADC1_Init	40	static
../Core/Src/main.c:492:13:MX_AES_Init	8	static
../Core/Src/main.c:529:13:MX_I2C1_Init	8	static
../Core/Src/main.c:577:13:MX_ICACHE_Init	8	static
../Core/Src/main.c:609:13:MX_SPI1_Init	24	static
../Core/Src/main.c:666:13:MX_UART4_Init	8	static
../Core/Src/main.c:714:13:MX_USART1_UART_Init	8	static
../Core/Src/main.c:762:13:MX_GPIO_Init	48	static
../Core/Src/main.c:832:5:_write	32	static
../Core/Src/main.c:844:6:Error_Handler	4	static,ignoring_inline_asm
