../winc1500/bsp/source/nm_bsp_stm32u5a5.c:55:13:init_chip_pins	32	static
../winc1500/bsp/source/nm_bsp_stm32u5a5.c:93:7:nm_bsp_init	8	static
../winc1500/bsp/source/nm_bsp_stm32u5a5.c:109:7:nm_bsp_deinit	8	static
../winc1500/bsp/source/nm_bsp_stm32u5a5.c:129:6:nm_bsp_reset	8	static
../winc1500/bsp/source/nm_bsp_stm32u5a5.c:158:6:nm_bsp_sleep	16	static
../winc1500/bsp/source/nm_bsp_stm32u5a5.c:170:6:nm_bsp_register_isr	40	static
../winc1500/bsp/source/nm_bsp_stm32u5a5.c:214:6:nm_bsp_interrupt_ctrl	16	static
